<?xml version="1.0" encoding="ISO-8859-1" ?>
<link_info>
   <banner>TI ARM Linker PC v20.2.4.LTS</banner>
   <copyright>Copyright (c) 1996-2018 Texas Instruments Incorporated</copyright>
   <link_time>0x61575494</link_time>
   <link_errors>0x0</link_errors>
   <output_file>LedConTrol.out</output_file>
   <entry_point>
      <name>_c_int00_noargs</name>
      <address>0x1fe1</address>
   </entry_point>
   <input_file_list>
      <input_file id="fl-2">
         <path>.\</path>
         <kind>object</kind>
         <file>main.obj</file>
         <name>main.obj</name>
      </input_file>
      <input_file id="fl-3">
         <path>.\</path>
         <kind>object</kind>
         <file>tm4c123gh6pm_startup_ccs.obj</file>
         <name>tm4c123gh6pm_startup_ccs.obj</name>
      </input_file>
      <input_file id="fl-4">
         <path>.\</path>
         <kind>object</kind>
         <file>uartstudio.obj</file>
         <name>uartstudio.obj</name>
      </input_file>
      <input_file id="fl-5">
         <path>.\Library\</path>
         <kind>object</kind>
         <file>Mfrc522.obj</file>
         <name>Mfrc522.obj</name>
      </input_file>
      <input_file id="fl-6">
         <path>.\Library\</path>
         <kind>object</kind>
         <file>lcd.obj</file>
         <name>lcd.obj</name>
      </input_file>
      <input_file id="fl-b">
         <kind>object</kind>
         <file>&lt;internal&gt;</file>
         <name>&lt;internal&gt;</name>
      </input_file>
      <input_file id="fl-c">
         <path>D:\ti\TivaWare_C_Series-2.1.2.111\driverlib\ccs\Debug\</path>
         <kind>archive</kind>
         <file>driverlib.lib</file>
         <name>gpio.obj</name>
      </input_file>
      <input_file id="fl-d">
         <path>D:\ti\TivaWare_C_Series-2.1.2.111\driverlib\ccs\Debug\</path>
         <kind>archive</kind>
         <file>driverlib.lib</file>
         <name>interrupt.obj</name>
      </input_file>
      <input_file id="fl-e">
         <path>D:\ti\TivaWare_C_Series-2.1.2.111\driverlib\ccs\Debug\</path>
         <kind>archive</kind>
         <file>driverlib.lib</file>
         <name>ssi.obj</name>
      </input_file>
      <input_file id="fl-f">
         <path>D:\ti\TivaWare_C_Series-2.1.2.111\driverlib\ccs\Debug\</path>
         <kind>archive</kind>
         <file>driverlib.lib</file>
         <name>sysctl.obj</name>
      </input_file>
      <input_file id="fl-10">
         <path>D:\ti\TivaWare_C_Series-2.1.2.111\driverlib\ccs\Debug\</path>
         <kind>archive</kind>
         <file>driverlib.lib</file>
         <name>uart.obj</name>
      </input_file>
      <input_file id="fl-11">
         <path>D:\ti\TivaWare_C_Series-2.1.2.111\driverlib\ccs\Debug\</path>
         <kind>archive</kind>
         <file>driverlib.lib</file>
         <name>cpu.obj</name>
      </input_file>
      <input_file id="fl-c7">
         <path>D:\ti\ccs1031\ccs\tools\compiler\ti-cgt-arm_20.2.4.LTS\lib\</path>
         <kind>archive</kind>
         <file>rtsv7M4_T_le_v4SPD16_eabi.lib</file>
         <name>u_divt2.asm.obj</name>
      </input_file>
      <input_file id="fl-c8">
         <path>D:\ti\ccs1031\ccs\tools\compiler\ti-cgt-arm_20.2.4.LTS\lib\</path>
         <kind>archive</kind>
         <file>rtsv7M4_T_le_v4SPD16_eabi.lib</file>
         <name>copy_zero_init.c.obj</name>
      </input_file>
      <input_file id="fl-c9">
         <path>D:\ti\ccs1031\ccs\tools\compiler\ti-cgt-arm_20.2.4.LTS\lib\</path>
         <kind>archive</kind>
         <file>rtsv7M4_T_le_v4SPD16_eabi.lib</file>
         <name>copy_decompress_none.c.obj</name>
      </input_file>
      <input_file id="fl-ca">
         <path>D:\ti\ccs1031\ccs\tools\compiler\ti-cgt-arm_20.2.4.LTS\lib\</path>
         <kind>archive</kind>
         <file>rtsv7M4_T_le_v4SPD16_eabi.lib</file>
         <name>copy_decompress_lzss.c.obj</name>
      </input_file>
      <input_file id="fl-cb">
         <path>D:\ti\ccs1031\ccs\tools\compiler\ti-cgt-arm_20.2.4.LTS\lib\</path>
         <kind>archive</kind>
         <file>rtsv7M4_T_le_v4SPD16_eabi.lib</file>
         <name>boot_cortex_m.c.obj</name>
      </input_file>
      <input_file id="fl-cc">
         <path>D:\ti\ccs1031\ccs\tools\compiler\ti-cgt-arm_20.2.4.LTS\lib\</path>
         <kind>archive</kind>
         <file>rtsv7M4_T_le_v4SPD16_eabi.lib</file>
         <name>div0.asm.obj</name>
      </input_file>
      <input_file id="fl-cd">
         <path>D:\ti\ccs1031\ccs\tools\compiler\ti-cgt-arm_20.2.4.LTS\lib\</path>
         <kind>archive</kind>
         <file>rtsv7M4_T_le_v4SPD16_eabi.lib</file>
         <name>memset_t2.asm.obj</name>
      </input_file>
      <input_file id="fl-ce">
         <path>D:\ti\ccs1031\ccs\tools\compiler\ti-cgt-arm_20.2.4.LTS\lib\</path>
         <kind>archive</kind>
         <file>rtsv7M4_T_le_v4SPD16_eabi.lib</file>
         <name>memcpy_t2.asm.obj</name>
      </input_file>
      <input_file id="fl-cf">
         <path>D:\ti\ccs1031\ccs\tools\compiler\ti-cgt-arm_20.2.4.LTS\lib\</path>
         <kind>archive</kind>
         <file>rtsv7M4_T_le_v4SPD16_eabi.lib</file>
         <name>autoinit.c.obj</name>
      </input_file>
      <input_file id="fl-d0">
         <path>D:\ti\ccs1031\ccs\tools\compiler\ti-cgt-arm_20.2.4.LTS\lib\</path>
         <kind>archive</kind>
         <file>rtsv7M4_T_le_v4SPD16_eabi.lib</file>
         <name>pre_init.c.obj</name>
      </input_file>
      <input_file id="fl-d1">
         <path>D:\ti\ccs1031\ccs\tools\compiler\ti-cgt-arm_20.2.4.LTS\lib\</path>
         <kind>archive</kind>
         <file>rtsv7M4_T_le_v4SPD16_eabi.lib</file>
         <name>cpy_tbl.c.obj</name>
      </input_file>
      <input_file id="fl-d2">
         <path>D:\ti\ccs1031\ccs\tools\compiler\ti-cgt-arm_20.2.4.LTS\lib\</path>
         <kind>archive</kind>
         <file>rtsv7M4_T_le_v4SPD16_eabi.lib</file>
         <name>exit.c.obj</name>
      </input_file>
      <input_file id="fl-d3">
         <path>D:\ti\ccs1031\ccs\tools\compiler\ti-cgt-arm_20.2.4.LTS\lib\</path>
         <kind>archive</kind>
         <file>rtsv7M4_T_le_v4SPD16_eabi.lib</file>
         <name>_lock.c.obj</name>
      </input_file>
      <input_file id="fl-d4">
         <path>D:\ti\ccs1031\ccs\tools\compiler\ti-cgt-arm_20.2.4.LTS\lib\</path>
         <kind>archive</kind>
         <file>rtsv7M4_T_le_v4SPD16_eabi.lib</file>
         <name>args_main.c.obj</name>
      </input_file>
   </input_file_list>
   <object_component_list>
      <object_component id="oc-12">
         <name>.intvecs</name>
         <load_address>0x0</load_address>
         <run_address>0x0</run_address>
         <size>0x26c</size>
         <input_file_ref idref="fl-3"/>
      </object_component>
      <object_component id="oc-12c">
         <name>.text</name>
         <load_address>0x26c</load_address>
         <run_address>0x26c</run_address>
         <size>0x804</size>
         <input_file_ref idref="fl-5"/>
      </object_component>
      <object_component id="oc-126">
         <name>.text</name>
         <load_address>0xa70</load_address>
         <run_address>0xa70</run_address>
         <size>0x4f4</size>
         <input_file_ref idref="fl-6"/>
      </object_component>
      <object_component id="oc-6c">
         <name>.text</name>
         <load_address>0xf64</load_address>
         <run_address>0xf64</run_address>
         <size>0x4f0</size>
         <input_file_ref idref="fl-2"/>
      </object_component>
      <object_component id="oc-d2">
         <name>.text</name>
         <load_address>0x1454</load_address>
         <run_address>0x1454</run_address>
         <size>0x49c</size>
         <input_file_ref idref="fl-4"/>
      </object_component>
      <object_component id="oc-1b8">
         <name>.text:GPIOPadConfigSet</name>
         <load_address>0x18f0</load_address>
         <run_address>0x18f0</run_address>
         <size>0x132</size>
         <input_file_ref idref="fl-c"/>
      </object_component>
      <object_component id="oc-29c">
         <name>.text</name>
         <load_address>0x1a22</load_address>
         <run_address>0x1a22</run_address>
         <size>0x2</size>
         <input_file_ref idref="fl-cc"/>
      </object_component>
      <object_component id="oc-102">
         <name>.text:SysCtlClockGet</name>
         <load_address>0x1a24</load_address>
         <run_address>0x1a24</run_address>
         <size>0x110</size>
         <input_file_ref idref="fl-f"/>
      </object_component>
      <object_component id="oc-11a">
         <name>.text:SysCtlClockSet</name>
         <load_address>0x1b34</load_address>
         <run_address>0x1b34</run_address>
         <size>0xf4</size>
         <input_file_ref idref="fl-f"/>
      </object_component>
      <object_component id="oc-3c">
         <name>.text</name>
         <load_address>0x1c28</load_address>
         <run_address>0x1c28</run_address>
         <size>0x9c</size>
         <input_file_ref idref="fl-ce"/>
      </object_component>
      <object_component id="oc-f0">
         <name>.text:IntEnable</name>
         <load_address>0x1cc4</load_address>
         <run_address>0x1cc4</run_address>
         <size>0x68</size>
         <input_file_ref idref="fl-d"/>
      </object_component>
      <object_component id="oc-15">
         <name>.text:decompress:lzss:__TI_decompress_lzss</name>
         <load_address>0x1d2c</load_address>
         <run_address>0x1d2c</run_address>
         <size>0x68</size>
         <input_file_ref idref="fl-ca"/>
      </object_component>
      <object_component id="oc-180">
         <name>.text:__TI_auto_init_nobinit:__TI_auto_init_nobinit</name>
         <load_address>0x1d94</load_address>
         <run_address>0x1d94</run_address>
         <size>0x60</size>
         <input_file_ref idref="fl-cf"/>
      </object_component>
      <object_component id="oc-d8">
         <name>.text:GPIOPinConfigure</name>
         <load_address>0x1df4</load_address>
         <run_address>0x1df4</run_address>
         <size>0x48</size>
         <input_file_ref idref="fl-c"/>
      </object_component>
      <object_component id="oc-1cc">
         <name>.text:UARTConfigSetExpClk</name>
         <load_address>0x1e3c</load_address>
         <run_address>0x1e3c</run_address>
         <size>0x46</size>
         <input_file_ref idref="fl-10"/>
      </object_component>
      <object_component id="oc-1fc">
         <name>.text:_UARTIntNumberGet</name>
         <load_address>0x1e84</load_address>
         <run_address>0x1e84</run_address>
         <size>0x40</size>
         <input_file_ref idref="fl-10"/>
      </object_component>
      <object_component id="oc-1e7">
         <name>.text</name>
         <load_address>0x1ec4</load_address>
         <run_address>0x1ec4</run_address>
         <size>0x40</size>
         <input_file_ref idref="fl-c7"/>
      </object_component>
      <object_component id="oc-108">
         <name>.text:SSIConfigSetExpClk</name>
         <load_address>0x1f04</load_address>
         <run_address>0x1f04</run_address>
         <size>0x3c</size>
         <input_file_ref idref="fl-e"/>
      </object_component>
      <object_component id="oc-1c6">
         <name>.text:SysCtlPeripheralPresent</name>
         <load_address>0x1f40</load_address>
         <run_address>0x1f40</run_address>
         <size>0x38</size>
         <input_file_ref idref="fl-f"/>
      </object_component>
      <object_component id="oc-202">
         <name>.text:IntRegister</name>
         <load_address>0x1f78</load_address>
         <run_address>0x1f78</run_address>
         <size>0x34</size>
         <input_file_ref idref="fl-d"/>
      </object_component>
      <object_component id="oc-c6">
         <name>.text:SysCtlPeripheralEnable</name>
         <load_address>0x1fac</load_address>
         <run_address>0x1fac</run_address>
         <size>0x34</size>
         <input_file_ref idref="fl-f"/>
      </object_component>
      <object_component id="oc-5a">
         <name>.text:_c_int00_noargs:_c_int00_noargs</name>
         <load_address>0x1fe0</load_address>
         <run_address>0x1fe0</run_address>
         <size>0x34</size>
         <input_file_ref idref="fl-cb"/>
      </object_component>
      <object_component id="oc-1be">
         <name>.text:GPIODirModeSet</name>
         <load_address>0x2014</load_address>
         <run_address>0x2014</run_address>
         <size>0x2a</size>
         <input_file_ref idref="fl-c"/>
      </object_component>
      <object_component id="oc-28d">
         <name>.text:UARTDisable</name>
         <load_address>0x2040</load_address>
         <run_address>0x2040</run_address>
         <size>0x20</size>
         <input_file_ref idref="fl-10"/>
      </object_component>
      <object_component id="oc-48">
         <name>.text:decompress:ZI:__TI_zero_init_nomemset:__TI_zero_init_nomemset</name>
         <load_address>0x2060</load_address>
         <run_address>0x2060</run_address>
         <size>0x1c</size>
         <input_file_ref idref="fl-c8"/>
      </object_component>
      <object_component id="oc-cc">
         <name>.text:GPIOPinTypeGPIOOutput</name>
         <load_address>0x207c</load_address>
         <run_address>0x207c</run_address>
         <size>0x18</size>
         <input_file_ref idref="fl-c"/>
      </object_component>
      <object_component id="oc-ea">
         <name>.text:UARTIntRegister</name>
         <load_address>0x2094</load_address>
         <run_address>0x2094</run_address>
         <size>0x18</size>
         <input_file_ref idref="fl-10"/>
      </object_component>
      <object_component id="oc-1d2">
         <name>.text:UARTEnable</name>
         <load_address>0x20ac</load_address>
         <run_address>0x20ac</run_address>
         <size>0x14</size>
         <input_file_ref idref="fl-10"/>
      </object_component>
      <object_component id="oc-fc">
         <name>.text:GPIOPinTypeSSI</name>
         <load_address>0x20c0</load_address>
         <run_address>0x20c0</run_address>
         <size>0x12</size>
         <input_file_ref idref="fl-c"/>
      </object_component>
      <object_component id="oc-e4">
         <name>.text:GPIOPinTypeUART</name>
         <load_address>0x20d2</load_address>
         <run_address>0x20d2</run_address>
         <size>0x12</size>
         <input_file_ref idref="fl-c"/>
      </object_component>
      <object_component id="oc-114">
         <name>.text:SSIDataGetNonBlocking</name>
         <load_address>0x20e4</load_address>
         <run_address>0x20e4</run_address>
         <size>0x12</size>
         <input_file_ref idref="fl-e"/>
      </object_component>
      <object_component id="oc-120">
         <name>.text:IntMasterDisable</name>
         <load_address>0x20f6</load_address>
         <run_address>0x20f6</run_address>
         <size>0x10</size>
         <input_file_ref idref="fl-d"/>
      </object_component>
      <object_component id="oc-138">
         <name>.text:IntMasterEnable</name>
         <load_address>0x2106</load_address>
         <run_address>0x2106</run_address>
         <size>0x10</size>
         <input_file_ref idref="fl-d"/>
      </object_component>
      <object_component id="oc-b4">
         <name>.text:UARTCharsAvail</name>
         <load_address>0x2116</load_address>
         <run_address>0x2116</run_address>
         <size>0xe</size>
         <input_file_ref idref="fl-10"/>
      </object_component>
      <object_component id="oc-1b">
         <name>.text:decompress:none:__TI_decompress_none</name>
         <load_address>0x2124</load_address>
         <run_address>0x2124</run_address>
         <size>0xe</size>
         <input_file_ref idref="fl-c9"/>
      </object_component>
      <object_component id="oc-219">
         <name>.text:CPUcpsid</name>
         <load_address>0x2132</load_address>
         <run_address>0x2132</run_address>
         <size>0xc</size>
         <input_file_ref idref="fl-11"/>
      </object_component>
      <object_component id="oc-23e">
         <name>.text:CPUcpsie</name>
         <load_address>0x213e</load_address>
         <run_address>0x213e</run_address>
         <size>0xc</size>
         <input_file_ref idref="fl-11"/>
      </object_component>
      <object_component id="oc-22f">
         <name>.text:SSIDataGet</name>
         <load_address>0x214a</load_address>
         <run_address>0x214a</run_address>
         <size>0xc</size>
         <input_file_ref idref="fl-e"/>
      </object_component>
      <object_component id="oc-28">
         <name>.text</name>
         <load_address>0x2156</load_address>
         <run_address>0x2156</run_address>
         <size>0xc</size>
         <input_file_ref idref="fl-3"/>
      </object_component>
      <object_component id="oc-223">
         <name>.text:SSIDataPut</name>
         <load_address>0x2162</load_address>
         <run_address>0x2162</run_address>
         <size>0xa</size>
         <input_file_ref idref="fl-e"/>
      </object_component>
      <object_component id="oc-10e">
         <name>.text:SSIEnable</name>
         <load_address>0x216c</load_address>
         <run_address>0x216c</run_address>
         <size>0xa</size>
         <input_file_ref idref="fl-e"/>
      </object_component>
      <object_component id="oc-ae">
         <name>.text:UARTCharGet</name>
         <load_address>0x2176</load_address>
         <run_address>0x2176</run_address>
         <size>0xa</size>
         <input_file_ref idref="fl-10"/>
      </object_component>
      <object_component id="oc-1d8">
         <name>.text:UARTCharPut</name>
         <load_address>0x2180</load_address>
         <run_address>0x2180</run_address>
         <size>0xa</size>
         <input_file_ref idref="fl-10"/>
      </object_component>
      <object_component id="oc-ba">
         <name>.text:UARTIntStatus</name>
         <load_address>0x218a</load_address>
         <run_address>0x218a</run_address>
         <size>0xa</size>
         <input_file_ref idref="fl-10"/>
      </object_component>
      <object_component id="oc-229">
         <name>.text:SSIBusy</name>
         <load_address>0x2194</load_address>
         <run_address>0x2194</run_address>
         <size>0x8</size>
         <input_file_ref idref="fl-e"/>
      </object_component>
      <object_component id="oc-f6">
         <name>.text:UARTIntEnable</name>
         <load_address>0x219c</load_address>
         <run_address>0x219c</run_address>
         <size>0x8</size>
         <input_file_ref idref="fl-10"/>
      </object_component>
      <object_component id="oc-132">
         <name>.text:GPIOPinWrite</name>
         <load_address>0x21a4</load_address>
         <run_address>0x21a4</run_address>
         <size>0x6</size>
         <input_file_ref idref="fl-c"/>
      </object_component>
      <object_component id="oc-13e">
         <name>.text:SysCtlDelay</name>
         <load_address>0x21aa</load_address>
         <run_address>0x21aa</run_address>
         <size>0x6</size>
         <input_file_ref idref="fl-f"/>
      </object_component>
      <object_component id="oc-de">
         <name>.text:UARTClockSourceSet</name>
         <load_address>0x21b0</load_address>
         <run_address>0x21b0</run_address>
         <size>0x6</size>
         <input_file_ref idref="fl-10"/>
      </object_component>
      <object_component id="oc-c0">
         <name>.text:UARTIntClear</name>
         <load_address>0x21b6</load_address>
         <run_address>0x21b6</run_address>
         <size>0x4</size>
         <input_file_ref idref="fl-10"/>
      </object_component>
      <object_component id="oc-9c">
         <name>.text:_system_pre_init</name>
         <load_address>0x21ba</load_address>
         <run_address>0x21ba</run_address>
         <size>0x4</size>
         <input_file_ref idref="fl-d0"/>
      </object_component>
      <object_component id="oc-16e">
         <name>.text:abort:abort</name>
         <load_address>0x21be</load_address>
         <run_address>0x21be</run_address>
         <size>0x4</size>
         <input_file_ref idref="fl-d2"/>
      </object_component>
      <object_component id="oc-1f6">
         <name>.const:g_pui32GPIOBaseAddrs</name>
         <load_address>0x21c4</load_address>
         <run_address>0x21c4</run_address>
         <size>0x90</size>
         <input_file_ref idref="fl-c"/>
      </object_component>
      <object_component id="oc-209">
         <name>.const</name>
         <load_address>0x2254</load_address>
         <run_address>0x2254</run_address>
         <size>0x70</size>
         <input_file_ref idref="fl-d"/>
      </object_component>
      <object_component id="oc-210">
         <name>.const:g_pui32Xtals</name>
         <load_address>0x22c4</load_address>
         <run_address>0x22c4</run_address>
         <size>0x6c</size>
         <input_file_ref idref="fl-f"/>
      </object_component>
      <object_component id="oc-2a9">
         <name>.const:g_ppui32UARTIntMap</name>
         <load_address>0x2330</load_address>
         <run_address>0x2330</run_address>
         <size>0x40</size>
         <input_file_ref idref="fl-10"/>
      </object_component>
      <object_component id="oc-2ac">
         <name>.const:g_ppui32UARTIntMapSnowflake</name>
         <load_address>0x2370</load_address>
         <run_address>0x2370</run_address>
         <size>0x40</size>
         <input_file_ref idref="fl-10"/>
      </object_component>
      <object_component id="oc-2a2">
         <name>.const:.string</name>
         <load_address>0x23b0</load_address>
         <run_address>0x23b0</run_address>
         <size>0x12</size>
         <input_file_ref idref="fl-4"/>
      </object_component>
      <object_component id="oc-1e4">
         <name>.const:g_ui32UARTBase</name>
         <load_address>0x23c4</load_address>
         <run_address>0x23c4</run_address>
         <size>0xc</size>
         <input_file_ref idref="fl-4"/>
      </object_component>
      <object_component id="oc-1de">
         <name>.const:g_ui32UARTPeriph</name>
         <load_address>0x23d0</load_address>
         <run_address>0x23d0</run_address>
         <size>0xc</size>
         <input_file_ref idref="fl-4"/>
      </object_component>
      <object_component id="oc-1ec">
         <name>.const</name>
         <load_address>0x23dc</load_address>
         <run_address>0x23dc</run_address>
         <size>0x4</size>
         <input_file_ref idref="fl-4"/>
      </object_component>
      <object_component id="oc-329">
         <name>.cinit..data.load</name>
         <load_address>0x23e8</load_address>
         <run_address>0x23e8</run_address>
         <size>0xd</size>
      </object_component>
      <object_component id="oc-326">
         <name>__TI_handler_table</name>
         <load_address>0x23f8</load_address>
         <run_address>0x23f8</run_address>
         <size>0xc</size>
      </object_component>
      <object_component id="oc-32a">
         <name>.cinit..bss.load</name>
         <load_address>0x2408</load_address>
         <run_address>0x2408</run_address>
         <size>0x8</size>
      </object_component>
      <object_component id="oc-328">
         <name>.cinit..vtable.load</name>
         <load_address>0x2410</load_address>
         <run_address>0x2410</run_address>
         <size>0x8</size>
      </object_component>
      <object_component id="oc-327">
         <name>__TI_cinit_table</name>
         <load_address>0x2418</load_address>
         <run_address>0x2418</run_address>
         <size>0x18</size>
      </object_component>
      <object_component id="oc-24">
         <name>.init_array</name>
         <load_address>0x23e0</load_address>
         <run_address>0x23e0</run_address>
         <size>0x4</size>
         <input_file_ref idref="fl-2"/>
      </object_component>
      <object_component id="oc-32b">
         <name>SHT$$INIT_ARRAY$$Limit</name>
         <load_address>0x23e4</load_address>
         <run_address>0x23e4</run_address>
         <size>0x0</size>
      </object_component>
      <object_component id="oc-2b0">
         <name>.vtable</name>
         <uninitialized>true</uninitialized>
         <run_address>0x20000000</run_address>
         <size>0x26c</size>
         <input_file_ref idref="fl-d"/>
      </object_component>
      <object_component id="oc-13f">
         <name>.data</name>
         <load_address>0x200004f8</load_address>
         <run_address>0x200004f8</run_address>
         <size>0xa</size>
         <input_file_ref idref="fl-2"/>
      </object_component>
      <object_component id="oc-1e1">
         <name>.data</name>
         <load_address>0x20000504</load_address>
         <run_address>0x20000504</run_address>
         <size>0x5</size>
         <input_file_ref idref="fl-4"/>
      </object_component>
      <object_component id="oc-147">
         <name>.bss:Mfrc522</name>
         <uninitialized>true</uninitialized>
         <run_address>0x200004e4</run_address>
         <size>0x8</size>
         <input_file_ref idref="fl-2"/>
      </object_component>
      <object_component id="oc-14a">
         <name>.common:Version</name>
         <uninitialized>true</uninitialized>
         <run_address>0x200004f5</run_address>
         <size>0x1</size>
      </object_component>
      <object_component id="oc-14b">
         <name>.common:AntennaGain</name>
         <uninitialized>true</uninitialized>
         <run_address>0x200004f4</run_address>
         <size>0x1</size>
      </object_component>
      <object_component id="oc-14c">
         <name>.common:status</name>
         <uninitialized>true</uninitialized>
         <run_address>0x200004f6</run_address>
         <size>0x1</size>
      </object_component>
      <object_component id="oc-14d">
         <name>.common:str</name>
         <uninitialized>true</uninitialized>
         <run_address>0x200004d4</run_address>
         <size>0x10</size>
      </object_component>
      <object_component id="oc-142">
         <name>.common:card_id</name>
         <uninitialized>true</uninitialized>
         <run_address>0x200004ec</run_address>
         <size>0x8</size>
      </object_component>
      <object_component id="oc-146">
         <name>.common:Buff</name>
         <uninitialized>true</uninitialized>
         <run_address>0x20000470</run_address>
         <size>0x64</size>
      </object_component>
      <object_component id="oc-25">
         <name>.stack</name>
         <uninitialized>true</uninitialized>
         <run_address>0x20000270</run_address>
         <size>0x4</size>
         <input_file_ref idref="fl-cb"/>
      </object_component>
      <object_component id="oc-32d">
         <name>.stack</name>
         <uninitialized>true</uninitialized>
         <run_address>0x20000270</run_address>
         <size>0x0</size>
      </object_component>
      <object_component id="oc-143">
         <name>.debug_info</name>
         <load_address>0x0</load_address>
         <run_address>0x0</run_address>
         <size>0xc96</size>
         <input_file_ref idref="fl-2"/>
      </object_component>
      <object_component id="oc-140">
         <name>.debug_info</name>
         <load_address>0xc96</load_address>
         <run_address>0xc96</run_address>
         <size>0xf4</size>
         <input_file_ref idref="fl-2"/>
      </object_component>
      <object_component id="oc-148">
         <name>.debug_info</name>
         <load_address>0xd8a</load_address>
         <run_address>0xd8a</run_address>
         <size>0xcb</size>
         <input_file_ref idref="fl-2"/>
      </object_component>
      <object_component id="oc-6e">
         <name>.debug_info</name>
         <load_address>0xe55</load_address>
         <run_address>0xe55</run_address>
         <size>0xd19</size>
         <input_file_ref idref="fl-2"/>
      </object_component>
      <object_component id="oc-236">
         <name>.debug_info</name>
         <load_address>0x1b6e</load_address>
         <run_address>0x1b6e</run_address>
         <size>0x269</size>
         <input_file_ref idref="fl-2"/>
      </object_component>
      <object_component id="oc-14f">
         <name>.debug_info</name>
         <load_address>0x1dd7</load_address>
         <run_address>0x1dd7</run_address>
         <size>0x8b</size>
         <input_file_ref idref="fl-2"/>
      </object_component>
      <object_component id="oc-258">
         <name>.debug_info</name>
         <load_address>0x1e62</load_address>
         <run_address>0x1e62</run_address>
         <size>0x198</size>
         <input_file_ref idref="fl-2"/>
      </object_component>
      <object_component id="oc-253">
         <name>.debug_info</name>
         <load_address>0x1ffa</load_address>
         <run_address>0x1ffa</run_address>
         <size>0x2d6</size>
         <input_file_ref idref="fl-2"/>
      </object_component>
      <object_component id="oc-154">
         <name>.debug_info</name>
         <load_address>0x22d0</load_address>
         <run_address>0x22d0</run_address>
         <size>0xbb</size>
         <input_file_ref idref="fl-2"/>
      </object_component>
      <object_component id="oc-249">
         <name>.debug_info</name>
         <load_address>0x238b</load_address>
         <run_address>0x238b</run_address>
         <size>0x2a1</size>
         <input_file_ref idref="fl-2"/>
      </object_component>
      <object_component id="oc-24e">
         <name>.debug_info</name>
         <load_address>0x262c</load_address>
         <run_address>0x262c</run_address>
         <size>0xfe</size>
         <input_file_ref idref="fl-2"/>
      </object_component>
      <object_component id="oc-30">
         <name>.debug_info</name>
         <load_address>0x272a</load_address>
         <run_address>0x272a</run_address>
         <size>0x2aa</size>
         <input_file_ref idref="fl-3"/>
      </object_component>
      <object_component id="oc-13">
         <name>.debug_info</name>
         <load_address>0x29d4</load_address>
         <run_address>0x29d4</run_address>
         <size>0xe9</size>
         <input_file_ref idref="fl-3"/>
      </object_component>
      <object_component id="oc-2b">
         <name>.debug_info</name>
         <load_address>0x2abd</load_address>
         <run_address>0x2abd</run_address>
         <size>0x265</size>
         <input_file_ref idref="fl-3"/>
      </object_component>
      <object_component id="oc-77">
         <name>.debug_info</name>
         <load_address>0x2d22</load_address>
         <run_address>0x2d22</run_address>
         <size>0x26b</size>
         <input_file_ref idref="fl-3"/>
      </object_component>
      <object_component id="oc-37">
         <name>.debug_info</name>
         <load_address>0x2f8d</load_address>
         <run_address>0x2f8d</run_address>
         <size>0x84</size>
         <input_file_ref idref="fl-3"/>
      </object_component>
      <object_component id="oc-159">
         <name>.debug_info</name>
         <load_address>0x3011</load_address>
         <run_address>0x3011</run_address>
         <size>0x2a4</size>
         <input_file_ref idref="fl-3"/>
      </object_component>
      <object_component id="oc-7c">
         <name>.debug_info</name>
         <load_address>0x32b5</load_address>
         <run_address>0x32b5</run_address>
         <size>0xbb</size>
         <input_file_ref idref="fl-3"/>
      </object_component>
      <object_component id="oc-1f0">
         <name>.debug_info</name>
         <load_address>0x3370</load_address>
         <run_address>0x3370</run_address>
         <size>0x3df</size>
         <input_file_ref idref="fl-4"/>
      </object_component>
      <object_component id="oc-1e2">
         <name>.debug_info</name>
         <load_address>0x374f</load_address>
         <run_address>0x374f</run_address>
         <size>0xd6</size>
         <input_file_ref idref="fl-4"/>
      </object_component>
      <object_component id="oc-1ed">
         <name>.debug_info</name>
         <load_address>0x3825</load_address>
         <run_address>0x3825</run_address>
         <size>0xd0</size>
         <input_file_ref idref="fl-4"/>
      </object_component>
      <object_component id="oc-1e5">
         <name>.debug_info</name>
         <load_address>0x38f5</load_address>
         <run_address>0x38f5</run_address>
         <size>0xde</size>
         <input_file_ref idref="fl-4"/>
      </object_component>
      <object_component id="oc-1df">
         <name>.debug_info</name>
         <load_address>0x39d3</load_address>
         <run_address>0x39d3</run_address>
         <size>0xe2</size>
         <input_file_ref idref="fl-4"/>
      </object_component>
      <object_component id="oc-d4">
         <name>.debug_info</name>
         <load_address>0x3ab5</load_address>
         <run_address>0x3ab5</run_address>
         <size>0x78b</size>
         <input_file_ref idref="fl-4"/>
      </object_component>
      <object_component id="oc-1f1">
         <name>.debug_info</name>
         <load_address>0x4240</load_address>
         <run_address>0x4240</run_address>
         <size>0x2c</size>
         <input_file_ref idref="fl-4"/>
      </object_component>
      <object_component id="oc-23b">
         <name>.debug_info</name>
         <load_address>0x426c</load_address>
         <run_address>0x426c</run_address>
         <size>0x4f4</size>
         <input_file_ref idref="fl-5"/>
      </object_component>
      <object_component id="oc-12e">
         <name>.debug_info</name>
         <load_address>0x4760</load_address>
         <run_address>0x4760</run_address>
         <size>0x1a75</size>
         <input_file_ref idref="fl-5"/>
      </object_component>
      <object_component id="oc-221">
         <name>.debug_info</name>
         <load_address>0x61d5</load_address>
         <run_address>0x61d5</run_address>
         <size>0x40f</size>
         <input_file_ref idref="fl-6"/>
      </object_component>
      <object_component id="oc-129">
         <name>.debug_info</name>
         <load_address>0x65e4</load_address>
         <run_address>0x65e4</run_address>
         <size>0xcac</size>
         <input_file_ref idref="fl-6"/>
      </object_component>
      <object_component id="oc-1c5">
         <name>.debug_info</name>
         <load_address>0x7290</load_address>
         <run_address>0x7290</run_address>
         <size>0x230</size>
         <input_file_ref idref="fl-c"/>
      </object_component>
      <object_component id="oc-1f7">
         <name>.debug_info</name>
         <load_address>0x74c0</load_address>
         <run_address>0x74c0</run_address>
         <size>0x15b</size>
         <input_file_ref idref="fl-c"/>
      </object_component>
      <object_component id="oc-134">
         <name>.debug_info</name>
         <load_address>0x761b</load_address>
         <run_address>0x761b</run_address>
         <size>0x2a3</size>
         <input_file_ref idref="fl-c"/>
      </object_component>
      <object_component id="oc-1c0">
         <name>.debug_info</name>
         <load_address>0x78be</load_address>
         <run_address>0x78be</run_address>
         <size>0x2b3</size>
         <input_file_ref idref="fl-c"/>
      </object_component>
      <object_component id="oc-1ba">
         <name>.debug_info</name>
         <load_address>0x7b71</load_address>
         <run_address>0x7b71</run_address>
         <size>0x316</size>
         <input_file_ref idref="fl-c"/>
      </object_component>
      <object_component id="oc-e6">
         <name>.debug_info</name>
         <load_address>0x7e87</load_address>
         <run_address>0x7e87</run_address>
         <size>0x27b</size>
         <input_file_ref idref="fl-c"/>
      </object_component>
      <object_component id="oc-fe">
         <name>.debug_info</name>
         <load_address>0x8102</load_address>
         <run_address>0x8102</run_address>
         <size>0x279</size>
         <input_file_ref idref="fl-c"/>
      </object_component>
      <object_component id="oc-ce">
         <name>.debug_info</name>
         <load_address>0x837b</load_address>
         <run_address>0x837b</run_address>
         <size>0x2b7</size>
         <input_file_ref idref="fl-c"/>
      </object_component>
      <object_component id="oc-da">
         <name>.debug_info</name>
         <load_address>0x8632</load_address>
         <run_address>0x8632</run_address>
         <size>0x280</size>
         <input_file_ref idref="fl-c"/>
      </object_component>
      <object_component id="oc-1ad">
         <name>.debug_info</name>
         <load_address>0x88b2</load_address>
         <run_address>0x88b2</run_address>
         <size>0x18b</size>
         <input_file_ref idref="fl-c"/>
      </object_component>
      <object_component id="oc-20d">
         <name>.debug_info</name>
         <load_address>0x8a3d</load_address>
         <run_address>0x8a3d</run_address>
         <size>0x20e</size>
         <input_file_ref idref="fl-d"/>
      </object_component>
      <object_component id="oc-20a">
         <name>.debug_info</name>
         <load_address>0x8c4b</load_address>
         <run_address>0x8c4b</run_address>
         <size>0x210</size>
         <input_file_ref idref="fl-d"/>
      </object_component>
      <object_component id="oc-2b1">
         <name>.debug_info</name>
         <load_address>0x8e5b</load_address>
         <run_address>0x8e5b</run_address>
         <size>0x157</size>
         <input_file_ref idref="fl-d"/>
      </object_component>
      <object_component id="oc-204">
         <name>.debug_info</name>
         <load_address>0x8fb2</load_address>
         <run_address>0x8fb2</run_address>
         <size>0x2c1</size>
         <input_file_ref idref="fl-d"/>
      </object_component>
      <object_component id="oc-139">
         <name>.debug_info</name>
         <load_address>0x9273</load_address>
         <run_address>0x9273</run_address>
         <size>0x23e</size>
         <input_file_ref idref="fl-d"/>
      </object_component>
      <object_component id="oc-121">
         <name>.debug_info</name>
         <load_address>0x94b1</load_address>
         <run_address>0x94b1</run_address>
         <size>0x240</size>
         <input_file_ref idref="fl-d"/>
      </object_component>
      <object_component id="oc-f1">
         <name>.debug_info</name>
         <load_address>0x96f1</load_address>
         <run_address>0x96f1</run_address>
         <size>0x268</size>
         <input_file_ref idref="fl-d"/>
      </object_component>
      <object_component id="oc-215">
         <name>.debug_info</name>
         <load_address>0x9959</load_address>
         <run_address>0x9959</run_address>
         <size>0x21c</size>
         <input_file_ref idref="fl-e"/>
      </object_component>
      <object_component id="oc-10f">
         <name>.debug_info</name>
         <load_address>0x9b75</load_address>
         <run_address>0x9b75</run_address>
         <size>0x242</size>
         <input_file_ref idref="fl-e"/>
      </object_component>
      <object_component id="oc-224">
         <name>.debug_info</name>
         <load_address>0x9db7</load_address>
         <run_address>0x9db7</run_address>
         <size>0x276</size>
         <input_file_ref idref="fl-e"/>
      </object_component>
      <object_component id="oc-115">
         <name>.debug_info</name>
         <load_address>0xa02d</load_address>
         <run_address>0xa02d</run_address>
         <size>0x29a</size>
         <input_file_ref idref="fl-e"/>
      </object_component>
      <object_component id="oc-230">
         <name>.debug_info</name>
         <load_address>0xa2c7</load_address>
         <run_address>0xa2c7</run_address>
         <size>0x27a</size>
         <input_file_ref idref="fl-e"/>
      </object_component>
      <object_component id="oc-109">
         <name>.debug_info</name>
         <load_address>0xa541</load_address>
         <run_address>0xa541</run_address>
         <size>0x3d9</size>
         <input_file_ref idref="fl-e"/>
      </object_component>
      <object_component id="oc-22a">
         <name>.debug_info</name>
         <load_address>0xa91a</load_address>
         <run_address>0xa91a</run_address>
         <size>0x242</size>
         <input_file_ref idref="fl-e"/>
      </object_component>
      <object_component id="oc-1b7">
         <name>.debug_info</name>
         <load_address>0xab5c</load_address>
         <run_address>0xab5c</run_address>
         <size>0x27f</size>
         <input_file_ref idref="fl-f"/>
      </object_component>
      <object_component id="oc-211">
         <name>.debug_info</name>
         <load_address>0xaddb</load_address>
         <run_address>0xaddb</run_address>
         <size>0x14d</size>
         <input_file_ref idref="fl-f"/>
      </object_component>
      <object_component id="oc-1c7">
         <name>.debug_info</name>
         <load_address>0xaf28</load_address>
         <run_address>0xaf28</run_address>
         <size>0x283</size>
         <input_file_ref idref="fl-f"/>
      </object_component>
      <object_component id="oc-c7">
         <name>.debug_info</name>
         <load_address>0xb1ab</load_address>
         <run_address>0xb1ab</run_address>
         <size>0x27d</size>
         <input_file_ref idref="fl-f"/>
      </object_component>
      <object_component id="oc-11c">
         <name>.debug_info</name>
         <load_address>0xb428</load_address>
         <run_address>0xb428</run_address>
         <size>0x2db</size>
         <input_file_ref idref="fl-f"/>
      </object_component>
      <object_component id="oc-104">
         <name>.debug_info</name>
         <load_address>0xb703</load_address>
         <run_address>0xb703</run_address>
         <size>0x2b5</size>
         <input_file_ref idref="fl-f"/>
      </object_component>
      <object_component id="oc-283">
         <name>.debug_info</name>
         <load_address>0xb9b8</load_address>
         <run_address>0xb9b8</run_address>
         <size>0x5f</size>
         <input_file_ref idref="fl-f"/>
      </object_component>
      <object_component id="oc-1b2">
         <name>.debug_info</name>
         <load_address>0xba17</load_address>
         <run_address>0xba17</run_address>
         <size>0x227</size>
         <input_file_ref idref="fl-10"/>
      </object_component>
      <object_component id="oc-2aa">
         <name>.debug_info</name>
         <load_address>0xbc3e</load_address>
         <run_address>0xbc3e</run_address>
         <size>0x157</size>
         <input_file_ref idref="fl-10"/>
      </object_component>
      <object_component id="oc-2ad">
         <name>.debug_info</name>
         <load_address>0xbd95</load_address>
         <run_address>0xbd95</run_address>
         <size>0x169</size>
         <input_file_ref idref="fl-10"/>
      </object_component>
      <object_component id="oc-1fd">
         <name>.debug_info</name>
         <load_address>0xbefe</load_address>
         <run_address>0xbefe</run_address>
         <size>0x27e</size>
         <input_file_ref idref="fl-10"/>
      </object_component>
      <object_component id="oc-bb">
         <name>.debug_info</name>
         <load_address>0xc17c</load_address>
         <run_address>0xc17c</run_address>
         <size>0x27f</size>
         <input_file_ref idref="fl-10"/>
      </object_component>
      <object_component id="oc-eb">
         <name>.debug_info</name>
         <load_address>0xc3fb</load_address>
         <run_address>0xc3fb</run_address>
         <size>0x2c3</size>
         <input_file_ref idref="fl-10"/>
      </object_component>
      <object_component id="oc-f7">
         <name>.debug_info</name>
         <load_address>0xc6be</load_address>
         <run_address>0xc6be</run_address>
         <size>0x28f</size>
         <input_file_ref idref="fl-10"/>
      </object_component>
      <object_component id="oc-c1">
         <name>.debug_info</name>
         <load_address>0xc94d</load_address>
         <run_address>0xc94d</run_address>
         <size>0x28d</size>
         <input_file_ref idref="fl-10"/>
      </object_component>
      <object_component id="oc-1d3">
         <name>.debug_info</name>
         <load_address>0xcbda</load_address>
         <run_address>0xcbda</run_address>
         <size>0x247</size>
         <input_file_ref idref="fl-10"/>
      </object_component>
      <object_component id="oc-28e">
         <name>.debug_info</name>
         <load_address>0xce21</load_address>
         <run_address>0xce21</run_address>
         <size>0x249</size>
         <input_file_ref idref="fl-10"/>
      </object_component>
      <object_component id="oc-1cd">
         <name>.debug_info</name>
         <load_address>0xd06a</load_address>
         <run_address>0xd06a</run_address>
         <size>0x326</size>
         <input_file_ref idref="fl-10"/>
      </object_component>
      <object_component id="oc-df">
         <name>.debug_info</name>
         <load_address>0xd390</load_address>
         <run_address>0xd390</run_address>
         <size>0x291</size>
         <input_file_ref idref="fl-10"/>
      </object_component>
      <object_component id="oc-b5">
         <name>.debug_info</name>
         <load_address>0xd621</load_address>
         <run_address>0xd621</run_address>
         <size>0x253</size>
         <input_file_ref idref="fl-10"/>
      </object_component>
      <object_component id="oc-1d9">
         <name>.debug_info</name>
         <load_address>0xd874</load_address>
         <run_address>0xd874</run_address>
         <size>0x273</size>
         <input_file_ref idref="fl-10"/>
      </object_component>
      <object_component id="oc-af">
         <name>.debug_info</name>
         <load_address>0xdae7</load_address>
         <run_address>0xdae7</run_address>
         <size>0x24d</size>
         <input_file_ref idref="fl-10"/>
      </object_component>
      <object_component id="oc-240">
         <name>.debug_info</name>
         <load_address>0xdd34</load_address>
         <run_address>0xdd34</run_address>
         <size>0x212</size>
         <input_file_ref idref="fl-11"/>
      </object_component>
      <object_component id="oc-21a">
         <name>.debug_info</name>
         <load_address>0xdf46</load_address>
         <run_address>0xdf46</run_address>
         <size>0x20f</size>
         <input_file_ref idref="fl-11"/>
      </object_component>
      <object_component id="oc-1ea">
         <name>.debug_info</name>
         <load_address>0xe155</load_address>
         <run_address>0xe155</run_address>
         <size>0x142</size>
         <input_file_ref idref="fl-c7"/>
      </object_component>
      <object_component id="oc-95">
         <name>.debug_info</name>
         <load_address>0xe297</load_address>
         <run_address>0xe297</run_address>
         <size>0x2d4</size>
         <input_file_ref idref="fl-c8"/>
      </object_component>
      <object_component id="oc-4b">
         <name>.debug_info</name>
         <load_address>0xe56b</load_address>
         <run_address>0xe56b</run_address>
         <size>0x1d2</size>
         <input_file_ref idref="fl-c8"/>
      </object_component>
      <object_component id="oc-90">
         <name>.debug_info</name>
         <load_address>0xe73d</load_address>
         <run_address>0xe73d</run_address>
         <size>0x46</size>
         <input_file_ref idref="fl-c8"/>
      </object_component>
      <object_component id="oc-165">
         <name>.debug_info</name>
         <load_address>0xe783</load_address>
         <run_address>0xe783</run_address>
         <size>0x2c</size>
         <input_file_ref idref="fl-c8"/>
      </object_component>
      <object_component id="oc-47">
         <name>.debug_info</name>
         <load_address>0xe7af</load_address>
         <run_address>0xe7af</run_address>
         <size>0x2a8</size>
         <input_file_ref idref="fl-c9"/>
      </object_component>
      <object_component id="oc-1d">
         <name>.debug_info</name>
         <load_address>0xea57</load_address>
         <run_address>0xea57</run_address>
         <size>0x1ea</size>
         <input_file_ref idref="fl-c9"/>
      </object_component>
      <object_component id="oc-42">
         <name>.debug_info</name>
         <load_address>0xec41</load_address>
         <run_address>0xec41</run_address>
         <size>0x46</size>
         <input_file_ref idref="fl-c9"/>
      </object_component>
      <object_component id="oc-88">
         <name>.debug_info</name>
         <load_address>0xec87</load_address>
         <run_address>0xec87</run_address>
         <size>0x2c</size>
         <input_file_ref idref="fl-c9"/>
      </object_component>
      <object_component id="oc-86">
         <name>.debug_info</name>
         <load_address>0xecb3</load_address>
         <run_address>0xecb3</run_address>
         <size>0x29e</size>
         <input_file_ref idref="fl-ca"/>
      </object_component>
      <object_component id="oc-16">
         <name>.debug_info</name>
         <load_address>0xef51</load_address>
         <run_address>0xef51</run_address>
         <size>0x250</size>
         <input_file_ref idref="fl-ca"/>
      </object_component>
      <object_component id="oc-32">
         <name>.debug_info</name>
         <load_address>0xf1a1</load_address>
         <run_address>0xf1a1</run_address>
         <size>0x60</size>
         <input_file_ref idref="fl-ca"/>
      </object_component>
      <object_component id="oc-15e">
         <name>.debug_info</name>
         <load_address>0xf201</load_address>
         <run_address>0xf201</run_address>
         <size>0x46</size>
         <input_file_ref idref="fl-ca"/>
      </object_component>
      <object_component id="oc-81">
         <name>.debug_info</name>
         <load_address>0xf247</load_address>
         <run_address>0xf247</run_address>
         <size>0x39</size>
         <input_file_ref idref="fl-ca"/>
      </object_component>
      <object_component id="oc-26">
         <name>.debug_info</name>
         <load_address>0xf280</load_address>
         <run_address>0xf280</run_address>
         <size>0x10b</size>
         <input_file_ref idref="fl-cb"/>
      </object_component>
      <object_component id="oc-5b">
         <name>.debug_info</name>
         <load_address>0xf38b</load_address>
         <run_address>0xf38b</run_address>
         <size>0x1a9</size>
         <input_file_ref idref="fl-cb"/>
      </object_component>
      <object_component id="oc-29d">
         <name>.debug_info</name>
         <load_address>0xf534</load_address>
         <run_address>0xf534</run_address>
         <size>0x115</size>
         <input_file_ref idref="fl-cc"/>
      </object_component>
      <object_component id="oc-3e">
         <name>.debug_info</name>
         <load_address>0xf649</load_address>
         <run_address>0xf649</run_address>
         <size>0x119</size>
         <input_file_ref idref="fl-ce"/>
      </object_component>
      <object_component id="oc-26a">
         <name>.debug_info</name>
         <load_address>0xf762</load_address>
         <run_address>0xf762</run_address>
         <size>0x4b3</size>
         <input_file_ref idref="fl-cf"/>
      </object_component>
      <object_component id="oc-183">
         <name>.debug_info</name>
         <load_address>0xfc15</load_address>
         <run_address>0xfc15</run_address>
         <size>0x19d</size>
         <input_file_ref idref="fl-cf"/>
      </object_component>
      <object_component id="oc-2d5">
         <name>.debug_info</name>
         <load_address>0xfdb2</load_address>
         <run_address>0xfdb2</run_address>
         <size>0x39</size>
         <input_file_ref idref="fl-cf"/>
      </object_component>
      <object_component id="oc-2f1">
         <name>.debug_info</name>
         <load_address>0xfdeb</load_address>
         <run_address>0xfdeb</run_address>
         <size>0x39</size>
         <input_file_ref idref="fl-cf"/>
      </object_component>
      <object_component id="oc-2da">
         <name>.debug_info</name>
         <load_address>0xfe24</load_address>
         <run_address>0xfe24</run_address>
         <size>0x39</size>
         <input_file_ref idref="fl-cf"/>
      </object_component>
      <object_component id="oc-2df">
         <name>.debug_info</name>
         <load_address>0xfe5d</load_address>
         <run_address>0xfe5d</run_address>
         <size>0xcd</size>
         <input_file_ref idref="fl-cf"/>
      </object_component>
      <object_component id="oc-9f">
         <name>.debug_info</name>
         <load_address>0xff2a</load_address>
         <run_address>0xff2a</run_address>
         <size>0x153</size>
         <input_file_ref idref="fl-d0"/>
      </object_component>
      <object_component id="oc-16f">
         <name>.debug_info</name>
         <load_address>0x1007d</load_address>
         <run_address>0x1007d</run_address>
         <size>0x122</size>
         <input_file_ref idref="fl-d2"/>
      </object_component>
      <object_component id="oc-32e">
         <name>.debug_info</name>
         <load_address>0x1019f</load_address>
         <run_address>0x1019f</run_address>
         <size>0x9c</size>
      </object_component>
      <object_component id="oc-248">
         <name>.debug_line</name>
         <load_address>0x0</load_address>
         <run_address>0x0</run_address>
         <size>0x1a4</size>
         <input_file_ref idref="fl-2"/>
      </object_component>
      <object_component id="oc-246">
         <name>.debug_line</name>
         <load_address>0x1a4</load_address>
         <run_address>0x1a4</run_address>
         <size>0x2d</size>
         <input_file_ref idref="fl-2"/>
      </object_component>
      <object_component id="oc-25e">
         <name>.debug_line</name>
         <load_address>0x1d1</load_address>
         <run_address>0x1d1</run_address>
         <size>0x2d</size>
         <input_file_ref idref="fl-2"/>
      </object_component>
      <object_component id="oc-6d">
         <name>.debug_line</name>
         <load_address>0x1fe</load_address>
         <run_address>0x1fe</run_address>
         <size>0x232</size>
         <input_file_ref idref="fl-2"/>
      </object_component>
      <object_component id="oc-239">
         <name>.debug_line</name>
         <load_address>0x430</load_address>
         <run_address>0x430</run_address>
         <size>0x38</size>
         <input_file_ref idref="fl-2"/>
      </object_component>
      <object_component id="oc-152">
         <name>.debug_line</name>
         <load_address>0x468</load_address>
         <run_address>0x468</run_address>
         <size>0x20</size>
         <input_file_ref idref="fl-2"/>
      </object_component>
      <object_component id="oc-25b">
         <name>.debug_line</name>
         <load_address>0x488</load_address>
         <run_address>0x488</run_address>
         <size>0x6b</size>
         <input_file_ref idref="fl-2"/>
      </object_component>
      <object_component id="oc-256">
         <name>.debug_line</name>
         <load_address>0x4f3</load_address>
         <run_address>0x4f3</run_address>
         <size>0x73</size>
         <input_file_ref idref="fl-2"/>
      </object_component>
      <object_component id="oc-157">
         <name>.debug_line</name>
         <load_address>0x566</load_address>
         <run_address>0x566</run_address>
         <size>0x70</size>
         <input_file_ref idref="fl-2"/>
      </object_component>
      <object_component id="oc-24c">
         <name>.debug_line</name>
         <load_address>0x5d6</load_address>
         <run_address>0x5d6</run_address>
         <size>0x6f</size>
         <input_file_ref idref="fl-2"/>
      </object_component>
      <object_component id="oc-251">
         <name>.debug_line</name>
         <load_address>0x645</load_address>
         <run_address>0x645</run_address>
         <size>0x6a</size>
         <input_file_ref idref="fl-2"/>
      </object_component>
      <object_component id="oc-76">
         <name>.debug_line</name>
         <load_address>0x6af</load_address>
         <run_address>0x6af</run_address>
         <size>0x41</size>
         <input_file_ref idref="fl-3"/>
      </object_component>
      <object_component id="oc-2f">
         <name>.debug_line</name>
         <load_address>0x6f0</load_address>
         <run_address>0x6f0</run_address>
         <size>0x41</size>
         <input_file_ref idref="fl-3"/>
      </object_component>
      <object_component id="oc-2d">
         <name>.debug_line</name>
         <load_address>0x731</load_address>
         <run_address>0x731</run_address>
         <size>0xa1</size>
         <input_file_ref idref="fl-3"/>
      </object_component>
      <object_component id="oc-7a">
         <name>.debug_line</name>
         <load_address>0x7d2</load_address>
         <run_address>0x7d2</run_address>
         <size>0x6f</size>
         <input_file_ref idref="fl-3"/>
      </object_component>
      <object_component id="oc-3a">
         <name>.debug_line</name>
         <load_address>0x841</load_address>
         <run_address>0x841</run_address>
         <size>0x20</size>
         <input_file_ref idref="fl-3"/>
      </object_component>
      <object_component id="oc-15c">
         <name>.debug_line</name>
         <load_address>0x861</load_address>
         <run_address>0x861</run_address>
         <size>0x73</size>
         <input_file_ref idref="fl-3"/>
      </object_component>
      <object_component id="oc-7f">
         <name>.debug_line</name>
         <load_address>0x8d4</load_address>
         <run_address>0x8d4</run_address>
         <size>0x70</size>
         <input_file_ref idref="fl-3"/>
      </object_component>
      <object_component id="oc-2a6">
         <name>.debug_line</name>
         <load_address>0x944</load_address>
         <run_address>0x944</run_address>
         <size>0x8e</size>
         <input_file_ref idref="fl-4"/>
      </object_component>
      <object_component id="oc-299">
         <name>.debug_line</name>
         <load_address>0x9d2</load_address>
         <run_address>0x9d2</run_address>
         <size>0x33</size>
         <input_file_ref idref="fl-4"/>
      </object_component>
      <object_component id="oc-2a4">
         <name>.debug_line</name>
         <load_address>0xa05</load_address>
         <run_address>0xa05</run_address>
         <size>0x33</size>
         <input_file_ref idref="fl-4"/>
      </object_component>
      <object_component id="oc-29b">
         <name>.debug_line</name>
         <load_address>0xa38</load_address>
         <run_address>0xa38</run_address>
         <size>0x33</size>
         <input_file_ref idref="fl-4"/>
      </object_component>
      <object_component id="oc-297">
         <name>.debug_line</name>
         <load_address>0xa6b</load_address>
         <run_address>0xa6b</run_address>
         <size>0x33</size>
         <input_file_ref idref="fl-4"/>
      </object_component>
      <object_component id="oc-d3">
         <name>.debug_line</name>
         <load_address>0xa9e</load_address>
         <run_address>0xa9e</run_address>
         <size>0x281</size>
         <input_file_ref idref="fl-4"/>
      </object_component>
      <object_component id="oc-1f4">
         <name>.debug_line</name>
         <load_address>0xd1f</load_address>
         <run_address>0xd1f</run_address>
         <size>0x6b</size>
         <input_file_ref idref="fl-4"/>
      </object_component>
      <object_component id="oc-2c3">
         <name>.debug_line</name>
         <load_address>0xd8a</load_address>
         <run_address>0xd8a</run_address>
         <size>0x8b</size>
         <input_file_ref idref="fl-5"/>
      </object_component>
      <object_component id="oc-131">
         <name>.debug_line</name>
         <load_address>0xe15</load_address>
         <run_address>0xe15</run_address>
         <size>0x3aa</size>
         <input_file_ref idref="fl-5"/>
      </object_component>
      <object_component id="oc-2be">
         <name>.debug_line</name>
         <load_address>0x11bf</load_address>
         <run_address>0x11bf</run_address>
         <size>0x8e</size>
         <input_file_ref idref="fl-6"/>
      </object_component>
      <object_component id="oc-127">
         <name>.debug_line</name>
         <load_address>0x124d</load_address>
         <run_address>0x124d</run_address>
         <size>0x23f</size>
         <input_file_ref idref="fl-6"/>
      </object_component>
      <object_component id="oc-28b">
         <name>.debug_line</name>
         <load_address>0x148c</load_address>
         <run_address>0x148c</run_address>
         <size>0x82</size>
         <input_file_ref idref="fl-c"/>
      </object_component>
      <object_component id="oc-2a8">
         <name>.debug_line</name>
         <load_address>0x150e</load_address>
         <run_address>0x150e</run_address>
         <size>0x7d</size>
         <input_file_ref idref="fl-c"/>
      </object_component>
      <object_component id="oc-133">
         <name>.debug_line</name>
         <load_address>0x158b</load_address>
         <run_address>0x158b</run_address>
         <size>0x92</size>
         <input_file_ref idref="fl-c"/>
      </object_component>
      <object_component id="oc-1bf">
         <name>.debug_line</name>
         <load_address>0x161d</load_address>
         <run_address>0x161d</run_address>
         <size>0x95</size>
         <input_file_ref idref="fl-c"/>
      </object_component>
      <object_component id="oc-1b9">
         <name>.debug_line</name>
         <load_address>0x16b2</load_address>
         <run_address>0x16b2</run_address>
         <size>0xd1</size>
         <input_file_ref idref="fl-c"/>
      </object_component>
      <object_component id="oc-e5">
         <name>.debug_line</name>
         <load_address>0x1783</load_address>
         <run_address>0x1783</run_address>
         <size>0x93</size>
         <input_file_ref idref="fl-c"/>
      </object_component>
      <object_component id="oc-fd">
         <name>.debug_line</name>
         <load_address>0x1816</load_address>
         <run_address>0x1816</run_address>
         <size>0x93</size>
         <input_file_ref idref="fl-c"/>
      </object_component>
      <object_component id="oc-cd">
         <name>.debug_line</name>
         <load_address>0x18a9</load_address>
         <run_address>0x18a9</run_address>
         <size>0x99</size>
         <input_file_ref idref="fl-c"/>
      </object_component>
      <object_component id="oc-d9">
         <name>.debug_line</name>
         <load_address>0x1942</load_address>
         <run_address>0x1942</run_address>
         <size>0xa7</size>
         <input_file_ref idref="fl-c"/>
      </object_component>
      <object_component id="oc-1b0">
         <name>.debug_line</name>
         <load_address>0x19e9</load_address>
         <run_address>0x19e9</run_address>
         <size>0x69</size>
         <input_file_ref idref="fl-c"/>
      </object_component>
      <object_component id="oc-2b7">
         <name>.debug_line</name>
         <load_address>0x1a52</load_address>
         <run_address>0x1a52</run_address>
         <size>0x7c</size>
         <input_file_ref idref="fl-d"/>
      </object_component>
      <object_component id="oc-2b5">
         <name>.debug_line</name>
         <load_address>0x1ace</load_address>
         <run_address>0x1ace</run_address>
         <size>0x82</size>
         <input_file_ref idref="fl-d"/>
      </object_component>
      <object_component id="oc-2ed">
         <name>.debug_line</name>
         <load_address>0x1b50</load_address>
         <run_address>0x1b50</run_address>
         <size>0x82</size>
         <input_file_ref idref="fl-d"/>
      </object_component>
      <object_component id="oc-203">
         <name>.debug_line</name>
         <load_address>0x1bd2</load_address>
         <run_address>0x1bd2</run_address>
         <size>0xaf</size>
         <input_file_ref idref="fl-d"/>
      </object_component>
      <object_component id="oc-13d">
         <name>.debug_line</name>
         <load_address>0x1c81</load_address>
         <run_address>0x1c81</run_address>
         <size>0x97</size>
         <input_file_ref idref="fl-d"/>
      </object_component>
      <object_component id="oc-125">
         <name>.debug_line</name>
         <load_address>0x1d18</load_address>
         <run_address>0x1d18</run_address>
         <size>0x97</size>
         <input_file_ref idref="fl-d"/>
      </object_component>
      <object_component id="oc-f5">
         <name>.debug_line</name>
         <load_address>0x1daf</load_address>
         <run_address>0x1daf</run_address>
         <size>0xc2</size>
         <input_file_ref idref="fl-d"/>
      </object_component>
      <object_component id="oc-2bb">
         <name>.debug_line</name>
         <load_address>0x1e71</load_address>
         <run_address>0x1e71</run_address>
         <size>0x82</size>
         <input_file_ref idref="fl-e"/>
      </object_component>
      <object_component id="oc-113">
         <name>.debug_line</name>
         <load_address>0x1ef3</load_address>
         <run_address>0x1ef3</run_address>
         <size>0x91</size>
         <input_file_ref idref="fl-e"/>
      </object_component>
      <object_component id="oc-227">
         <name>.debug_line</name>
         <load_address>0x1f84</load_address>
         <run_address>0x1f84</run_address>
         <size>0x94</size>
         <input_file_ref idref="fl-e"/>
      </object_component>
      <object_component id="oc-119">
         <name>.debug_line</name>
         <load_address>0x2018</load_address>
         <run_address>0x2018</run_address>
         <size>0x97</size>
         <input_file_ref idref="fl-e"/>
      </object_component>
      <object_component id="oc-233">
         <name>.debug_line</name>
         <load_address>0x20af</load_address>
         <run_address>0x20af</run_address>
         <size>0x94</size>
         <input_file_ref idref="fl-e"/>
      </object_component>
      <object_component id="oc-10c">
         <name>.debug_line</name>
         <load_address>0x2143</load_address>
         <run_address>0x2143</run_address>
         <size>0xa3</size>
         <input_file_ref idref="fl-e"/>
      </object_component>
      <object_component id="oc-22d">
         <name>.debug_line</name>
         <load_address>0x21e6</load_address>
         <run_address>0x21e6</run_address>
         <size>0x91</size>
         <input_file_ref idref="fl-e"/>
      </object_component>
      <object_component id="oc-282">
         <name>.debug_line</name>
         <load_address>0x2277</load_address>
         <run_address>0x2277</run_address>
         <size>0x13d</size>
         <input_file_ref idref="fl-f"/>
      </object_component>
      <object_component id="oc-2b9">
         <name>.debug_line</name>
         <load_address>0x23b4</load_address>
         <run_address>0x23b4</run_address>
         <size>0x7f</size>
         <input_file_ref idref="fl-f"/>
      </object_component>
      <object_component id="oc-1ca">
         <name>.debug_line</name>
         <load_address>0x2433</load_address>
         <run_address>0x2433</run_address>
         <size>0x94</size>
         <input_file_ref idref="fl-f"/>
      </object_component>
      <object_component id="oc-ca">
         <name>.debug_line</name>
         <load_address>0x24c7</load_address>
         <run_address>0x24c7</run_address>
         <size>0x94</size>
         <input_file_ref idref="fl-f"/>
      </object_component>
      <object_component id="oc-11f">
         <name>.debug_line</name>
         <load_address>0x255b</load_address>
         <run_address>0x255b</run_address>
         <size>0xee</size>
         <input_file_ref idref="fl-f"/>
      </object_component>
      <object_component id="oc-107">
         <name>.debug_line</name>
         <load_address>0x2649</load_address>
         <run_address>0x2649</run_address>
         <size>0x11a</size>
         <input_file_ref idref="fl-f"/>
      </object_component>
      <object_component id="oc-286">
         <name>.debug_line</name>
         <load_address>0x2763</load_address>
         <run_address>0x2763</run_address>
         <size>0x7f</size>
         <input_file_ref idref="fl-f"/>
      </object_component>
      <object_component id="oc-280">
         <name>.debug_line</name>
         <load_address>0x27e2</load_address>
         <run_address>0x27e2</run_address>
         <size>0x82</size>
         <input_file_ref idref="fl-10"/>
      </object_component>
      <object_component id="oc-2e9">
         <name>.debug_line</name>
         <load_address>0x2864</load_address>
         <run_address>0x2864</run_address>
         <size>0x7d</size>
         <input_file_ref idref="fl-10"/>
      </object_component>
      <object_component id="oc-2eb">
         <name>.debug_line</name>
         <load_address>0x28e1</load_address>
         <run_address>0x28e1</run_address>
         <size>0x7d</size>
         <input_file_ref idref="fl-10"/>
      </object_component>
      <object_component id="oc-201">
         <name>.debug_line</name>
         <load_address>0x295e</load_address>
         <run_address>0x295e</run_address>
         <size>0xa5</size>
         <input_file_ref idref="fl-10"/>
      </object_component>
      <object_component id="oc-be">
         <name>.debug_line</name>
         <load_address>0x2a03</load_address>
         <run_address>0x2a03</run_address>
         <size>0x92</size>
         <input_file_ref idref="fl-10"/>
      </object_component>
      <object_component id="oc-ef">
         <name>.debug_line</name>
         <load_address>0x2a95</load_address>
         <run_address>0x2a95</run_address>
         <size>0x99</size>
         <input_file_ref idref="fl-10"/>
      </object_component>
      <object_component id="oc-fb">
         <name>.debug_line</name>
         <load_address>0x2b2e</load_address>
         <run_address>0x2b2e</run_address>
         <size>0x92</size>
         <input_file_ref idref="fl-10"/>
      </object_component>
      <object_component id="oc-c5">
         <name>.debug_line</name>
         <load_address>0x2bc0</load_address>
         <run_address>0x2bc0</run_address>
         <size>0x92</size>
         <input_file_ref idref="fl-10"/>
      </object_component>
      <object_component id="oc-1d6">
         <name>.debug_line</name>
         <load_address>0x2c52</load_address>
         <run_address>0x2c52</run_address>
         <size>0x93</size>
         <input_file_ref idref="fl-10"/>
      </object_component>
      <object_component id="oc-291">
         <name>.debug_line</name>
         <load_address>0x2ce5</load_address>
         <run_address>0x2ce5</run_address>
         <size>0x96</size>
         <input_file_ref idref="fl-10"/>
      </object_component>
      <object_component id="oc-1d0">
         <name>.debug_line</name>
         <load_address>0x2d7b</load_address>
         <run_address>0x2d7b</run_address>
         <size>0xb3</size>
         <input_file_ref idref="fl-10"/>
      </object_component>
      <object_component id="oc-e2">
         <name>.debug_line</name>
         <load_address>0x2e2e</load_address>
         <run_address>0x2e2e</run_address>
         <size>0x92</size>
         <input_file_ref idref="fl-10"/>
      </object_component>
      <object_component id="oc-b8">
         <name>.debug_line</name>
         <load_address>0x2ec0</load_address>
         <run_address>0x2ec0</run_address>
         <size>0x92</size>
         <input_file_ref idref="fl-10"/>
      </object_component>
      <object_component id="oc-1dc">
         <name>.debug_line</name>
         <load_address>0x2f52</load_address>
         <run_address>0x2f52</run_address>
         <size>0x93</size>
         <input_file_ref idref="fl-10"/>
      </object_component>
      <object_component id="oc-b2">
         <name>.debug_line</name>
         <load_address>0x2fe5</load_address>
         <run_address>0x2fe5</run_address>
         <size>0x93</size>
         <input_file_ref idref="fl-10"/>
      </object_component>
      <object_component id="oc-23f">
         <name>.debug_line</name>
         <load_address>0x3078</load_address>
         <run_address>0x3078</run_address>
         <size>0x91</size>
         <input_file_ref idref="fl-11"/>
      </object_component>
      <object_component id="oc-21d">
         <name>.debug_line</name>
         <load_address>0x3109</load_address>
         <run_address>0x3109</run_address>
         <size>0x91</size>
         <input_file_ref idref="fl-11"/>
      </object_component>
      <object_component id="oc-1e8">
         <name>.debug_line</name>
         <load_address>0x319a</load_address>
         <run_address>0x319a</run_address>
         <size>0x5b</size>
         <input_file_ref idref="fl-c7"/>
      </object_component>
      <object_component id="oc-16b">
         <name>.debug_line</name>
         <load_address>0x31f5</load_address>
         <run_address>0x31f5</run_address>
         <size>0x92</size>
         <input_file_ref idref="fl-c8"/>
      </object_component>
      <object_component id="oc-49">
         <name>.debug_line</name>
         <load_address>0x3287</load_address>
         <run_address>0x3287</run_address>
         <size>0x56</size>
         <input_file_ref idref="fl-c8"/>
      </object_component>
      <object_component id="oc-93">
         <name>.debug_line</name>
         <load_address>0x32dd</load_address>
         <run_address>0x32dd</run_address>
         <size>0x34</size>
         <input_file_ref idref="fl-c8"/>
      </object_component>
      <object_component id="oc-168">
         <name>.debug_line</name>
         <load_address>0x3311</load_address>
         <run_address>0x3311</run_address>
         <size>0x92</size>
         <input_file_ref idref="fl-c8"/>
      </object_component>
      <object_component id="oc-8e">
         <name>.debug_line</name>
         <load_address>0x33a3</load_address>
         <run_address>0x33a3</run_address>
         <size>0x20</size>
         <input_file_ref idref="fl-c9"/>
      </object_component>
      <object_component id="oc-20">
         <name>.debug_line</name>
         <load_address>0x33c3</load_address>
         <run_address>0x33c3</run_address>
         <size>0x55</size>
         <input_file_ref idref="fl-c9"/>
      </object_component>
      <object_component id="oc-45">
         <name>.debug_line</name>
         <load_address>0x3418</load_address>
         <run_address>0x3418</run_address>
         <size>0x3a</size>
         <input_file_ref idref="fl-c9"/>
      </object_component>
      <object_component id="oc-8b">
         <name>.debug_line</name>
         <load_address>0x3452</load_address>
         <run_address>0x3452</run_address>
         <size>0x92</size>
         <input_file_ref idref="fl-c9"/>
      </object_component>
      <object_component id="oc-164">
         <name>.debug_line</name>
         <load_address>0x34e4</load_address>
         <run_address>0x34e4</run_address>
         <size>0x20</size>
         <input_file_ref idref="fl-ca"/>
      </object_component>
      <object_component id="oc-19">
         <name>.debug_line</name>
         <load_address>0x3504</load_address>
         <run_address>0x3504</run_address>
         <size>0xa9</size>
         <input_file_ref idref="fl-ca"/>
      </object_component>
      <object_component id="oc-35">
         <name>.debug_line</name>
         <load_address>0x35ad</load_address>
         <run_address>0x35ad</run_address>
         <size>0x3a</size>
         <input_file_ref idref="fl-ca"/>
      </object_component>
      <object_component id="oc-161">
         <name>.debug_line</name>
         <load_address>0x35e7</load_address>
         <run_address>0x35e7</run_address>
         <size>0x9a</size>
         <input_file_ref idref="fl-ca"/>
      </object_component>
      <object_component id="oc-84">
         <name>.debug_line</name>
         <load_address>0x3681</load_address>
         <run_address>0x3681</run_address>
         <size>0x96</size>
         <input_file_ref idref="fl-ca"/>
      </object_component>
      <object_component id="oc-73">
         <name>.debug_line</name>
         <load_address>0x3717</load_address>
         <run_address>0x3717</run_address>
         <size>0x33</size>
         <input_file_ref idref="fl-cb"/>
      </object_component>
      <object_component id="oc-5e">
         <name>.debug_line</name>
         <load_address>0x374a</load_address>
         <run_address>0x374a</run_address>
         <size>0x45</size>
         <input_file_ref idref="fl-cb"/>
      </object_component>
      <object_component id="oc-2a0">
         <name>.debug_line</name>
         <load_address>0x378f</load_address>
         <run_address>0x378f</run_address>
         <size>0x37</size>
         <input_file_ref idref="fl-cc"/>
      </object_component>
      <object_component id="oc-3d">
         <name>.debug_line</name>
         <load_address>0x37c6</load_address>
         <run_address>0x37c6</run_address>
         <size>0x88</size>
         <input_file_ref idref="fl-ce"/>
      </object_component>
      <object_component id="oc-2d4">
         <name>.debug_line</name>
         <load_address>0x384e</load_address>
         <run_address>0x384e</run_address>
         <size>0xbf</size>
         <input_file_ref idref="fl-cf"/>
      </object_component>
      <object_component id="oc-181">
         <name>.debug_line</name>
         <load_address>0x390d</load_address>
         <run_address>0x390d</run_address>
         <size>0x86</size>
         <input_file_ref idref="fl-cf"/>
      </object_component>
      <object_component id="oc-2d8">
         <name>.debug_line</name>
         <load_address>0x3993</load_address>
         <run_address>0x3993</run_address>
         <size>0x2e</size>
         <input_file_ref idref="fl-cf"/>
      </object_component>
      <object_component id="oc-2f4">
         <name>.debug_line</name>
         <load_address>0x39c1</load_address>
         <run_address>0x39c1</run_address>
         <size>0x9a</size>
         <input_file_ref idref="fl-cf"/>
      </object_component>
      <object_component id="oc-2dd">
         <name>.debug_line</name>
         <load_address>0x3a5b</load_address>
         <run_address>0x3a5b</run_address>
         <size>0x97</size>
         <input_file_ref idref="fl-cf"/>
      </object_component>
      <object_component id="oc-2e2">
         <name>.debug_line</name>
         <load_address>0x3af2</load_address>
         <run_address>0x3af2</run_address>
         <size>0x93</size>
         <input_file_ref idref="fl-cf"/>
      </object_component>
      <object_component id="oc-9e">
         <name>.debug_line</name>
         <load_address>0x3b85</load_address>
         <run_address>0x3b85</run_address>
         <size>0x40</size>
         <input_file_ref idref="fl-d0"/>
      </object_component>
      <object_component id="oc-172">
         <name>.debug_line</name>
         <load_address>0x3bc5</load_address>
         <run_address>0x3bc5</run_address>
         <size>0x3c</size>
         <input_file_ref idref="fl-d2"/>
      </object_component>
      <object_component id="oc-71">
         <name>.debug_frame</name>
         <load_address>0x0</load_address>
         <run_address>0x0</run_address>
         <size>0x17c</size>
         <input_file_ref idref="fl-2"/>
      </object_component>
      <object_component id="oc-2a">
         <name>.debug_frame</name>
         <load_address>0x17c</load_address>
         <run_address>0x17c</run_address>
         <size>0x90</size>
         <input_file_ref idref="fl-3"/>
      </object_component>
      <object_component id="oc-d7">
         <name>.debug_frame</name>
         <load_address>0x20c</load_address>
         <run_address>0x20c</run_address>
         <size>0x100</size>
         <input_file_ref idref="fl-4"/>
      </object_component>
      <object_component id="oc-130">
         <name>.debug_frame</name>
         <load_address>0x30c</load_address>
         <run_address>0x30c</run_address>
         <size>0x25c</size>
         <input_file_ref idref="fl-5"/>
      </object_component>
      <object_component id="oc-128">
         <name>.debug_frame</name>
         <load_address>0x568</load_address>
         <run_address>0x568</run_address>
[...]
      <handler>
         <index>0x0</index>
         <name>__TI_zero_init</name>
      </handler>
      <handler>
         <index>0x1</index>
         <name>__TI_decompress_lzss</name>
      </handler>
      <handler>
         <index>0x2</index>
         <name>__TI_decompress_none</name>
      </handler>
   </handler_table>
   <symbol_table>
      <symbol id="sm-1">
         <name>__STACK_TOP</name>
         <value>0x20000470</value>
      </symbol>
      <symbol id="sm-2">
         <name>__start___llvm_prf_cnts</name>
         <value>0x20000000</value>
      </symbol>
      <symbol id="sm-3">
         <name>__stop___llvm_prf_cnts</name>
         <value>0x20000000</value>
      </symbol>
      <symbol id="sm-4">
         <name>__TI_CINIT_Base</name>
         <value>0x2418</value>
      </symbol>
      <symbol id="sm-5">
         <name>__TI_CINIT_Limit</name>
         <value>0x2430</value>
      </symbol>
      <symbol id="sm-6">
         <name>__TI_Handler_Table_Base</name>
         <value>0x23f8</value>
      </symbol>
      <symbol id="sm-7">
         <name>__TI_Handler_Table_Limit</name>
         <value>0x2404</value>
      </symbol>
      <symbol id="sm-8">
         <name>SHT$$INIT_ARRAY$$Base</name>
         <value>0x23e0</value>
      </symbol>
      <symbol id="sm-9">
         <name>SHT$$INIT_ARRAY$$Limit</name>
         <value>0x23e4</value>
      </symbol>
      <symbol id="sm-a">
         <name>binit</name>
         <value>0xffffffff</value>
      </symbol>
      <symbol id="sm-b">
         <name>__binit__</name>
         <value>0xffffffff</value>
      </symbol>
      <symbol id="sm-c">
         <name>__STACK_SIZE</name>
         <value>0x200</value>
      </symbol>
      <symbol id="sm-d">
         <name>__STACK_END</name>
         <value>0x20000470</value>
      </symbol>
      <symbol id="sm-e">
         <name>__c_args__</name>
         <value>0xffffffff</value>
      </symbol>
      <symbol id="sm-f">
         <name>__TI_pprof_out_hndl</name>
         <value>0xffffffff</value>
      </symbol>
      <symbol id="sm-10">
         <name>__TI_prof_data_start</name>
         <value>0xffffffff</value>
      </symbol>
      <symbol id="sm-11">
         <name>__TI_prof_data_size</name>
         <value>0xffffffff</value>
      </symbol>
      <symbol id="sm-b7">
         <name>Version</name>
         <value>0x200004f5</value>
      </symbol>
      <symbol id="sm-b8">
         <name>AntennaGain</name>
         <value>0x200004f4</value>
      </symbol>
      <symbol id="sm-b9">
         <name>status</name>
         <value>0x200004f6</value>
      </symbol>
      <symbol id="sm-ba">
         <name>str</name>
         <value>0x200004d4</value>
      </symbol>
      <symbol id="sm-bb">
         <name>card_id</name>
         <value>0x200004ec</value>
      </symbol>
      <symbol id="sm-bc">
         <name>Buff</name>
         <value>0x20000470</value>
      </symbol>
      <symbol id="sm-bd">
         <name>Mfrc522</name>
         <value>0x200004e4</value>
         <object_component_ref idref="oc-147"/>
      </symbol>
      <symbol id="sm-be">
         <name>_Z12UARTSendDataPhi</name>
         <value>0x1005</value>
         <object_component_ref idref="oc-6c"/>
      </symbol>
      <symbol id="sm-bf">
         <name>_Z11lcd_defaultv</name>
         <value>0x13dd</value>
         <object_component_ref idref="oc-6c"/>
      </symbol>
      <symbol id="sm-c0">
         <name>_Z13UARTGetBufferPc</name>
         <value>0xf8d</value>
         <object_component_ref idref="oc-6c"/>
      </symbol>
      <symbol id="sm-c1">
         <name>_Z19lcdPrintInformationPhi</name>
         <value>0x1229</value>
         <object_component_ref idref="oc-6c"/>
      </symbol>
      <symbol id="sm-c2">
         <name>_Z16UARTSendData8bitPhi</name>
         <value>0x1033</value>
         <object_component_ref idref="oc-6c"/>
      </symbol>
      <symbol id="sm-c3">
         <name>_Z11InitConsolev</name>
         <value>0x1061</value>
         <object_component_ref idref="oc-6c"/>
      </symbol>
      <symbol id="sm-c4">
         <name>chipSelectPin</name>
         <value>0x200004f8</value>
         <object_component_ref idref="oc-13f"/>
      </symbol>
      <symbol id="sm-c5">
         <name>NRSTPD</name>
         <value>0x200004fc</value>
         <object_component_ref idref="oc-13f"/>
      </symbol>
      <symbol id="sm-c6">
         <name>main</name>
         <value>0x111d</value>
         <object_component_ref idref="oc-6c"/>
      </symbol>
      <symbol id="sm-c7">
         <name>_Z9init_LEDsv</name>
         <value>0xff3</value>
         <object_component_ref idref="oc-6c"/>
      </symbol>
      <symbol id="sm-c8">
         <name>_Z7InitSSIv</name>
         <value>0x10b3</value>
         <object_component_ref idref="oc-6c"/>
      </symbol>
      <symbol id="sm-c9">
         <name>__sti___6_main_c_c07e2482</name>
         <value>0x13fd</value>
         <object_component_ref idref="oc-6c"/>
      </symbol>
      <symbol id="sm-f9">
         <name>ResetISR</name>
         <value>0x2157</value>
         <object_component_ref idref="oc-28"/>
      </symbol>
      <symbol id="sm-fa">
         <name>g_pfnVectors</name>
         <value>0x0</value>
         <object_component_ref idref="oc-12"/>
      </symbol>
      <symbol id="sm-16e">
         <name>UARTgetc</name>
         <value>0x159b</value>
         <object_component_ref idref="oc-d2"/>
      </symbol>
      <symbol id="sm-16f">
         <name>UARTgets</name>
         <value>0x14e1</value>
         <object_component_ref idref="oc-d2"/>
      </symbol>
      <symbol id="sm-170">
         <name>UARTStdioConfig</name>
         <value>0x1455</value>
         <object_component_ref idref="oc-d2"/>
      </symbol>
      <symbol id="sm-171">
         <name>UARTwrite</name>
         <value>0x149b</value>
         <object_component_ref idref="oc-d2"/>
      </symbol>
      <symbol id="sm-172">
         <name>UARTprintf</name>
         <value>0x18bb</value>
         <object_component_ref idref="oc-d2"/>
      </symbol>
      <symbol id="sm-173">
         <name>UARTvprintf</name>
         <value>0x15c1</value>
         <object_component_ref idref="oc-d2"/>
      </symbol>
      <symbol id="sm-1c6">
         <name>_ZN7Mfrc522C1Eii</name>
         <value>0x29b</value>
         <object_component_ref idref="oc-12c"/>
      </symbol>
      <symbol id="sm-1c7">
         <name>_ZN7Mfrc5226ToCardEhPhhS0_Pj</name>
         <value>0x499</value>
         <object_component_ref idref="oc-12c"/>
      </symbol>
      <symbol id="sm-1c8">
         <name>_ZN7Mfrc52210WriteBlockEhPh</name>
         <value>0x94f</value>
         <object_component_ref idref="oc-12c"/>
      </symbol>
      <symbol id="sm-1c9">
         <name>_ZN7Mfrc52212ClearBitMaskEhh</name>
         <value>0x36b</value>
         <object_component_ref idref="oc-12c"/>
      </symbol>
      <symbol id="sm-1ca">
         <name>_ZN7Mfrc5228AnticollEPh</name>
         <value>0x667</value>
         <object_component_ref idref="oc-12c"/>
      </symbol>
      <symbol id="sm-1cb">
         <name>_ZN7Mfrc5224InitEv</name>
         <value>0x3e1</value>
         <object_component_ref idref="oc-12c"/>
      </symbol>
      <symbol id="sm-1cc">
         <name>_ZN7Mfrc5224AuthEhhPhS0_</name>
         <value>0x835</value>
         <object_component_ref idref="oc-12c"/>
      </symbol>
      <symbol id="sm-1cd">
         <name>_ZN7Mfrc5227RequestEhPh</name>
         <value>0x43d</value>
         <object_component_ref idref="oc-12c"/>
      </symbol>
      <symbol id="sm-1ce">
         <name>_ZN7Mfrc52210AntennaOffEv</name>
         <value>0x3c1</value>
         <object_component_ref idref="oc-12c"/>
      </symbol>
      <symbol id="sm-1cf">
         <name>_ZN7Mfrc5224HaltEv</name>
         <value>0xa33</value>
         <object_component_ref idref="oc-12c"/>
      </symbol>
      <symbol id="sm-1d0">
         <name>_ZN7Mfrc5228WriteRegEhh</name>
         <value>0x2b7</value>
         <object_component_ref idref="oc-12c"/>
      </symbol>
      <symbol id="sm-1d1">
         <name>_ZN7Mfrc5229SelectTagEPh</name>
         <value>0x7a3</value>
         <object_component_ref idref="oc-12c"/>
      </symbol>
      <symbol id="sm-1d2">
         <name>_ZN7Mfrc5229AntennaOnEv</name>
         <value>0x39b</value>
         <object_component_ref idref="oc-12c"/>
      </symbol>
      <symbol id="sm-1d3">
         <name>_ZN7Mfrc52210SetBitMaskEhh</name>
         <value>0x33b</value>
         <object_component_ref idref="oc-12c"/>
      </symbol>
      <symbol id="sm-1d4">
         <name>_ZN7Mfrc5225ResetEv</name>
         <value>0x3d1</value>
         <object_component_ref idref="oc-12c"/>
      </symbol>
      <symbol id="sm-1d5">
         <name>_ZN7Mfrc5229ReadBlockEhPh</name>
         <value>0x8f3</value>
         <object_component_ref idref="oc-12c"/>
      </symbol>
      <symbol id="sm-1d6">
         <name>_ZN7Mfrc522C2Eii</name>
         <value>0x29b</value>
         <object_component_ref idref="oc-12c"/>
      </symbol>
      <symbol id="sm-1d7">
         <name>_ZN7Mfrc52211CalulateCRCEPhhS0_</name>
         <value>0x701</value>
         <object_component_ref idref="oc-12c"/>
      </symbol>
      <symbol id="sm-1d8">
         <name>_Z12SPI_transferh</name>
         <value>0x26d</value>
         <object_component_ref idref="oc-12c"/>
      </symbol>
      <symbol id="sm-1d9">
         <name>_ZN7Mfrc5227ReadRegEh</name>
         <value>0x2f5</value>
         <object_component_ref idref="oc-12c"/>
      </symbol>
      <symbol id="sm-227">
         <name>_Z8lcd_putsPKc</name>
         <value>0xd69</value>
         <object_component_ref idref="oc-126"/>
      </symbol>
      <symbol id="sm-228">
         <name>_Z12lcd_delay_usm</name>
         <value>0xbd7</value>
         <object_component_ref idref="oc-126"/>
      </symbol>
      <symbol id="sm-229">
         <name>_Z12lcd_delay_msm</name>
         <value>0xbf5</value>
         <object_component_ref idref="oc-126"/>
      </symbol>
      <symbol id="sm-22a">
         <name>_Z8lcd_putcc</name>
         <value>0xd25</value>
         <object_component_ref idref="oc-126"/>
      </symbol>
      <symbol id="sm-22b">
         <name>_Z12lcd_put_bytehh</name>
         <value>0xa71</value>
         <object_component_ref idref="oc-126"/>
      </symbol>
      <symbol id="sm-22c">
         <name>_Z9lcd_clearv</name>
         <value>0xccf</value>
         <object_component_ref idref="oc-126"/>
      </symbol>
      <symbol id="sm-22d">
         <name>_Z8lcd_initv</name>
         <value>0xc15</value>
         <object_component_ref idref="oc-126"/>
      </symbol>
      <symbol id="sm-22e">
         <name>_Z11lcd_put_nummch</name>
         <value>0xdb1</value>
         <object_component_ref idref="oc-126"/>
      </symbol>
      <symbol id="sm-22f">
         <name>_Z10lcd_gotoxyhh</name>
         <value>0xce1</value>
         <object_component_ref idref="oc-126"/>
      </symbol>
      <symbol id="sm-230">
         <name>_Z12lcd_clr_putsPKcS0_</name>
         <value>0xd85</value>
         <object_component_ref idref="oc-126"/>
      </symbol>
      <symbol id="sm-27f">
         <name>GPIOPinConfigure</name>
         <value>0x1df5</value>
         <object_component_ref idref="oc-d8"/>
      </symbol>
      <symbol id="sm-280">
         <name>GPIOPinTypeUART</name>
         <value>0x20d3</value>
         <object_component_ref idref="oc-e4"/>
      </symbol>
      <symbol id="sm-281">
         <name>GPIOPinTypeGPIOOutput</name>
         <value>0x207d</value>
         <object_component_ref idref="oc-cc"/>
      </symbol>
      <symbol id="sm-282">
         <name>GPIODirModeSet</name>
         <value>0x2015</value>
         <object_component_ref idref="oc-1be"/>
      </symbol>
      <symbol id="sm-283">
         <name>GPIOPinWrite</name>
         <value>0x21a5</value>
         <object_component_ref idref="oc-132"/>
      </symbol>
      <symbol id="sm-284">
         <name>GPIOPadConfigSet</name>
         <value>0x18f1</value>
         <object_component_ref idref="oc-1b8"/>
      </symbol>
      <symbol id="sm-285">
         <name>GPIOPinTypeSSI</name>
         <value>0x20c1</value>
         <object_component_ref idref="oc-fc"/>
      </symbol>
      <symbol id="sm-2d0">
         <name>IntEnable</name>
         <value>0x1cc5</value>
         <object_component_ref idref="oc-f0"/>
      </symbol>
      <symbol id="sm-2d1">
         <name>IntRegister</name>
         <value>0x1f79</value>
         <object_component_ref idref="oc-202"/>
      </symbol>
      <symbol id="sm-2d2">
         <name>IntMasterDisable</name>
         <value>0x20f7</value>
         <object_component_ref idref="oc-120"/>
      </symbol>
      <symbol id="sm-2d3">
         <name>g_pfnRAMVectors</name>
         <value>0x20000000</value>
         <object_component_ref idref="oc-2b0"/>
      </symbol>
      <symbol id="sm-2d4">
         <name>IntMasterEnable</name>
         <value>0x2107</value>
         <object_component_ref idref="oc-138"/>
      </symbol>
      <symbol id="sm-30d">
         <name>SSIDataPut</name>
         <value>0x2163</value>
         <object_component_ref idref="oc-223"/>
      </symbol>
      <symbol id="sm-30e">
         <name>SSIDataGet</name>
         <value>0x214b</value>
         <object_component_ref idref="oc-22f"/>
      </symbol>
      <symbol id="sm-30f">
         <name>SSIDataGetNonBlocking</name>
         <value>0x20e5</value>
         <object_component_ref idref="oc-114"/>
      </symbol>
      <symbol id="sm-310">
         <name>SSIConfigSetExpClk</name>
         <value>0x1f05</value>
         <object_component_ref idref="oc-108"/>
      </symbol>
      <symbol id="sm-311">
         <name>SSIEnable</name>
         <value>0x216d</value>
         <object_component_ref idref="oc-10e"/>
      </symbol>
      <symbol id="sm-312">
         <name>SSIBusy</name>
         <value>0x2195</value>
         <object_component_ref idref="oc-229"/>
      </symbol>
      <symbol id="sm-36f">
         <name>SysCtlPeripheralPresent</name>
         <value>0x1f41</value>
         <object_component_ref idref="oc-1c6"/>
      </symbol>
      <symbol id="sm-370">
         <name>SysCtlClockSet</name>
         <value>0x1b35</value>
         <object_component_ref idref="oc-11a"/>
      </symbol>
      <symbol id="sm-371">
         <name>SysCtlDelay</name>
         <value>0x21ab</value>
         <object_component_ref idref="oc-13e"/>
      </symbol>
      <symbol id="sm-372">
         <name>SysCtlPeripheralEnable</name>
         <value>0x1fad</value>
         <object_component_ref idref="oc-c6"/>
      </symbol>
      <symbol id="sm-373">
         <name>SysCtlClockGet</name>
         <value>0x1a25</value>
         <object_component_ref idref="oc-102"/>
      </symbol>
      <symbol id="sm-3f5">
         <name>UARTConfigSetExpClk</name>
         <value>0x1e3d</value>
         <object_component_ref idref="oc-1cc"/>
      </symbol>
      <symbol id="sm-3f6">
         <name>UARTDisable</name>
         <value>0x2041</value>
         <object_component_ref idref="oc-28d"/>
      </symbol>
      <symbol id="sm-3f7">
         <name>UARTIntEnable</name>
         <value>0x219d</value>
         <object_component_ref idref="oc-f6"/>
      </symbol>
      <symbol id="sm-3f8">
         <name>UARTCharsAvail</name>
         <value>0x2117</value>
         <object_component_ref idref="oc-b4"/>
      </symbol>
      <symbol id="sm-3f9">
         <name>UARTClockSourceSet</name>
         <value>0x21b1</value>
         <object_component_ref idref="oc-de"/>
      </symbol>
      <symbol id="sm-3fa">
         <name>UARTCharPut</name>
         <value>0x2181</value>
         <object_component_ref idref="oc-1d8"/>
      </symbol>
      <symbol id="sm-3fb">
         <name>UARTEnable</name>
         <value>0x20ad</value>
         <object_component_ref idref="oc-1d2"/>
      </symbol>
      <symbol id="sm-3fc">
         <name>UARTIntClear</name>
         <value>0x21b7</value>
         <object_component_ref idref="oc-c0"/>
      </symbol>
      <symbol id="sm-3fd">
         <name>UARTIntStatus</name>
         <value>0x218b</value>
         <object_component_ref idref="oc-ba"/>
      </symbol>
      <symbol id="sm-3fe">
         <name>UARTCharGet</name>
         <value>0x2177</value>
         <object_component_ref idref="oc-ae"/>
      </symbol>
      <symbol id="sm-3ff">
         <name>UARTIntRegister</name>
         <value>0x2095</value>
         <object_component_ref idref="oc-ea"/>
      </symbol>
      <symbol id="sm-411">
         <name>CPUcpsie</name>
         <value>0x213f</value>
         <object_component_ref idref="oc-23e"/>
      </symbol>
      <symbol id="sm-412">
         <name>CPUcpsid</name>
         <value>0x2133</value>
         <object_component_ref idref="oc-219"/>
      </symbol>
      <symbol id="sm-421">
         <name>__aeabi_uidivmod</name>
         <value>0x1ec5</value>
         <object_component_ref idref="oc-1e7"/>
      </symbol>
      <symbol id="sm-422">
         <name>__aeabi_uidiv</name>
         <value>0x1ec5</value>
         <object_component_ref idref="oc-1e7"/>
      </symbol>
      <symbol id="sm-43b">
         <name>__TI_zero_init_nomemset</name>
         <value>0x2061</value>
         <object_component_ref idref="oc-48"/>
      </symbol>
      <symbol id="sm-452">
         <name>__TI_decompress_none</name>
         <value>0x2125</value>
         <object_component_ref idref="oc-1b"/>
      </symbol>
      <symbol id="sm-475">
         <name>__TI_decompress_lzss</name>
         <value>0x1d2d</value>
         <object_component_ref idref="oc-15"/>
      </symbol>
      <symbol id="sm-488">
         <name>__stack</name>
         <value>0x20000270</value>
         <object_component_ref idref="oc-25"/>
      </symbol>
      <symbol id="sm-489">
         <name>_c_int00_noargs</name>
         <value>0x1fe1</value>
         <object_component_ref idref="oc-5a"/>
      </symbol>
      <symbol id="sm-493">
         <name>__aeabi_idiv0</name>
         <value>0x1a23</value>
         <object_component_ref idref="oc-29c"/>
      </symbol>
      <symbol id="sm-494">
         <name>__aeabi_ldiv0</name>
         <value>0x1a23</value>
         <object_component_ref idref="oc-29c"/>
      </symbol>
      <symbol id="sm-4b0">
         <name>memcpy</name>
         <value>0x1c29</value>
         <object_component_ref idref="oc-3c"/>
      </symbol>
      <symbol id="sm-4b1">
         <name>__aeabi_memcpy</name>
         <value>0x1c29</value>
         <object_component_ref idref="oc-3c"/>
      </symbol>
      <symbol id="sm-4b2">
         <name>__aeabi_memcpy8</name>
         <value>0x1c29</value>
         <object_component_ref idref="oc-3c"/>
      </symbol>
      <symbol id="sm-4b3">
         <name>__aeabi_memcpy4</name>
         <value>0x1c29</value>
         <object_component_ref idref="oc-3c"/>
      </symbol>
      <symbol id="sm-4e0">
         <name>__TI_auto_init_nobinit</name>
         <value>0x1d95</value>
         <object_component_ref idref="oc-180"/>
      </symbol>
      <symbol id="sm-4ea">
         <name>_system_pre_init</name>
         <value>0x21bb</value>
         <object_component_ref idref="oc-9c"/>
      </symbol>
      <symbol id="sm-4f6">
         <name>C$$EXIT</name>
         <value>0x21bf</value>
         <object_component_ref idref="oc-16e"/>
      </symbol>
      <symbol id="sm-4f7">
         <name>abort</name>
         <value>0x21bf</value>
         <object_component_ref idref="oc-16e"/>
      </symbol>
      <symbol id="sm-4fa">
         <name>__TI_static_base__</name>
         <value>0x0</value>
      </symbol>
      <symbol id="sm-4fd">
         <name>__mpu_init</name>
         <value>0x0</value>
      </symbol>
      <symbol id="sm-4fe">
         <name>_system_post_cinit</name>
         <value>0x0</value>
      </symbol>
   </symbol_table>
   <title>Link successful</title>
</link_info>
