<?xml version="1.0" encoding="ISO-8859-1" ?>
<link_info>
   <banner>TI ARM Linker PC v20.2.6.LTS</banner>
   <copyright>Copyright (c) 1996-2018 Texas Instruments Incorporated</copyright>
   <link_time>0x63b0604e</link_time>
   <link_errors>0x0</link_errors>
   <output_file>LedConTrol.out</output_file>
   <entry_point>
      <name>_c_int00_noargs</name>
      <address>0x212d</address>
   </entry_point>
   <input_file_list>
      <input_file id="fl-2">
         <path>.\</path>
         <kind>object</kind>
         <file>main.obj</file>
         <name>main.obj</name>
      </input_file>
      <input_file id="fl-3">
         <path>.\</path>
         <kind>object</kind>
         <file>tm4c123gh6pm_startup_ccs.obj</file>
         <name>tm4c123gh6pm_startup_ccs.obj</name>
      </input_file>
      <input_file id="fl-4">
         <path>.\</path>
         <kind>object</kind>
         <file>uartstudio.obj</file>
         <name>uartstudio.obj</name>
      </input_file>
      <input_file id="fl-5">
         <path>.\Library\</path>
         <kind>object</kind>
         <file>Mfrc522.obj</file>
         <name>Mfrc522.obj</name>
      </input_file>
      <input_file id="fl-6">
         <path>.\Library\</path>
         <kind>object</kind>
         <file>lcd.obj</file>
         <name>lcd.obj</name>
      </input_file>
      <input_file id="fl-b">
         <kind>object</kind>
         <file>&lt;internal&gt;</file>
         <name>&lt;internal&gt;</name>
      </input_file>
      <input_file id="fl-c">
         <path>C:\ti\TivaWare_C_Series-2.1.2.111\driverlib\ccs\Debug\</path>
         <kind>archive</kind>
         <file>driverlib.lib</file>
         <name>gpio.obj</name>
      </input_file>
      <input_file id="fl-d">
         <path>C:\ti\TivaWare_C_Series-2.1.2.111\driverlib\ccs\Debug\</path>
         <kind>archive</kind>
         <file>driverlib.lib</file>
         <name>interrupt.obj</name>
      </input_file>
      <input_file id="fl-e">
         <path>C:\ti\TivaWare_C_Series-2.1.2.111\driverlib\ccs\Debug\</path>
         <kind>archive</kind>
         <file>driverlib.lib</file>
         <name>ssi.obj</name>
      </input_file>
      <input_file id="fl-f">
         <path>C:\ti\TivaWare_C_Series-2.1.2.111\driverlib\ccs\Debug\</path>
         <kind>archive</kind>
         <file>driverlib.lib</file>
         <name>sysctl.obj</name>
      </input_file>
      <input_file id="fl-10">
         <path>C:\ti\TivaWare_C_Series-2.1.2.111\driverlib\ccs\Debug\</path>
         <kind>archive</kind>
         <file>driverlib.lib</file>
         <name>uart.obj</name>
      </input_file>
      <input_file id="fl-11">
         <path>C:\ti\TivaWare_C_Series-2.1.2.111\driverlib\ccs\Debug\</path>
         <kind>archive</kind>
         <file>driverlib.lib</file>
         <name>cpu.obj</name>
      </input_file>
      <input_file id="fl-c7">
         <path>C:\ti\ccs1200\ccs\tools\compiler\ti-cgt-arm_20.2.6.LTS\lib\</path>
         <kind>archive</kind>
         <file>rtsv7M4_T_le_v4SPD16_eabi.lib</file>
         <name>u_divt2.asm.obj</name>
      </input_file>
      <input_file id="fl-c8">
         <path>C:\ti\ccs1200\ccs\tools\compiler\ti-cgt-arm_20.2.6.LTS\lib\</path>
         <kind>archive</kind>
         <file>rtsv7M4_T_le_v4SPD16_eabi.lib</file>
         <name>copy_zero_init.c.obj</name>
      </input_file>
      <input_file id="fl-c9">
         <path>C:\ti\ccs1200\ccs\tools\compiler\ti-cgt-arm_20.2.6.LTS\lib\</path>
         <kind>archive</kind>
         <file>rtsv7M4_T_le_v4SPD16_eabi.lib</file>
         <name>copy_decompress_none.c.obj</name>
      </input_file>
      <input_file id="fl-ca">
         <path>C:\ti\ccs1200\ccs\tools\compiler\ti-cgt-arm_20.2.6.LTS\lib\</path>
         <kind>archive</kind>
         <file>rtsv7M4_T_le_v4SPD16_eabi.lib</file>
         <name>copy_decompress_lzss.c.obj</name>
      </input_file>
      <input_file id="fl-cb">
         <path>C:\ti\ccs1200\ccs\tools\compiler\ti-cgt-arm_20.2.6.LTS\lib\</path>
         <kind>archive</kind>
         <file>rtsv7M4_T_le_v4SPD16_eabi.lib</file>
         <name>boot_cortex_m.c.obj</name>
      </input_file>
      <input_file id="fl-cc">
         <path>C:\ti\ccs1200\ccs\tools\compiler\ti-cgt-arm_20.2.6.LTS\lib\</path>
         <kind>archive</kind>
         <file>rtsv7M4_T_le_v4SPD16_eabi.lib</file>
         <name>div0.asm.obj</name>
      </input_file>
      <input_file id="fl-cd">
         <path>C:\ti\ccs1200\ccs\tools\compiler\ti-cgt-arm_20.2.6.LTS\lib\</path>
         <kind>archive</kind>
         <file>rtsv7M4_T_le_v4SPD16_eabi.lib</file>
         <name>memcpy_t2.asm.obj</name>
      </input_file>
      <input_file id="fl-ce">
         <path>C:\ti\ccs1200\ccs\tools\compiler\ti-cgt-arm_20.2.6.LTS\lib\</path>
         <kind>archive</kind>
         <file>rtsv7M4_T_le_v4SPD16_eabi.lib</file>
         <name>memset_t2.asm.obj</name>
      </input_file>
      <input_file id="fl-cf">
         <path>C:\ti\ccs1200\ccs\tools\compiler\ti-cgt-arm_20.2.6.LTS\lib\</path>
         <kind>archive</kind>
         <file>rtsv7M4_T_le_v4SPD16_eabi.lib</file>
         <name>autoinit.c.obj</name>
      </input_file>
      <input_file id="fl-d0">
         <path>C:\ti\ccs1200\ccs\tools\compiler\ti-cgt-arm_20.2.6.LTS\lib\</path>
         <kind>archive</kind>
         <file>rtsv7M4_T_le_v4SPD16_eabi.lib</file>
         <name>pre_init.c.obj</name>
      </input_file>
      <input_file id="fl-d1">
         <path>C:\ti\ccs1200\ccs\tools\compiler\ti-cgt-arm_20.2.6.LTS\lib\</path>
         <kind>archive</kind>
         <file>rtsv7M4_T_le_v4SPD16_eabi.lib</file>
         <name>cpy_tbl.c.obj</name>
      </input_file>
      <input_file id="fl-d2">
         <path>C:\ti\ccs1200\ccs\tools\compiler\ti-cgt-arm_20.2.6.LTS\lib\</path>
         <kind>archive</kind>
         <file>rtsv7M4_T_le_v4SPD16_eabi.lib</file>
         <name>exit.c.obj</name>
      </input_file>
      <input_file id="fl-d3">
         <path>C:\ti\ccs1200\ccs\tools\compiler\ti-cgt-arm_20.2.6.LTS\lib\</path>
         <kind>archive</kind>
         <file>rtsv7M4_T_le_v4SPD16_eabi.lib</file>
         <name>_lock.c.obj</name>
      </input_file>
      <input_file id="fl-d4">
         <path>C:\ti\ccs1200\ccs\tools\compiler\ti-cgt-arm_20.2.6.LTS\lib\</path>
         <kind>archive</kind>
         <file>rtsv7M4_T_le_v4SPD16_eabi.lib</file>
         <name>args_main.c.obj</name>
      </input_file>
   </input_file_list>
   <object_component_list>
      <object_component id="oc-12">
         <name>.intvecs</name>
         <load_address>0x0</load_address>
         <run_address>0x0</run_address>
         <size>0x26c</size>
         <input_file_ref idref="fl-3"/>
      </object_component>
      <object_component id="oc-12c">
         <name>.text</name>
         <load_address>0x26c</load_address>
         <run_address>0x26c</run_address>
         <size>0x804</size>
         <input_file_ref idref="fl-5"/>
      </object_component>
      <object_component id="oc-6c">
         <name>.text</name>
         <load_address>0xa70</load_address>
         <run_address>0xa70</run_address>
         <size>0x63c</size>
         <input_file_ref idref="fl-2"/>
      </object_component>
      <object_component id="oc-126">
         <name>.text</name>
         <load_address>0x10ac</load_address>
         <run_address>0x10ac</run_address>
         <size>0x4f4</size>
         <input_file_ref idref="fl-6"/>
      </object_component>
      <object_component id="oc-d2">
         <name>.text</name>
         <load_address>0x15a0</load_address>
         <run_address>0x15a0</run_address>
         <size>0x49c</size>
         <input_file_ref idref="fl-4"/>
      </object_component>
      <object_component id="oc-1b8">
         <name>.text:GPIOPadConfigSet</name>
         <load_address>0x1a3c</load_address>
         <run_address>0x1a3c</run_address>
         <size>0x132</size>
         <input_file_ref idref="fl-c"/>
      </object_component>
      <object_component id="oc-2a1">
         <name>.text</name>
         <load_address>0x1b6e</load_address>
         <run_address>0x1b6e</run_address>
         <size>0x2</size>
         <input_file_ref idref="fl-cc"/>
      </object_component>
      <object_component id="oc-102">
         <name>.text:SysCtlClockGet</name>
         <load_address>0x1b70</load_address>
         <run_address>0x1b70</run_address>
         <size>0x110</size>
         <input_file_ref idref="fl-f"/>
      </object_component>
      <object_component id="oc-11a">
         <name>.text:SysCtlClockSet</name>
         <load_address>0x1c80</load_address>
         <run_address>0x1c80</run_address>
         <size>0xf4</size>
         <input_file_ref idref="fl-f"/>
      </object_component>
      <object_component id="oc-3c">
         <name>.text</name>
         <load_address>0x1d74</load_address>
         <run_address>0x1d74</run_address>
         <size>0x9c</size>
         <input_file_ref idref="fl-cd"/>
      </object_component>
      <object_component id="oc-f0">
         <name>.text:IntEnable</name>
         <load_address>0x1e10</load_address>
         <run_address>0x1e10</run_address>
         <size>0x68</size>
         <input_file_ref idref="fl-d"/>
      </object_component>
      <object_component id="oc-15">
         <name>.text:decompress:lzss:__TI_decompress_lzss</name>
         <load_address>0x1e78</load_address>
         <run_address>0x1e78</run_address>
         <size>0x68</size>
         <input_file_ref idref="fl-ca"/>
      </object_component>
      <object_component id="oc-180">
         <name>.text:__TI_auto_init_nobinit:__TI_auto_init_nobinit</name>
         <load_address>0x1ee0</load_address>
         <run_address>0x1ee0</run_address>
         <size>0x60</size>
         <input_file_ref idref="fl-cf"/>
      </object_component>
      <object_component id="oc-d8">
         <name>.text:GPIOPinConfigure</name>
         <load_address>0x1f40</load_address>
         <run_address>0x1f40</run_address>
         <size>0x48</size>
         <input_file_ref idref="fl-c"/>
      </object_component>
      <object_component id="oc-1cc">
         <name>.text:UARTConfigSetExpClk</name>
         <load_address>0x1f88</load_address>
         <run_address>0x1f88</run_address>
         <size>0x46</size>
         <input_file_ref idref="fl-10"/>
      </object_component>
      <object_component id="oc-1fc">
         <name>.text:_UARTIntNumberGet</name>
         <load_address>0x1fd0</load_address>
         <run_address>0x1fd0</run_address>
         <size>0x40</size>
         <input_file_ref idref="fl-10"/>
      </object_component>
      <object_component id="oc-1e7">
         <name>.text</name>
         <load_address>0x2010</load_address>
         <run_address>0x2010</run_address>
         <size>0x40</size>
         <input_file_ref idref="fl-c7"/>
      </object_component>
      <object_component id="oc-108">
         <name>.text:SSIConfigSetExpClk</name>
         <load_address>0x2050</load_address>
         <run_address>0x2050</run_address>
         <size>0x3c</size>
         <input_file_ref idref="fl-e"/>
      </object_component>
      <object_component id="oc-1c6">
         <name>.text:SysCtlPeripheralPresent</name>
         <load_address>0x208c</load_address>
         <run_address>0x208c</run_address>
         <size>0x38</size>
         <input_file_ref idref="fl-f"/>
      </object_component>
      <object_component id="oc-202">
         <name>.text:IntRegister</name>
         <load_address>0x20c4</load_address>
         <run_address>0x20c4</run_address>
         <size>0x34</size>
         <input_file_ref idref="fl-d"/>
      </object_component>
      <object_component id="oc-c6">
         <name>.text:SysCtlPeripheralEnable</name>
         <load_address>0x20f8</load_address>
         <run_address>0x20f8</run_address>
         <size>0x34</size>
         <input_file_ref idref="fl-f"/>
      </object_component>
      <object_component id="oc-5a">
         <name>.text:_c_int00_noargs:_c_int00_noargs</name>
         <load_address>0x212c</load_address>
         <run_address>0x212c</run_address>
         <size>0x34</size>
         <input_file_ref idref="fl-cb"/>
      </object_component>
      <object_component id="oc-1be">
         <name>.text:GPIODirModeSet</name>
         <load_address>0x2160</load_address>
         <run_address>0x2160</run_address>
         <size>0x2a</size>
         <input_file_ref idref="fl-c"/>
      </object_component>
      <object_component id="oc-292">
         <name>.text:UARTDisable</name>
         <load_address>0x218c</load_address>
         <run_address>0x218c</run_address>
         <size>0x20</size>
         <input_file_ref idref="fl-10"/>
      </object_component>
      <object_component id="oc-48">
         <name>.text:decompress:ZI:__TI_zero_init_nomemset:__TI_zero_init_nomemset</name>
         <load_address>0x21ac</load_address>
         <run_address>0x21ac</run_address>
         <size>0x1c</size>
         <input_file_ref idref="fl-c8"/>
      </object_component>
      <object_component id="oc-cc">
         <name>.text:GPIOPinTypeGPIOOutput</name>
         <load_address>0x21c8</load_address>
         <run_address>0x21c8</run_address>
         <size>0x18</size>
         <input_file_ref idref="fl-c"/>
      </object_component>
      <object_component id="oc-ea">
         <name>.text:UARTIntRegister</name>
         <load_address>0x21e0</load_address>
         <run_address>0x21e0</run_address>
         <size>0x18</size>
         <input_file_ref idref="fl-10"/>
      </object_component>
      <object_component id="oc-1d2">
         <name>.text:UARTEnable</name>
         <load_address>0x21f8</load_address>
         <run_address>0x21f8</run_address>
         <size>0x14</size>
         <input_file_ref idref="fl-10"/>
      </object_component>
      <object_component id="oc-fc">
         <name>.text:GPIOPinTypeSSI</name>
         <load_address>0x220c</load_address>
         <run_address>0x220c</run_address>
         <size>0x12</size>
         <input_file_ref idref="fl-c"/>
      </object_component>
      <object_component id="oc-e4">
         <name>.text:GPIOPinTypeUART</name>
         <load_address>0x221e</load_address>
         <run_address>0x221e</run_address>
         <size>0x12</size>
         <input_file_ref idref="fl-c"/>
      </object_component>
      <object_component id="oc-114">
         <name>.text:SSIDataGetNonBlocking</name>
         <load_address>0x2230</load_address>
         <run_address>0x2230</run_address>
         <size>0x12</size>
         <input_file_ref idref="fl-e"/>
      </object_component>
      <object_component id="oc-120">
         <name>.text:IntMasterDisable</name>
         <load_address>0x2242</load_address>
         <run_address>0x2242</run_address>
         <size>0x10</size>
         <input_file_ref idref="fl-d"/>
      </object_component>
      <object_component id="oc-138">
         <name>.text:IntMasterEnable</name>
         <load_address>0x2252</load_address>
         <run_address>0x2252</run_address>
         <size>0x10</size>
         <input_file_ref idref="fl-d"/>
      </object_component>
      <object_component id="oc-b4">
         <name>.text:UARTCharsAvail</name>
         <load_address>0x2262</load_address>
         <run_address>0x2262</run_address>
         <size>0xe</size>
         <input_file_ref idref="fl-10"/>
      </object_component>
      <object_component id="oc-1b">
         <name>.text:decompress:none:__TI_decompress_none</name>
         <load_address>0x2270</load_address>
         <run_address>0x2270</run_address>
         <size>0xe</size>
         <input_file_ref idref="fl-c9"/>
      </object_component>
      <object_component id="oc-219">
         <name>.text:CPUcpsid</name>
         <load_address>0x227e</load_address>
         <run_address>0x227e</run_address>
         <size>0xc</size>
         <input_file_ref idref="fl-11"/>
      </object_component>
      <object_component id="oc-23e">
         <name>.text:CPUcpsie</name>
         <load_address>0x228a</load_address>
         <run_address>0x228a</run_address>
         <size>0xc</size>
         <input_file_ref idref="fl-11"/>
      </object_component>
      <object_component id="oc-22f">
         <name>.text:SSIDataGet</name>
         <load_address>0x2296</load_address>
         <run_address>0x2296</run_address>
         <size>0xc</size>
         <input_file_ref idref="fl-e"/>
      </object_component>
      <object_component id="oc-28">
         <name>.text</name>
         <load_address>0x22a2</load_address>
         <run_address>0x22a2</run_address>
         <size>0xc</size>
         <input_file_ref idref="fl-3"/>
      </object_component>
      <object_component id="oc-223">
         <name>.text:SSIDataPut</name>
         <load_address>0x22ae</load_address>
         <run_address>0x22ae</run_address>
         <size>0xa</size>
         <input_file_ref idref="fl-e"/>
      </object_component>
      <object_component id="oc-10e">
         <name>.text:SSIEnable</name>
         <load_address>0x22b8</load_address>
         <run_address>0x22b8</run_address>
         <size>0xa</size>
         <input_file_ref idref="fl-e"/>
      </object_component>
      <object_component id="oc-ae">
         <name>.text:UARTCharGet</name>
         <load_address>0x22c2</load_address>
         <run_address>0x22c2</run_address>
         <size>0xa</size>
         <input_file_ref idref="fl-10"/>
      </object_component>
      <object_component id="oc-1d8">
         <name>.text:UARTCharPut</name>
         <load_address>0x22cc</load_address>
         <run_address>0x22cc</run_address>
         <size>0xa</size>
         <input_file_ref idref="fl-10"/>
      </object_component>
      <object_component id="oc-ba">
         <name>.text:UARTIntStatus</name>
         <load_address>0x22d6</load_address>
         <run_address>0x22d6</run_address>
         <size>0xa</size>
         <input_file_ref idref="fl-10"/>
      </object_component>
      <object_component id="oc-229">
         <name>.text:SSIBusy</name>
         <load_address>0x22e0</load_address>
         <run_address>0x22e0</run_address>
         <size>0x8</size>
         <input_file_ref idref="fl-e"/>
      </object_component>
      <object_component id="oc-f6">
         <name>.text:UARTIntEnable</name>
         <load_address>0x22e8</load_address>
         <run_address>0x22e8</run_address>
         <size>0x8</size>
         <input_file_ref idref="fl-10"/>
      </object_component>
      <object_component id="oc-132">
         <name>.text:GPIOPinWrite</name>
         <load_address>0x22f0</load_address>
         <run_address>0x22f0</run_address>
         <size>0x6</size>
         <input_file_ref idref="fl-c"/>
      </object_component>
      <object_component id="oc-13e">
         <name>.text:SysCtlDelay</name>
         <load_address>0x22f6</load_address>
         <run_address>0x22f6</run_address>
         <size>0x6</size>
         <input_file_ref idref="fl-f"/>
      </object_component>
      <object_component id="oc-de">
         <name>.text:UARTClockSourceSet</name>
         <load_address>0x22fc</load_address>
         <run_address>0x22fc</run_address>
         <size>0x6</size>
         <input_file_ref idref="fl-10"/>
      </object_component>
      <object_component id="oc-c0">
         <name>.text:UARTIntClear</name>
         <load_address>0x2302</load_address>
         <run_address>0x2302</run_address>
         <size>0x4</size>
         <input_file_ref idref="fl-10"/>
      </object_component>
      <object_component id="oc-9c">
         <name>.text:_system_pre_init</name>
         <load_address>0x2306</load_address>
         <run_address>0x2306</run_address>
         <size>0x4</size>
         <input_file_ref idref="fl-d0"/>
      </object_component>
      <object_component id="oc-16e">
         <name>.text:abort:abort</name>
         <load_address>0x230a</load_address>
         <run_address>0x230a</run_address>
         <size>0x4</size>
         <input_file_ref idref="fl-d2"/>
      </object_component>
      <object_component id="oc-1f6">
         <name>.const:g_pui32GPIOBaseAddrs</name>
         <load_address>0x2310</load_address>
         <run_address>0x2310</run_address>
         <size>0x90</size>
         <input_file_ref idref="fl-c"/>
      </object_component>
      <object_component id="oc-209">
         <name>.const</name>
         <load_address>0x23a0</load_address>
         <run_address>0x23a0</run_address>
         <size>0x70</size>
         <input_file_ref idref="fl-d"/>
      </object_component>
      <object_component id="oc-210">
         <name>.const:g_pui32Xtals</name>
         <load_address>0x2410</load_address>
         <run_address>0x2410</run_address>
         <size>0x6c</size>
         <input_file_ref idref="fl-f"/>
      </object_component>
      <object_component id="oc-2ae">
         <name>.const:g_ppui32UARTIntMap</name>
         <load_address>0x247c</load_address>
         <run_address>0x247c</run_address>
         <size>0x40</size>
         <input_file_ref idref="fl-10"/>
      </object_component>
      <object_component id="oc-2b1">
         <name>.const:g_ppui32UARTIntMapSnowflake</name>
         <load_address>0x24bc</load_address>
         <run_address>0x24bc</run_address>
         <size>0x40</size>
         <input_file_ref idref="fl-10"/>
      </object_component>
      <object_component id="oc-2a7">
         <name>.const:.string</name>
         <load_address>0x24fc</load_address>
         <run_address>0x24fc</run_address>
         <size>0x12</size>
         <input_file_ref idref="fl-4"/>
      </object_component>
      <object_component id="oc-1e4">
         <name>.const:g_ui32UARTBase</name>
         <load_address>0x2510</load_address>
         <run_address>0x2510</run_address>
         <size>0xc</size>
         <input_file_ref idref="fl-4"/>
      </object_component>
      <object_component id="oc-1de">
         <name>.const:g_ui32UARTPeriph</name>
         <load_address>0x251c</load_address>
         <run_address>0x251c</run_address>
         <size>0xc</size>
         <input_file_ref idref="fl-4"/>
      </object_component>
      <object_component id="oc-1ec">
         <name>.const</name>
         <load_address>0x2528</load_address>
         <run_address>0x2528</run_address>
         <size>0x4</size>
         <input_file_ref idref="fl-4"/>
      </object_component>
      <object_component id="oc-32e">
         <name>.cinit..data.load</name>
         <load_address>0x2530</load_address>
         <run_address>0x2530</run_address>
         <size>0xd</size>
      </object_component>
      <object_component id="oc-32b">
         <name>__TI_handler_table</name>
         <load_address>0x2540</load_address>
         <run_address>0x2540</run_address>
         <size>0xc</size>
      </object_component>
      <object_component id="oc-32f">
         <name>.cinit..bss.load</name>
         <load_address>0x2550</load_address>
         <run_address>0x2550</run_address>
         <size>0x8</size>
      </object_component>
      <object_component id="oc-32d">
         <name>.cinit..vtable.load</name>
         <load_address>0x2558</load_address>
         <run_address>0x2558</run_address>
         <size>0x8</size>
      </object_component>
      <object_component id="oc-32c">
         <name>__TI_cinit_table</name>
         <load_address>0x2560</load_address>
         <run_address>0x2560</run_address>
         <size>0x18</size>
      </object_component>
      <object_component id="oc-24">
         <name>.init_array</name>
         <load_address>0x252c</load_address>
         <run_address>0x252c</run_address>
         <size>0x4</size>
         <input_file_ref idref="fl-2"/>
      </object_component>
      <object_component id="oc-330">
         <name>SHT$$INIT_ARRAY$$Limit</name>
         <load_address>0x2530</load_address>
         <run_address>0x2530</run_address>
         <size>0x0</size>
      </object_component>
      <object_component id="oc-2b5">
         <name>.vtable</name>
         <uninitialized>true</uninitialized>
         <run_address>0x20000000</run_address>
         <size>0x26c</size>
         <input_file_ref idref="fl-d"/>
      </object_component>
      <object_component id="oc-13f">
         <name>.data</name>
         <load_address>0x200004f8</load_address>
         <run_address>0x200004f8</run_address>
         <size>0xa</size>
         <input_file_ref idref="fl-2"/>
      </object_component>
      <object_component id="oc-1e1">
         <name>.data</name>
         <load_address>0x20000504</load_address>
         <run_address>0x20000504</run_address>
         <size>0x5</size>
         <input_file_ref idref="fl-4"/>
      </object_component>
      <object_component id="oc-147">
         <name>.bss:Mfrc522</name>
         <uninitialized>true</uninitialized>
         <run_address>0x200004e4</run_address>
         <size>0x8</size>
         <input_file_ref idref="fl-2"/>
      </object_component>
      <object_component id="oc-14a">
         <name>.common:Version</name>
         <uninitialized>true</uninitialized>
         <run_address>0x200004f5</run_address>
         <size>0x1</size>
      </object_component>
      <object_component id="oc-14b">
         <name>.common:AntennaGain</name>
         <uninitialized>true</uninitialized>
         <run_address>0x200004f4</run_address>
         <size>0x1</size>
      </object_component>
      <object_component id="oc-14c">
         <name>.common:status</name>
         <uninitialized>true</uninitialized>
         <run_address>0x200004f6</run_address>
         <size>0x1</size>
      </object_component>
      <object_component id="oc-14d">
         <name>.common:str</name>
         <uninitialized>true</uninitialized>
         <run_address>0x200004d4</run_address>
         <size>0x10</size>
      </object_component>
      <object_component id="oc-142">
         <name>.common:card_id</name>
         <uninitialized>true</uninitialized>
         <run_address>0x200004ec</run_address>
         <size>0x8</size>
      </object_component>
      <object_component id="oc-146">
         <name>.common:Buff</name>
         <uninitialized>true</uninitialized>
         <run_address>0x20000470</run_address>
         <size>0x64</size>
      </object_component>
      <object_component id="oc-25">
         <name>.stack</name>
         <uninitialized>true</uninitialized>
         <run_address>0x20000270</run_address>
         <size>0x4</size>
         <input_file_ref idref="fl-cb"/>
      </object_component>
      <object_component id="oc-332">
         <name>.stack</name>
         <uninitialized>true</uninitialized>
         <run_address>0x20000270</run_address>
         <size>0x0</size>
      </object_component>
      <object_component id="oc-143">
         <name>.debug_info</name>
         <load_address>0x0</load_address>
         <run_address>0x0</run_address>
         <size>0xc9c</size>
         <input_file_ref idref="fl-2"/>
      </object_component>
      <object_component id="oc-140">
         <name>.debug_info</name>
         <load_address>0xc9c</load_address>
         <run_address>0xc9c</run_address>
         <size>0xf4</size>
         <input_file_ref idref="fl-2"/>
      </object_component>
      <object_component id="oc-148">
         <name>.debug_info</name>
         <load_address>0xd90</load_address>
         <run_address>0xd90</run_address>
         <size>0xcb</size>
         <input_file_ref idref="fl-2"/>
      </object_component>
      <object_component id="oc-6e">
         <name>.debug_info</name>
         <load_address>0xe5b</load_address>
         <run_address>0xe5b</run_address>
         <size>0xfdc</size>
         <input_file_ref idref="fl-2"/>
      </object_component>
      <object_component id="oc-236">
         <name>.debug_info</name>
         <load_address>0x1e37</load_address>
         <run_address>0x1e37</run_address>
         <size>0x269</size>
         <input_file_ref idref="fl-2"/>
      </object_component>
      <object_component id="oc-14f">
         <name>.debug_info</name>
         <load_address>0x20a0</load_address>
         <run_address>0x20a0</run_address>
         <size>0x8b</size>
         <input_file_ref idref="fl-2"/>
      </object_component>
      <object_component id="oc-25d">
         <name>.debug_info</name>
         <load_address>0x212b</load_address>
         <run_address>0x212b</run_address>
         <size>0x198</size>
         <input_file_ref idref="fl-2"/>
      </object_component>
      <object_component id="oc-253">
         <name>.debug_info</name>
         <load_address>0x22c3</load_address>
         <run_address>0x22c3</run_address>
         <size>0x2d6</size>
         <input_file_ref idref="fl-2"/>
      </object_component>
      <object_component id="oc-154">
         <name>.debug_info</name>
         <load_address>0x2599</load_address>
         <run_address>0x2599</run_address>
         <size>0xbb</size>
         <input_file_ref idref="fl-2"/>
      </object_component>
      <object_component id="oc-249">
         <name>.debug_info</name>
         <load_address>0x2654</load_address>
         <run_address>0x2654</run_address>
         <size>0x2a1</size>
         <input_file_ref idref="fl-2"/>
      </object_component>
      <object_component id="oc-24e">
         <name>.debug_info</name>
         <load_address>0x28f5</load_address>
         <run_address>0x28f5</run_address>
         <size>0xfe</size>
         <input_file_ref idref="fl-2"/>
      </object_component>
      <object_component id="oc-258">
         <name>.debug_info</name>
         <load_address>0x29f3</load_address>
         <run_address>0x29f3</run_address>
         <size>0x35</size>
         <input_file_ref idref="fl-2"/>
      </object_component>
      <object_component id="oc-30">
         <name>.debug_info</name>
         <load_address>0x2a28</load_address>
         <run_address>0x2a28</run_address>
         <size>0x2aa</size>
         <input_file_ref idref="fl-3"/>
      </object_component>
      <object_component id="oc-13">
         <name>.debug_info</name>
         <load_address>0x2cd2</load_address>
         <run_address>0x2cd2</run_address>
         <size>0xe9</size>
         <input_file_ref idref="fl-3"/>
      </object_component>
      <object_component id="oc-2b">
         <name>.debug_info</name>
         <load_address>0x2dbb</load_address>
         <run_address>0x2dbb</run_address>
         <size>0x265</size>
         <input_file_ref idref="fl-3"/>
      </object_component>
      <object_component id="oc-77">
         <name>.debug_info</name>
         <load_address>0x3020</load_address>
         <run_address>0x3020</run_address>
         <size>0x26b</size>
         <input_file_ref idref="fl-3"/>
      </object_component>
      <object_component id="oc-37">
         <name>.debug_info</name>
         <load_address>0x328b</load_address>
         <run_address>0x328b</run_address>
         <size>0x84</size>
         <input_file_ref idref="fl-3"/>
      </object_component>
      <object_component id="oc-159">
         <name>.debug_info</name>
         <load_address>0x330f</load_address>
         <run_address>0x330f</run_address>
         <size>0x2a4</size>
         <input_file_ref idref="fl-3"/>
      </object_component>
      <object_component id="oc-7c">
         <name>.debug_info</name>
         <load_address>0x35b3</load_address>
         <run_address>0x35b3</run_address>
         <size>0xbb</size>
         <input_file_ref idref="fl-3"/>
      </object_component>
      <object_component id="oc-1f0">
         <name>.debug_info</name>
         <load_address>0x366e</load_address>
         <run_address>0x366e</run_address>
         <size>0x3df</size>
         <input_file_ref idref="fl-4"/>
      </object_component>
      <object_component id="oc-1e2">
         <name>.debug_info</name>
         <load_address>0x3a4d</load_address>
         <run_address>0x3a4d</run_address>
         <size>0xd6</size>
         <input_file_ref idref="fl-4"/>
      </object_component>
      <object_component id="oc-1ed">
         <name>.debug_info</name>
         <load_address>0x3b23</load_address>
         <run_address>0x3b23</run_address>
         <size>0xd0</size>
         <input_file_ref idref="fl-4"/>
      </object_component>
      <object_component id="oc-1e5">
         <name>.debug_info</name>
         <load_address>0x3bf3</load_address>
         <run_address>0x3bf3</run_address>
         <size>0xde</size>
         <input_file_ref idref="fl-4"/>
      </object_component>
      <object_component id="oc-1df">
         <name>.debug_info</name>
         <load_address>0x3cd1</load_address>
         <run_address>0x3cd1</run_address>
         <size>0xe2</size>
         <input_file_ref idref="fl-4"/>
      </object_component>
      <object_component id="oc-d3">
         <name>.debug_info</name>
         <load_address>0x3db3</load_address>
         <run_address>0x3db3</run_address>
         <size>0x78b</size>
         <input_file_ref idref="fl-4"/>
      </object_component>
      <object_component id="oc-1f1">
         <name>.debug_info</name>
         <load_address>0x453e</load_address>
         <run_address>0x453e</run_address>
         <size>0x2c</size>
         <input_file_ref idref="fl-4"/>
      </object_component>
      <object_component id="oc-23b">
         <name>.debug_info</name>
         <load_address>0x456a</load_address>
         <run_address>0x456a</run_address>
         <size>0x4f4</size>
         <input_file_ref idref="fl-5"/>
      </object_component>
      <object_component id="oc-130">
         <name>.debug_info</name>
         <load_address>0x4a5e</load_address>
         <run_address>0x4a5e</run_address>
         <size>0x1a75</size>
         <input_file_ref idref="fl-5"/>
      </object_component>
      <object_component id="oc-221">
         <name>.debug_info</name>
         <load_address>0x64d3</load_address>
         <run_address>0x64d3</run_address>
         <size>0x40f</size>
         <input_file_ref idref="fl-6"/>
      </object_component>
      <object_component id="oc-127">
         <name>.debug_info</name>
         <load_address>0x68e2</load_address>
         <run_address>0x68e2</run_address>
         <size>0xcac</size>
         <input_file_ref idref="fl-6"/>
      </object_component>
      <object_component id="oc-1c5">
         <name>.debug_info</name>
         <load_address>0x758e</load_address>
         <run_address>0x758e</run_address>
         <size>0x230</size>
         <input_file_ref idref="fl-c"/>
      </object_component>
      <object_component id="oc-1f7">
         <name>.debug_info</name>
         <load_address>0x77be</load_address>
         <run_address>0x77be</run_address>
         <size>0x15b</size>
         <input_file_ref idref="fl-c"/>
      </object_component>
      <object_component id="oc-134">
         <name>.debug_info</name>
         <load_address>0x7919</load_address>
         <run_address>0x7919</run_address>
         <size>0x2a3</size>
         <input_file_ref idref="fl-c"/>
      </object_component>
      <object_component id="oc-1c0">
         <name>.debug_info</name>
         <load_address>0x7bbc</load_address>
         <run_address>0x7bbc</run_address>
         <size>0x2b3</size>
         <input_file_ref idref="fl-c"/>
      </object_component>
      <object_component id="oc-1ba">
         <name>.debug_info</name>
         <load_address>0x7e6f</load_address>
         <run_address>0x7e6f</run_address>
         <size>0x316</size>
         <input_file_ref idref="fl-c"/>
      </object_component>
      <object_component id="oc-e6">
         <name>.debug_info</name>
         <load_address>0x8185</load_address>
         <run_address>0x8185</run_address>
         <size>0x27b</size>
         <input_file_ref idref="fl-c"/>
      </object_component>
      <object_component id="oc-fe">
         <name>.debug_info</name>
         <load_address>0x8400</load_address>
         <run_address>0x8400</run_address>
         <size>0x279</size>
         <input_file_ref idref="fl-c"/>
      </object_component>
      <object_component id="oc-ce">
         <name>.debug_info</name>
         <load_address>0x8679</load_address>
         <run_address>0x8679</run_address>
         <size>0x2b7</size>
         <input_file_ref idref="fl-c"/>
      </object_component>
      <object_component id="oc-da">
         <name>.debug_info</name>
         <load_address>0x8930</load_address>
         <run_address>0x8930</run_address>
         <size>0x280</size>
         <input_file_ref idref="fl-c"/>
      </object_component>
      <object_component id="oc-1ad">
         <name>.debug_info</name>
         <load_address>0x8bb0</load_address>
         <run_address>0x8bb0</run_address>
         <size>0x18b</size>
         <input_file_ref idref="fl-c"/>
      </object_component>
      <object_component id="oc-20d">
         <name>.debug_info</name>
         <load_address>0x8d3b</load_address>
         <run_address>0x8d3b</run_address>
         <size>0x20e</size>
         <input_file_ref idref="fl-d"/>
      </object_component>
      <object_component id="oc-20a">
         <name>.debug_info</name>
         <load_address>0x8f49</load_address>
         <run_address>0x8f49</run_address>
         <size>0x210</size>
         <input_file_ref idref="fl-d"/>
      </object_component>
      <object_component id="oc-2b6">
         <name>.debug_info</name>
         <load_address>0x9159</load_address>
         <run_address>0x9159</run_address>
         <size>0x157</size>
         <input_file_ref idref="fl-d"/>
      </object_component>
      <object_component id="oc-203">
         <name>.debug_info</name>
         <load_address>0x92b0</load_address>
         <run_address>0x92b0</run_address>
         <size>0x2c1</size>
         <input_file_ref idref="fl-d"/>
      </object_component>
      <object_component id="oc-139">
         <name>.debug_info</name>
         <load_address>0x9571</load_address>
         <run_address>0x9571</run_address>
         <size>0x23e</size>
         <input_file_ref idref="fl-d"/>
      </object_component>
      <object_component id="oc-121">
         <name>.debug_info</name>
         <load_address>0x97af</load_address>
         <run_address>0x97af</run_address>
         <size>0x240</size>
         <input_file_ref idref="fl-d"/>
      </object_component>
      <object_component id="oc-f1">
         <name>.debug_info</name>
         <load_address>0x99ef</load_address>
         <run_address>0x99ef</run_address>
         <size>0x268</size>
         <input_file_ref idref="fl-d"/>
      </object_component>
      <object_component id="oc-215">
         <name>.debug_info</name>
         <load_address>0x9c57</load_address>
         <run_address>0x9c57</run_address>
         <size>0x21c</size>
         <input_file_ref idref="fl-e"/>
      </object_component>
      <object_component id="oc-10f">
         <name>.debug_info</name>
         <load_address>0x9e73</load_address>
         <run_address>0x9e73</run_address>
         <size>0x242</size>
         <input_file_ref idref="fl-e"/>
      </object_component>
      <object_component id="oc-224">
         <name>.debug_info</name>
         <load_address>0xa0b5</load_address>
         <run_address>0xa0b5</run_address>
         <size>0x276</size>
         <input_file_ref idref="fl-e"/>
      </object_component>
      <object_component id="oc-115">
         <name>.debug_info</name>
         <load_address>0xa32b</load_address>
         <run_address>0xa32b</run_address>
         <size>0x29a</size>
         <input_file_ref idref="fl-e"/>
      </object_component>
      <object_component id="oc-230">
         <name>.debug_info</name>
         <load_address>0xa5c5</load_address>
         <run_address>0xa5c5</run_address>
         <size>0x27a</size>
         <input_file_ref idref="fl-e"/>
      </object_component>
      <object_component id="oc-109">
         <name>.debug_info</name>
         <load_address>0xa83f</load_address>
         <run_address>0xa83f</run_address>
         <size>0x3d9</size>
         <input_file_ref idref="fl-e"/>
      </object_component>
      <object_component id="oc-22a">
         <name>.debug_info</name>
         <load_address>0xac18</load_address>
         <run_address>0xac18</run_address>
         <size>0x242</size>
         <input_file_ref idref="fl-e"/>
      </object_component>
      <object_component id="oc-1b7">
         <name>.debug_info</name>
         <load_address>0xae5a</load_address>
         <run_address>0xae5a</run_address>
         <size>0x27f</size>
         <input_file_ref idref="fl-f"/>
      </object_component>
      <object_component id="oc-211">
         <name>.debug_info</name>
         <load_address>0xb0d9</load_address>
         <run_address>0xb0d9</run_address>
         <size>0x14d</size>
         <input_file_ref idref="fl-f"/>
      </object_component>
      <object_component id="oc-1c8">
         <name>.debug_info</name>
         <load_address>0xb226</load_address>
         <run_address>0xb226</run_address>
         <size>0x283</size>
         <input_file_ref idref="fl-f"/>
      </object_component>
      <object_component id="oc-c8">
         <name>.debug_info</name>
         <load_address>0xb4a9</load_address>
         <run_address>0xb4a9</run_address>
         <size>0x27d</size>
         <input_file_ref idref="fl-f"/>
      </object_component>
      <object_component id="oc-11b">
         <name>.debug_info</name>
         <load_address>0xb726</load_address>
         <run_address>0xb726</run_address>
         <size>0x2db</size>
         <input_file_ref idref="fl-f"/>
      </object_component>
      <object_component id="oc-103">
         <name>.debug_info</name>
         <load_address>0xba01</load_address>
         <run_address>0xba01</run_address>
         <size>0x2b5</size>
         <input_file_ref idref="fl-f"/>
      </object_component>
      <object_component id="oc-288">
         <name>.debug_info</name>
         <load_address>0xbcb6</load_address>
         <run_address>0xbcb6</run_address>
         <size>0x5f</size>
         <input_file_ref idref="fl-f"/>
      </object_component>
      <object_component id="oc-1b2">
         <name>.debug_info</name>
         <load_address>0xbd15</load_address>
         <run_address>0xbd15</run_address>
         <size>0x227</size>
         <input_file_ref idref="fl-10"/>
      </object_component>
      <object_component id="oc-2af">
         <name>.debug_info</name>
         <load_address>0xbf3c</load_address>
         <run_address>0xbf3c</run_address>
         <size>0x157</size>
         <input_file_ref idref="fl-10"/>
      </object_component>
      <object_component id="oc-2b2">
         <name>.debug_info</name>
         <load_address>0xc093</load_address>
         <run_address>0xc093</run_address>
         <size>0x169</size>
         <input_file_ref idref="fl-10"/>
      </object_component>
      <object_component id="oc-1fd">
         <name>.debug_info</name>
         <load_address>0xc1fc</load_address>
         <run_address>0xc1fc</run_address>
         <size>0x27e</size>
         <input_file_ref idref="fl-10"/>
      </object_component>
      <object_component id="oc-bb">
         <name>.debug_info</name>
         <load_address>0xc47a</load_address>
         <run_address>0xc47a</run_address>
         <size>0x27f</size>
         <input_file_ref idref="fl-10"/>
      </object_component>
      <object_component id="oc-eb">
         <name>.debug_info</name>
         <load_address>0xc6f9</load_address>
         <run_address>0xc6f9</run_address>
         <size>0x2c3</size>
         <input_file_ref idref="fl-10"/>
      </object_component>
      <object_component id="oc-f7">
         <name>.debug_info</name>
         <load_address>0xc9bc</load_address>
         <run_address>0xc9bc</run_address>
         <size>0x28f</size>
         <input_file_ref idref="fl-10"/>
      </object_component>
      <object_component id="oc-c1">
         <name>.debug_info</name>
         <load_address>0xcc4b</load_address>
         <run_address>0xcc4b</run_address>
         <size>0x28d</size>
         <input_file_ref idref="fl-10"/>
      </object_component>
      <object_component id="oc-1d3">
         <name>.debug_info</name>
         <load_address>0xced8</load_address>
         <run_address>0xced8</run_address>
         <size>0x247</size>
         <input_file_ref idref="fl-10"/>
      </object_component>
      <object_component id="oc-293">
         <name>.debug_info</name>
         <load_address>0xd11f</load_address>
         <run_address>0xd11f</run_address>
         <size>0x249</size>
         <input_file_ref idref="fl-10"/>
      </object_component>
      <object_component id="oc-1cd">
         <name>.debug_info</name>
         <load_address>0xd368</load_address>
         <run_address>0xd368</run_address>
         <size>0x326</size>
         <input_file_ref idref="fl-10"/>
      </object_component>
      <object_component id="oc-df">
         <name>.debug_info</name>
         <load_address>0xd68e</load_address>
         <run_address>0xd68e</run_address>
         <size>0x291</size>
         <input_file_ref idref="fl-10"/>
      </object_component>
      <object_component id="oc-b5">
         <name>.debug_info</name>
         <load_address>0xd91f</load_address>
         <run_address>0xd91f</run_address>
         <size>0x253</size>
         <input_file_ref idref="fl-10"/>
      </object_component>
      <object_component id="oc-1d9">
         <name>.debug_info</name>
         <load_address>0xdb72</load_address>
         <run_address>0xdb72</run_address>
         <size>0x273</size>
         <input_file_ref idref="fl-10"/>
      </object_component>
      <object_component id="oc-af">
         <name>.debug_info</name>
         <load_address>0xdde5</load_address>
         <run_address>0xdde5</run_address>
         <size>0x24d</size>
         <input_file_ref idref="fl-10"/>
      </object_component>
      <object_component id="oc-23f">
         <name>.debug_info</name>
         <load_address>0xe032</load_address>
         <run_address>0xe032</run_address>
         <size>0x212</size>
         <input_file_ref idref="fl-11"/>
      </object_component>
      <object_component id="oc-21a">
         <name>.debug_info</name>
         <load_address>0xe244</load_address>
         <run_address>0xe244</run_address>
         <size>0x20f</size>
         <input_file_ref idref="fl-11"/>
      </object_component>
      <object_component id="oc-1ea">
         <name>.debug_info</name>
         <load_address>0xe453</load_address>
         <run_address>0xe453</run_address>
         <size>0x142</size>
         <input_file_ref idref="fl-c7"/>
      </object_component>
      <object_component id="oc-95">
         <name>.debug_info</name>
         <load_address>0xe595</load_address>
         <run_address>0xe595</run_address>
         <size>0x2d4</size>
         <input_file_ref idref="fl-c8"/>
      </object_component>
      <object_component id="oc-4a">
         <name>.debug_info</name>
         <load_address>0xe869</load_address>
         <run_address>0xe869</run_address>
         <size>0x1d2</size>
         <input_file_ref idref="fl-c8"/>
      </object_component>
      <object_component id="oc-90">
         <name>.debug_info</name>
         <load_address>0xea3b</load_address>
         <run_address>0xea3b</run_address>
         <size>0x46</size>
         <input_file_ref idref="fl-c8"/>
      </object_component>
      <object_component id="oc-165">
         <name>.debug_info</name>
         <load_address>0xea81</load_address>
         <run_address>0xea81</run_address>
         <size>0x2c</size>
         <input_file_ref idref="fl-c8"/>
      </object_component>
      <object_component id="oc-47">
         <name>.debug_info</name>
         <load_address>0xeaad</load_address>
         <run_address>0xeaad</run_address>
         <size>0x2a8</size>
         <input_file_ref idref="fl-c9"/>
      </object_component>
      <object_component id="oc-1f">
         <name>.debug_info</name>
         <load_address>0xed55</load_address>
         <run_address>0xed55</run_address>
         <size>0x1ea</size>
         <input_file_ref idref="fl-c9"/>
      </object_component>
      <object_component id="oc-42">
         <name>.debug_info</name>
         <load_address>0xef3f</load_address>
         <run_address>0xef3f</run_address>
         <size>0x46</size>
         <input_file_ref idref="fl-c9"/>
      </object_component>
      <object_component id="oc-88">
         <name>.debug_info</name>
         <load_address>0xef85</load_address>
         <run_address>0xef85</run_address>
         <size>0x2c</size>
         <input_file_ref idref="fl-c9"/>
      </object_component>
      <object_component id="oc-86">
         <name>.debug_info</name>
         <load_address>0xefb1</load_address>
         <run_address>0xefb1</run_address>
         <size>0x29e</size>
         <input_file_ref idref="fl-ca"/>
      </object_component>
      <object_component id="oc-18">
         <name>.debug_info</name>
         <load_address>0xf24f</load_address>
         <run_address>0xf24f</run_address>
         <size>0x250</size>
         <input_file_ref idref="fl-ca"/>
      </object_component>
      <object_component id="oc-32">
         <name>.debug_info</name>
         <load_address>0xf49f</load_address>
         <run_address>0xf49f</run_address>
         <size>0x60</size>
         <input_file_ref idref="fl-ca"/>
      </object_component>
      <object_component id="oc-15e">
         <name>.debug_info</name>
         <load_address>0xf4ff</load_address>
         <run_address>0xf4ff</run_address>
         <size>0x46</size>
         <input_file_ref idref="fl-ca"/>
      </object_component>
      <object_component id="oc-81">
         <name>.debug_info</name>
         <load_address>0xf545</load_address>
         <run_address>0xf545</run_address>
         <size>0x39</size>
         <input_file_ref idref="fl-ca"/>
      </object_component>
      <object_component id="oc-26">
         <name>.debug_info</name>
         <load_address>0xf57e</load_address>
         <run_address>0xf57e</run_address>
         <size>0x10b</size>
         <input_file_ref idref="fl-cb"/>
      </object_component>
      <object_component id="oc-5b">
         <name>.debug_info</name>
         <load_address>0xf689</load_address>
         <run_address>0xf689</run_address>
         <size>0x1a9</size>
         <input_file_ref idref="fl-cb"/>
      </object_component>
      <object_component id="oc-2a2">
         <name>.debug_info</name>
         <load_address>0xf832</load_address>
         <run_address>0xf832</run_address>
         <size>0x115</size>
         <input_file_ref idref="fl-cc"/>
      </object_component>
      <object_component id="oc-3f">
         <name>.debug_info</name>
         <load_address>0xf947</load_address>
         <run_address>0xf947</run_address>
         <size>0x119</size>
         <input_file_ref idref="fl-cd"/>
      </object_component>
      <object_component id="oc-26f">
         <name>.debug_info</name>
         <load_address>0xfa60</load_address>
         <run_address>0xfa60</run_address>
         <size>0x4b3</size>
         <input_file_ref idref="fl-cf"/>
      </object_component>
      <object_component id="oc-183">
         <name>.debug_info</name>
         <load_address>0xff13</load_address>
         <run_address>0xff13</run_address>
         <size>0x19d</size>
         <input_file_ref idref="fl-cf"/>
      </object_component>
      <object_component id="oc-2da">
         <name>.debug_info</name>
         <load_address>0x100b0</load_address>
         <run_address>0x100b0</run_address>
         <size>0x39</size>
         <input_file_ref idref="fl-cf"/>
      </object_component>
      <object_component id="oc-2f6">
         <name>.debug_info</name>
         <load_address>0x100e9</load_address>
         <run_address>0x100e9</run_address>
         <size>0x39</size>
         <input_file_ref idref="fl-cf"/>
      </object_component>
      <object_component id="oc-2df">
         <name>.debug_info</name>
         <load_address>0x10122</load_address>
         <run_address>0x10122</run_address>
         <size>0x39</size>
         <input_file_ref idref="fl-cf"/>
      </object_component>
      <object_component id="oc-2e4">
         <name>.debug_info</name>
         <load_address>0x1015b</load_address>
         <run_address>0x1015b</run_address>
         <size>0xcd</size>
         <input_file_ref idref="fl-cf"/>
      </object_component>
      <object_component id="oc-9e">
         <name>.debug_info</name>
         <load_address>0x10228</load_address>
         <run_address>0x10228</run_address>
         <size>0x153</size>
         <input_file_ref idref="fl-d0"/>
      </object_component>
      <object_component id="oc-171">
         <name>.debug_info</name>
         <load_address>0x1037b</load_address>
         <run_address>0x1037b</run_address>
         <size>0x122</size>
         <input_file_ref idref="fl-d2"/>
      </object_component>
      <object_component id="oc-333">
         <name>.debug_info</name>
         <load_address>0x1049d</load_address>
         <run_address>0x1049d</run_address>
         <size>0x9c</size>
      </object_component>
      <object_component id="oc-248">
         <name>.debug_line</name>
         <load_address>0x0</load_address>
         <run_address>0x0</run_address>
         <size>0x1a4</size>
         <input_file_ref idref="fl-2"/>
      </object_component>
      <object_component id="oc-246">
         <name>.debug_line</name>
         <load_address>0x1a4</load_address>
         <run_address>0x1a4</run_address>
         <size>0x2d</size>
         <input_file_ref idref="fl-2"/>
      </object_component>
      <object_component id="oc-263">
         <name>.debug_line</name>
         <load_address>0x1d1</load_address>
         <run_address>0x1d1</run_address>
         <size>0x2d</size>
         <input_file_ref idref="fl-2"/>
      </object_component>
      <object_component id="oc-6d">
         <name>.debug_line</name>
         <load_address>0x1fe</load_address>
         <run_address>0x1fe</run_address>
         <size>0x261</size>
         <input_file_ref idref="fl-2"/>
      </object_component>
      <object_component id="oc-239">
         <name>.debug_line</name>
         <load_address>0x45f</load_address>
         <run_address>0x45f</run_address>
         <size>0x38</size>
         <input_file_ref idref="fl-2"/>
      </object_component>
      <object_component id="oc-152">
         <name>.debug_line</name>
         <load_address>0x497</load_address>
         <run_address>0x497</run_address>
         <size>0x20</size>
         <input_file_ref idref="fl-2"/>
      </object_component>
      <object_component id="oc-260">
         <name>.debug_line</name>
         <load_address>0x4b7</load_address>
         <run_address>0x4b7</run_address>
         <size>0x6b</size>
         <input_file_ref idref="fl-2"/>
      </object_component>
      <object_component id="oc-256">
         <name>.debug_line</name>
         <load_address>0x522</load_address>
         <run_address>0x522</run_address>
         <size>0x73</size>
         <input_file_ref idref="fl-2"/>
      </object_component>
      <object_component id="oc-157">
         <name>.debug_line</name>
         <load_address>0x595</load_address>
         <run_address>0x595</run_address>
         <size>0x70</size>
         <input_file_ref idref="fl-2"/>
      </object_component>
      <object_component id="oc-24c">
         <name>.debug_line</name>
         <load_address>0x605</load_address>
         <run_address>0x605</run_address>
         <size>0x6f</size>
         <input_file_ref idref="fl-2"/>
      </object_component>
      <object_component id="oc-251">
         <name>.debug_line</name>
         <load_address>0x674</load_address>
         <run_address>0x674</run_address>
         <size>0x6a</size>
         <input_file_ref idref="fl-2"/>
      </object_component>
      <object_component id="oc-25b">
         <name>.debug_line</name>
         <load_address>0x6de</load_address>
         <run_address>0x6de</run_address>
         <size>0x74</size>
         <input_file_ref idref="fl-2"/>
      </object_component>
      <object_component id="oc-76">
         <name>.debug_line</name>
         <load_address>0x752</load_address>
         <run_address>0x752</run_address>
         <size>0x41</size>
         <input_file_ref idref="fl-3"/>
      </object_component>
      <object_component id="oc-2f">
         <name>.debug_line</name>
         <load_address>0x793</load_address>
         <run_address>0x793</run_address>
         <size>0x41</size>
         <input_file_ref idref="fl-3"/>
      </object_component>
      <object_component id="oc-29">
         <name>.debug_line</name>
         <load_address>0x7d4</load_address>
         <run_address>0x7d4</run_address>
         <size>0xa1</size>
         <input_file_ref idref="fl-3"/>
      </object_component>
      <object_component id="oc-7a">
         <name>.debug_line</name>
         <load_address>0x875</load_address>
         <run_address>0x875</run_address>
         <size>0x6f</size>
         <input_file_ref idref="fl-3"/>
      </object_component>
      <object_component id="oc-3a">
         <name>.debug_line</name>
         <load_address>0x8e4</load_address>
         <run_address>0x8e4</run_address>
         <size>0x20</size>
         <input_file_ref idref="fl-3"/>
      </object_component>
      <object_component id="oc-15c">
         <name>.debug_line</name>
         <load_address>0x904</load_address>
         <run_address>0x904</run_address>
         <size>0x73</size>
         <input_file_ref idref="fl-3"/>
      </object_component>
      <object_component id="oc-7f">
         <name>.debug_line</name>
         <load_address>0x977</load_address>
         <run_address>0x977</run_address>
         <size>0x70</size>
         <input_file_ref idref="fl-3"/>
      </object_component>
      <object_component id="oc-2ab">
         <name>.debug_line</name>
         <load_address>0x9e7</load_address>
         <run_address>0x9e7</run_address>
         <size>0x8e</size>
         <input_file_ref idref="fl-4"/>
      </object_component>
      <object_component id="oc-29e">
         <name>.debug_line</name>
         <load_address>0xa75</load_address>
         <run_address>0xa75</run_address>
         <size>0x33</size>
         <input_file_ref idref="fl-4"/>
      </object_component>
      <object_component id="oc-2a9">
         <name>.debug_line</name>
         <load_address>0xaa8</load_address>
         <run_address>0xaa8</run_address>
         <size>0x33</size>
         <input_file_ref idref="fl-4"/>
      </object_component>
      <object_component id="oc-2a0">
         <name>.debug_line</name>
         <load_address>0xadb</load_address>
         <run_address>0xadb</run_address>
         <size>0x33</size>
         <input_file_ref idref="fl-4"/>
      </object_component>
      <object_component id="oc-29c">
         <name>.debug_line</name>
         <load_address>0xb0e</load_address>
         <run_address>0xb0e</run_address>
         <size>0x33</size>
         <input_file_ref idref="fl-4"/>
      </object_component>
      <object_component id="oc-d6">
         <name>.debug_line</name>
         <load_address>0xb41</load_address>
         <run_address>0xb41</run_address>
         <size>0x281</size>
         <input_file_ref idref="fl-4"/>
      </object_component>
      <object_component id="oc-1f4">
         <name>.debug_line</name>
         <load_address>0xdc2</load_address>
         <run_address>0xdc2</run_address>
         <size>0x6b</size>
         <input_file_ref idref="fl-4"/>
      </object_component>
      <object_component id="oc-2c8">
         <name>.debug_line</name>
         <load_address>0xe2d</load_address>
         <run_address>0xe2d</run_address>
         <size>0x8b</size>
         <input_file_ref idref="fl-5"/>
      </object_component>
      <object_component id="oc-12d">
         <name>.debug_line</name>
         <load_address>0xeb8</load_address>
         <run_address>0xeb8</run_address>
         <size>0x3aa</size>
         <input_file_ref idref="fl-5"/>
      </object_component>
      <object_component id="oc-2c3">
         <name>.debug_line</name>
         <load_address>0x1262</load_address>
         <run_address>0x1262</run_address>
         <size>0x8e</size>
         <input_file_ref idref="fl-6"/>
      </object_component>
      <object_component id="oc-12a">
         <name>.debug_line</name>
         <load_address>0x12f0</load_address>
         <run_address>0x12f0</run_address>
         <size>0x23f</size>
         <input_file_ref idref="fl-6"/>
      </object_component>
      <object_component id="oc-290">
         <name>.debug_line</name>
         <load_address>0x152f</load_address>
         <run_address>0x152f</run_address>
         <size>0x82</size>
         <input_file_ref idref="fl-c"/>
      </object_component>
      <object_component id="oc-2ad">
         <name>.debug_line</name>
         <load_address>0x15b1</load_address>
         <run_address>0x15b1</run_address>
         <size>0x7d</size>
         <input_file_ref idref="fl-c"/>
      </object_component>
      <object_component id="oc-133">
         <name>.debug_line</name>
         <load_address>0x162e</load_address>
         <run_address>0x162e</run_address>
         <size>0x92</size>
         <input_file_ref idref="fl-c"/>
      </object_component>
      <object_component id="oc-1bf">
         <name>.debug_line</name>
         <load_address>0x16c0</load_address>
         <run_address>0x16c0</run_address>
         <size>0x95</size>
         <input_file_ref idref="fl-c"/>
      </object_component>
      <object_component id="oc-1b9">
         <name>.debug_line</name>
         <load_address>0x1755</load_address>
         <run_address>0x1755</run_address>
         <size>0xd1</size>
         <input_file_ref idref="fl-c"/>
      </object_component>
      <object_component id="oc-e5">
         <name>.debug_line</name>
         <load_address>0x1826</load_address>
         <run_address>0x1826</run_address>
         <size>0x93</size>
         <input_file_ref idref="fl-c"/>
      </object_component>
      <object_component id="oc-fd">
         <name>.debug_line</name>
         <load_address>0x18b9</load_address>
         <run_address>0x18b9</run_address>
         <size>0x93</size>
         <input_file_ref idref="fl-c"/>
      </object_component>
      <object_component id="oc-cd">
         <name>.debug_line</name>
         <load_address>0x194c</load_address>
         <run_address>0x194c</run_address>
         <size>0x99</size>
         <input_file_ref idref="fl-c"/>
      </object_component>
      <object_component id="oc-d9">
         <name>.debug_line</name>
         <load_address>0x19e5</load_address>
         <run_address>0x19e5</run_address>
         <size>0xa7</size>
         <input_file_ref idref="fl-c"/>
      </object_component>
      <object_component id="oc-1b0">
         <name>.debug_line</name>
         <load_address>0x1a8c</load_address>
         <run_address>0x1a8c</run_address>
         <size>0x69</size>
         <input_file_ref idref="fl-c"/>
      </object_component>
      <object_component id="oc-2bc">
         <name>.debug_line</name>
         <load_address>0x1af5</load_address>
         <run_address>0x1af5</run_address>
         <size>0x7c</size>
         <input_file_ref idref="fl-d"/>
      </object_component>
      <object_component id="oc-2ba">
         <name>.debug_line</name>
         <load_address>0x1b71</load_address>
         <run_address>0x1b71</run_address>
         <size>0x82</size>
         <input_file_ref idref="fl-d"/>
      </object_component>
      <object_component id="oc-2f2">
         <name>.debug_line</name>
         <load_address>0x1bf3</load_address>
         <run_address>0x1bf3</run_address>
         <size>0x82</size>
         <input_file_ref idref="fl-d"/>
      </object_component>
      <object_component id="oc-207">
         <name>.debug_line</name>
         <load_address>0x1c75</load_address>
         <run_address>0x1c75</run_address>
         <size>0xaf</size>
         <input_file_ref idref="fl-d"/>
      </object_component>
      <object_component id="oc-13d">
         <name>.debug_line</name>
         <load_address>0x1d24</load_address>
         <run_address>0x1d24</run_address>
         <size>0x97</size>
         <input_file_ref idref="fl-d"/>
      </object_component>
      <object_component id="oc-125">
         <name>.debug_line</name>
         <load_address>0x1dbb</load_address>
         <run_address>0x1dbb</run_address>
         <size>0x97</size>
         <input_file_ref idref="fl-d"/>
      </object_component>
      <object_component id="oc-f4">
         <name>.debug_line</name>
         <load_address>0x1e52</load_address>
         <run_address>0x1e52</run_address>
         <size>0xc2</size>
         <input_file_ref idref="fl-d"/>
      </object_component>
      <object_component id="oc-2c0">
         <name>.debug_line</name>
         <load_address>0x1f14</load_address>
         <run_address>0x1f14</run_address>
         <size>0x82</size>
         <input_file_ref idref="fl-e"/>
      </object_component>
      <object_component id="oc-113">
         <name>.debug_line</name>
         <load_address>0x1f96</load_address>
         <run_address>0x1f96</run_address>
         <size>0x91</size>
         <input_file_ref idref="fl-e"/>
      </object_component>
      <object_component id="oc-227">
         <name>.debug_line</name>
         <load_address>0x2027</load_address>
         <run_address>0x2027</run_address>
         <size>0x94</size>
         <input_file_ref idref="fl-e"/>
      </object_component>
      <object_component id="oc-118">
         <name>.debug_line</name>
         <load_address>0x20bb</load_address>
         <run_address>0x20bb</run_address>
         <size>0x97</size>
         <input_file_ref idref="fl-e"/>
      </object_component>
      <object_component id="oc-233">
         <name>.debug_line</name>
         <load_address>0x2152</load_address>
         <run_address>0x2152</run_address>
         <size>0x94</size>
         <input_file_ref idref="fl-e"/>
      </object_component>
      <object_component id="oc-10c">
         <name>.debug_line</name>
         <load_address>0x21e6</load_address>
         <run_address>0x21e6</run_address>
         <size>0xa3</size>
         <input_file_ref idref="fl-e"/>
      </object_component>
      <object_component id="oc-22d">
         <name>.debug_line</name>
         <load_address>0x2289</load_address>
         <run_address>0x2289</run_address>
         <size>0x91</size>
         <input_file_ref idref="fl-e"/>
      </object_component>
      <object_component id="oc-287">
         <name>.debug_line</name>
         <load_address>0x231a</load_address>
         <run_address>0x231a</run_address>
         <size>0x13d</size>
         <input_file_ref idref="fl-f"/>
      </object_component>
      <object_component id="oc-2be">
         <name>.debug_line</name>
         <load_address>0x2457</load_address>
         <run_address>0x2457</run_address>
         <size>0x7f</size>
         <input_file_ref idref="fl-f"/>
      </object_component>
      <object_component id="oc-1cb">
         <name>.debug_line</name>
         <load_address>0x24d6</load_address>
         <run_address>0x24d6</run_address>
         <size>0x94</size>
         <input_file_ref idref="fl-f"/>
      </object_component>
      <object_component id="oc-cb">
         <name>.debug_line</name>
         <load_address>0x256a</load_address>
         <run_address>0x256a</run_address>
         <size>0x94</size>
         <input_file_ref idref="fl-f"/>
      </object_component>
      <object_component id="oc-11e">
         <name>.debug_line</name>
         <load_address>0x25fe</load_address>
         <run_address>0x25fe</run_address>
         <size>0xee</size>
         <input_file_ref idref="fl-f"/>
      </object_component>
      <object_component id="oc-106">
         <name>.debug_line</name>
         <load_address>0x26ec</load_address>
         <run_address>0x26ec</run_address>
         <size>0x11a</size>
         <input_file_ref idref="fl-f"/>
      </object_component>
      <object_component id="oc-28b">
         <name>.debug_line</name>
         <load_address>0x2806</load_address>
         <run_address>0x2806</run_address>
         <size>0x7f</size>
         <input_file_ref idref="fl-f"/>
      </object_component>
      <object_component id="oc-285">
         <name>.debug_line</name>
         <load_address>0x2885</load_address>
         <run_address>0x2885</run_address>
         <size>0x82</size>
         <input_file_ref idref="fl-10"/>
      </object_component>
      <object_component id="oc-2ee">
         <name>.debug_line</name>
         <load_address>0x2907</load_address>
         <run_address>0x2907</run_address>
         <size>0x7d</size>
         <input_file_ref idref="fl-10"/>
      </object_component>
      <object_component id="oc-2f0">
         <name>.debug_line</name>
         <load_address>0x2984</load_address>
         <run_address>0x2984</run_address>
         <size>0x7d</size>
         <input_file_ref idref="fl-10"/>
      </object_component>
      <object_component id="oc-201">
         <name>.debug_line</name>
         <load_address>0x2a01</load_address>
         <run_address>0x2a01</run_address>
         <size>0xa5</size>
         <input_file_ref idref="fl-10"/>
      </object_component>
      <object_component id="oc-be">
         <name>.debug_line</name>
         <load_address>0x2aa6</load_address>
         <run_address>0x2aa6</run_address>
         <size>0x92</size>
         <input_file_ref idref="fl-10"/>
      </object_component>
      <object_component id="oc-ee">
         <name>.debug_line</name>
         <load_address>0x2b38</load_address>
         <run_address>0x2b38</run_address>
         <size>0x99</size>
         <input_file_ref idref="fl-10"/>
      </object_component>
      <object_component id="oc-fa">
         <name>.debug_line</name>
         <load_address>0x2bd1</load_address>
         <run_address>0x2bd1</run_address>
         <size>0x92</size>
         <input_file_ref idref="fl-10"/>
      </object_component>
      <object_component id="oc-c4">
         <name>.debug_line</name>
         <load_address>0x2c63</load_address>
         <run_address>0x2c63</run_address>
         <size>0x92</size>
         <input_file_ref idref="fl-10"/>
      </object_component>
      <object_component id="oc-1d6">
         <name>.debug_line</name>
         <load_address>0x2cf5</load_address>
         <run_address>0x2cf5</run_address>
         <size>0x93</size>
         <input_file_ref idref="fl-10"/>
      </object_component>
      <object_component id="oc-296">
         <name>.debug_line</name>
         <load_address>0x2d88</load_address>
         <run_address>0x2d88</run_address>
         <size>0x96</size>
         <input_file_ref idref="fl-10"/>
      </object_component>
      <object_component id="oc-1d0">
         <name>.debug_line</name>
         <load_address>0x2e1e</load_address>
         <run_address>0x2e1e</run_address>
         <size>0xb3</size>
         <input_file_ref idref="fl-10"/>
      </object_component>
      <object_component id="oc-e2">
         <name>.debug_line</name>
         <load_address>0x2ed1</load_address>
         <run_address>0x2ed1</run_address>
         <size>0x92</size>
         <input_file_ref idref="fl-10"/>
      </object_component>
      <object_component id="oc-b8">
         <name>.debug_line</name>
         <load_address>0x2f63</load_address>
         <run_address>0x2f63</run_address>
         <size>0x92</size>
         <input_file_ref idref="fl-10"/>
      </object_component>
      <object_component id="oc-1dc">
         <name>.debug_line</name>
         <load_address>0x2ff5</load_address>
         <run_address>0x2ff5</run_address>
         <size>0x93</size>
         <input_file_ref idref="fl-10"/>
      </object_component>
      <object_component id="oc-b2">
         <name>.debug_line</name>
         <load_address>0x3088</load_address>
         <run_address>0x3088</run_address>
         <size>0x93</size>
         <input_file_ref idref="fl-10"/>
      </object_component>
      <object_component id="oc-243">
         <name>.debug_line</name>
         <load_address>0x311b</load_address>
         <run_address>0x311b</run_address>
         <size>0x91</size>
         <input_file_ref idref="fl-11"/>
      </object_component>
      <object_component id="oc-21e">
         <name>.debug_line</name>
         <load_address>0x31ac</load_address>
         <run_address>0x31ac</run_address>
         <size>0x91</size>
         <input_file_ref idref="fl-11"/>
      </object_component>
      <object_component id="oc-1e8">
         <name>.debug_line</name>
         <load_address>0x323d</load_address>
         <run_address>0x323d</run_address>
         <size>0x5b</size>
         <input_file_ref idref="fl-c7"/>
      </object_component>
      <object_component id="oc-16b">
         <name>.debug_line</name>
         <load_address>0x3298</load_address>
         <run_address>0x3298</run_address>
         <size>0x92</size>
         <input_file_ref idref="fl-c8"/>
      </object_component>
      <object_component id="oc-4c">
         <name>.debug_line</name>
         <load_address>0x332a</load_address>
         <run_address>0x332a</run_address>
         <size>0x56</size>
         <input_file_ref idref="fl-c8"/>
      </object_component>
      <object_component id="oc-93">
         <name>.debug_line</name>
         <load_address>0x3380</load_address>
         <run_address>0x3380</run_address>
         <size>0x34</size>
         <input_file_ref idref="fl-c8"/>
      </object_component>
      <object_component id="oc-168">
         <name>.debug_line</name>
         <load_address>0x33b4</load_address>
         <run_address>0x33b4</run_address>
         <size>0x92</size>
         <input_file_ref idref="fl-c8"/>
      </object_component>
      <object_component id="oc-8e">
         <name>.debug_line</name>
         <load_address>0x3446</load_address>
         <run_address>0x3446</run_address>
         <size>0x20</size>
         <input_file_ref idref="fl-c9"/>
      </object_component>
      <object_component id="oc-1d">
         <name>.debug_line</name>
         <load_address>0x3466</load_address>
         <run_address>0x3466</run_address>
         <size>0x55</size>
         <input_file_ref idref="fl-c9"/>
      </object_component>
      <object_component id="oc-45">
         <name>.debug_line</name>
         <load_address>0x34bb</load_address>
         <run_address>0x34bb</run_address>
         <size>0x3a</size>
         <input_file_ref idref="fl-c9"/>
      </object_component>
      <object_component id="oc-8b">
         <name>.debug_line</name>
         <load_address>0x34f5</load_address>
         <run_address>0x34f5</run_address>
         <size>0x92</size>
         <input_file_ref idref="fl-c9"/>
      </object_component>
      <object_component id="oc-164">
         <name>.debug_line</name>
         <load_address>0x3587</load_address>
         <run_address>0x3587</run_address>
         <size>0x20</size>
         <input_file_ref idref="fl-ca"/>
      </object_component>
      <object_component id="oc-16">
         <name>.debug_line</name>
         <load_address>0x35a7</load_address>
         <run_address>0x35a7</run_address>
         <size>0xa9</size>
         <input_file_ref idref="fl-ca"/>
      </object_component>
      <object_component id="oc-35">
         <name>.debug_line</name>
         <load_address>0x3650</load_address>
         <run_address>0x3650</run_address>
         <size>0x3a</size>
         <input_file_ref idref="fl-ca"/>
      </object_component>
      <object_component id="oc-161">
         <name>.debug_line</name>
         <load_address>0x368a</load_address>
         <run_address>0x368a</run_address>
         <size>0x9a</size>
         <input_file_ref idref="fl-ca"/>
      </object_component>
      <object_component id="oc-84">
         <name>.debug_line</name>
         <load_address>0x3724</load_address>
         <run_address>0x3724</run_address>
         <size>0x96</size>
         <input_file_ref idref="fl-ca"/>
      </object_component>
      <object_component id="oc-73">
         <name>.debug_line</name>
         <load_address>0x37ba</load_address>
         <run_address>0x37ba</run_address>
         <size>0x33</size>
         <input_file_ref idref="fl-cb"/>
      </object_component>
      <object_component id="oc-5f">
         <name>.debug_line</name>
         <load_address>0x37ed</load_address>
         <run_address>0x37ed</run_address>
         <size>0x45</size>
         <input_file_ref idref="fl-cb"/>
      </object_component>
      <object_component id="oc-2a5">
         <name>.debug_line</name>
         <load_address>0x3832</load_address>
         <run_address>0x3832</run_address>
         <size>0x37</size>
         <input_file_ref idref="fl-cc"/>
      </object_component>
      <object_component id="oc-3d">
         <name>.debug_line</name>
         <load_address>0x3869</load_address>
         <run_address>0x3869</run_address>
         <size>0x88</size>
         <input_file_ref idref="fl-cd"/>
      </object_component>
      <object_component id="oc-2d9">
         <name>.debug_line</name>
         <load_address>0x38f1</load_address>
         <run_address>0x38f1</run_address>
         <size>0xbf</size>
         <input_file_ref idref="fl-cf"/>
      </object_component>
      <object_component id="oc-181">
         <name>.debug_line</name>
         <load_address>0x39b0</load_address>
         <run_address>0x39b0</run_address>
         <size>0x86</size>
         <input_file_ref idref="fl-cf"/>
      </object_component>
      <object_component id="oc-2dd">
         <name>.debug_line</name>
         <load_address>0x3a36</load_address>
         <run_address>0x3a36</run_address>
         <size>0x2e</size>
         <input_file_ref idref="fl-cf"/>
      </object_component>
      <object_component id="oc-2f9">
         <name>.debug_line</name>
         <load_address>0x3a64</load_address>
         <run_address>0x3a64</run_address>
         <size>0x9a</size>
         <input_file_ref idref="fl-cf"/>
      </object_component>
      <object_component id="oc-2e2">
         <name>.debug_line</name>
         <load_address>0x3afe</load_address>
         <run_address>0x3afe</run_address>
         <size>0x97</size>
         <input_file_ref idref="fl-cf"/>
      </object_component>
      <object_component id="oc-2e7">
         <name>.debug_line</name>
         <load_address>0x3b95</load_address>
         <run_address>0x3b95</run_address>
         <size>0x93</size>
         <input_file_ref idref="fl-cf"/>
      </object_component>
      <object_component id="oc-a0">
         <name>.debug_line</name>
         <load_address>0x3c28</load_address>
         <run_address>0x3c28</run_address>
         <size>0x40</size>
         <input_file_ref idref="fl-d0"/>
      </object_component>
      <object_component id="oc-170">
         <name>.debug_line</name>
         <load_address>0x3c68</load_address>
         <run_address>0x3c68</run_address>
         <size>0x3c</size>
         <input_file_ref idref="fl-d2"/>
      </object_component>
      <object_component id="oc-71">
         <name>.debug_frame</name>
         <load_address>0x0</load_address>
         <run_address>0x0</run_address>
         <size>0x17c</size>
         <input_file_ref idref="fl-2"/>
      </object_component>
      <object_component id="oc-2a">
         <name>.debug_frame</name>
         <load_address>0x17c</load_address>
         <run_address>0x17c</run_address>
         <size>0x90</size>
         <input_file_ref idref="fl-3"/>
      </object_component>
      <object_component id="oc-d7">
         <name>.debug_frame</name>
         <load_address>0x20c</load_address>
         <run_address>0x20c</run_address>
[...]
      <handler>
         <index>0x0</index>
         <name>__TI_zero_init</name>
      </handler>
      <handler>
         <index>0x1</index>
         <name>__TI_decompress_lzss</name>
      </handler>
      <handler>
         <index>0x2</index>
         <name>__TI_decompress_none</name>
      </handler>
   </handler_table>
   <symbol_table>
      <symbol id="sm-1">
         <name>__STACK_TOP</name>
         <value>0x20000470</value>
      </symbol>
      <symbol id="sm-2">
         <name>__start___llvm_prf_cnts</name>
         <value>0x20000000</value>
      </symbol>
      <symbol id="sm-3">
         <name>__stop___llvm_prf_cnts</name>
         <value>0x20000000</value>
      </symbol>
      <symbol id="sm-4">
         <name>__TI_CINIT_Base</name>
         <value>0x2560</value>
      </symbol>
      <symbol id="sm-5">
         <name>__TI_CINIT_Limit</name>
         <value>0x2578</value>
      </symbol>
      <symbol id="sm-6">
         <name>__TI_Handler_Table_Base</name>
         <value>0x2540</value>
      </symbol>
      <symbol id="sm-7">
         <name>__TI_Handler_Table_Limit</name>
         <value>0x254c</value>
      </symbol>
      <symbol id="sm-8">
         <name>SHT$$INIT_ARRAY$$Base</name>
         <value>0x252c</value>
      </symbol>
      <symbol id="sm-9">
         <name>SHT$$INIT_ARRAY$$Limit</name>
         <value>0x2530</value>
      </symbol>
      <symbol id="sm-a">
         <name>binit</name>
         <value>0xffffffff</value>
      </symbol>
      <symbol id="sm-b">
         <name>__binit__</name>
         <value>0xffffffff</value>
      </symbol>
      <symbol id="sm-c">
         <name>__STACK_SIZE</name>
         <value>0x200</value>
      </symbol>
      <symbol id="sm-d">
         <name>__STACK_END</name>
         <value>0x20000470</value>
      </symbol>
      <symbol id="sm-e">
         <name>__c_args__</name>
         <value>0xffffffff</value>
      </symbol>
      <symbol id="sm-f">
         <name>__TI_pprof_out_hndl</name>
         <value>0xffffffff</value>
      </symbol>
      <symbol id="sm-10">
         <name>__TI_prof_data_start</name>
         <value>0xffffffff</value>
      </symbol>
      <symbol id="sm-11">
         <name>__TI_prof_data_size</name>
         <value>0xffffffff</value>
      </symbol>
      <symbol id="sm-c8">
         <name>Version</name>
         <value>0x200004f5</value>
      </symbol>
      <symbol id="sm-c9">
         <name>AntennaGain</name>
         <value>0x200004f4</value>
      </symbol>
      <symbol id="sm-ca">
         <name>status</name>
         <value>0x200004f6</value>
      </symbol>
      <symbol id="sm-cb">
         <name>str</name>
         <value>0x200004d4</value>
      </symbol>
      <symbol id="sm-cc">
         <name>card_id</name>
         <value>0x200004ec</value>
      </symbol>
      <symbol id="sm-cd">
         <name>Buff</name>
         <value>0x20000470</value>
      </symbol>
      <symbol id="sm-ce">
         <name>Mfrc522</name>
         <value>0x200004e4</value>
         <object_component_ref idref="oc-147"/>
      </symbol>
      <symbol id="sm-cf">
         <name>_Z12UARTSendDataPhi</name>
         <value>0xb1f</value>
         <object_component_ref idref="oc-6c"/>
      </symbol>
      <symbol id="sm-d0">
         <name>_Z11lcd_defaultv</name>
         <value>0x101b</value>
         <object_component_ref idref="oc-6c"/>
      </symbol>
      <symbol id="sm-d1">
         <name>_Z13UARTGetBufferPc</name>
         <value>0xa99</value>
         <object_component_ref idref="oc-6c"/>
      </symbol>
      <symbol id="sm-d2">
         <name>_Z19lcdPrintInformationPhi</name>
         <value>0xd85</value>
         <object_component_ref idref="oc-6c"/>
      </symbol>
      <symbol id="sm-d3">
         <name>_Z16UARTSendData8bitPhi</name>
         <value>0xb4d</value>
         <object_component_ref idref="oc-6c"/>
      </symbol>
      <symbol id="sm-d4">
         <name>_Z11InitConsolev</name>
         <value>0xb7b</value>
         <object_component_ref idref="oc-6c"/>
      </symbol>
      <symbol id="sm-d5">
         <name>chipSelectPin</name>
         <value>0x200004f8</value>
         <object_component_ref idref="oc-13f"/>
      </symbol>
      <symbol id="sm-d6">
         <name>NRSTPD</name>
         <value>0x200004fc</value>
         <object_component_ref idref="oc-13f"/>
      </symbol>
      <symbol id="sm-d7">
         <name>main</name>
         <value>0xc37</value>
         <object_component_ref idref="oc-6c"/>
      </symbol>
      <symbol id="sm-d8">
         <name>_Z9init_LEDsv</name>
         <value>0xaff</value>
         <object_component_ref idref="oc-6c"/>
      </symbol>
      <symbol id="sm-d9">
         <name>_Z7InitSSIv</name>
         <value>0xbcd</value>
         <object_component_ref idref="oc-6c"/>
      </symbol>
      <symbol id="sm-da">
         <name>__sti___6_main_c_c07e2482</name>
         <value>0x103f</value>
         <object_component_ref idref="oc-6c"/>
      </symbol>
      <symbol id="sm-10a">
         <name>ResetISR</name>
         <value>0x22a3</value>
         <object_component_ref idref="oc-28"/>
      </symbol>
      <symbol id="sm-10b">
         <name>g_pfnVectors</name>
         <value>0x0</value>
         <object_component_ref idref="oc-12"/>
      </symbol>
      <symbol id="sm-17f">
         <name>UARTgetc</name>
         <value>0x16e7</value>
         <object_component_ref idref="oc-d2"/>
      </symbol>
      <symbol id="sm-180">
         <name>UARTgets</name>
         <value>0x162d</value>
         <object_component_ref idref="oc-d2"/>
      </symbol>
      <symbol id="sm-181">
         <name>UARTStdioConfig</name>
         <value>0x15a1</value>
         <object_component_ref idref="oc-d2"/>
      </symbol>
      <symbol id="sm-182">
         <name>UARTwrite</name>
         <value>0x15e7</value>
         <object_component_ref idref="oc-d2"/>
      </symbol>
      <symbol id="sm-183">
         <name>UARTprintf</name>
         <value>0x1a07</value>
         <object_component_ref idref="oc-d2"/>
      </symbol>
      <symbol id="sm-184">
         <name>UARTvprintf</name>
         <value>0x170d</value>
         <object_component_ref idref="oc-d2"/>
      </symbol>
      <symbol id="sm-1d7">
         <name>_ZN7Mfrc522C1Eii</name>
         <value>0x29b</value>
         <object_component_ref idref="oc-12c"/>
      </symbol>
      <symbol id="sm-1d8">
         <name>_ZN7Mfrc5226ToCardEhPhhS0_Pj</name>
         <value>0x499</value>
         <object_component_ref idref="oc-12c"/>
      </symbol>
      <symbol id="sm-1d9">
         <name>_ZN7Mfrc52210WriteBlockEhPh</name>
         <value>0x94f</value>
         <object_component_ref idref="oc-12c"/>
      </symbol>
      <symbol id="sm-1da">
         <name>_ZN7Mfrc52212ClearBitMaskEhh</name>
         <value>0x36b</value>
         <object_component_ref idref="oc-12c"/>
      </symbol>
      <symbol id="sm-1db">
         <name>_ZN7Mfrc5228AnticollEPh</name>
         <value>0x667</value>
         <object_component_ref idref="oc-12c"/>
      </symbol>
      <symbol id="sm-1dc">
         <name>_ZN7Mfrc5224InitEv</name>
         <value>0x3e1</value>
         <object_component_ref idref="oc-12c"/>
      </symbol>
      <symbol id="sm-1dd">
         <name>_ZN7Mfrc5224AuthEhhPhS0_</name>
         <value>0x835</value>
         <object_component_ref idref="oc-12c"/>
      </symbol>
      <symbol id="sm-1de">
         <name>_ZN7Mfrc5227RequestEhPh</name>
         <value>0x43d</value>
         <object_component_ref idref="oc-12c"/>
      </symbol>
      <symbol id="sm-1df">
         <name>_ZN7Mfrc52210AntennaOffEv</name>
         <value>0x3c1</value>
         <object_component_ref idref="oc-12c"/>
      </symbol>
      <symbol id="sm-1e0">
         <name>_ZN7Mfrc5224HaltEv</name>
         <value>0xa33</value>
         <object_component_ref idref="oc-12c"/>
      </symbol>
      <symbol id="sm-1e1">
         <name>_ZN7Mfrc5228WriteRegEhh</name>
         <value>0x2b7</value>
         <object_component_ref idref="oc-12c"/>
      </symbol>
      <symbol id="sm-1e2">
         <name>_ZN7Mfrc5229SelectTagEPh</name>
         <value>0x7a3</value>
         <object_component_ref idref="oc-12c"/>
      </symbol>
      <symbol id="sm-1e3">
         <name>_ZN7Mfrc5229AntennaOnEv</name>
         <value>0x39b</value>
         <object_component_ref idref="oc-12c"/>
      </symbol>
      <symbol id="sm-1e4">
         <name>_ZN7Mfrc52210SetBitMaskEhh</name>
         <value>0x33b</value>
         <object_component_ref idref="oc-12c"/>
      </symbol>
      <symbol id="sm-1e5">
         <name>_ZN7Mfrc5225ResetEv</name>
         <value>0x3d1</value>
         <object_component_ref idref="oc-12c"/>
      </symbol>
      <symbol id="sm-1e6">
         <name>_ZN7Mfrc5229ReadBlockEhPh</name>
         <value>0x8f3</value>
         <object_component_ref idref="oc-12c"/>
      </symbol>
      <symbol id="sm-1e7">
         <name>_ZN7Mfrc522C2Eii</name>
         <value>0x29b</value>
         <object_component_ref idref="oc-12c"/>
      </symbol>
      <symbol id="sm-1e8">
         <name>_ZN7Mfrc52211CalulateCRCEPhhS0_</name>
         <value>0x701</value>
         <object_component_ref idref="oc-12c"/>
      </symbol>
      <symbol id="sm-1e9">
         <name>_Z12SPI_transferh</name>
         <value>0x26d</value>
         <object_component_ref idref="oc-12c"/>
      </symbol>
      <symbol id="sm-1ea">
         <name>_ZN7Mfrc5227ReadRegEh</name>
         <value>0x2f5</value>
         <object_component_ref idref="oc-12c"/>
      </symbol>
      <symbol id="sm-238">
         <name>_Z8lcd_putsPKc</name>
         <value>0x13a5</value>
         <object_component_ref idref="oc-126"/>
      </symbol>
      <symbol id="sm-239">
         <name>_Z12lcd_delay_usm</name>
         <value>0x1213</value>
         <object_component_ref idref="oc-126"/>
      </symbol>
      <symbol id="sm-23a">
         <name>_Z12lcd_delay_msm</name>
         <value>0x1231</value>
         <object_component_ref idref="oc-126"/>
      </symbol>
      <symbol id="sm-23b">
         <name>_Z8lcd_putcc</name>
         <value>0x1361</value>
         <object_component_ref idref="oc-126"/>
      </symbol>
      <symbol id="sm-23c">
         <name>_Z12lcd_put_bytehh</name>
         <value>0x10ad</value>
         <object_component_ref idref="oc-126"/>
      </symbol>
      <symbol id="sm-23d">
         <name>_Z9lcd_clearv</name>
         <value>0x130b</value>
         <object_component_ref idref="oc-126"/>
      </symbol>
      <symbol id="sm-23e">
         <name>_Z8lcd_initv</name>
         <value>0x1251</value>
         <object_component_ref idref="oc-126"/>
      </symbol>
      <symbol id="sm-23f">
         <name>_Z11lcd_put_nummch</name>
         <value>0x13ed</value>
         <object_component_ref idref="oc-126"/>
      </symbol>
      <symbol id="sm-240">
         <name>_Z10lcd_gotoxyhh</name>
         <value>0x131d</value>
         <object_component_ref idref="oc-126"/>
      </symbol>
      <symbol id="sm-241">
         <name>_Z12lcd_clr_putsPKcS0_</name>
         <value>0x13c1</value>
         <object_component_ref idref="oc-126"/>
      </symbol>
      <symbol id="sm-290">
         <name>GPIOPinConfigure</name>
         <value>0x1f41</value>
         <object_component_ref idref="oc-d8"/>
      </symbol>
      <symbol id="sm-291">
         <name>GPIOPinTypeUART</name>
         <value>0x221f</value>
         <object_component_ref idref="oc-e4"/>
      </symbol>
      <symbol id="sm-292">
         <name>GPIOPinTypeGPIOOutput</name>
         <value>0x21c9</value>
         <object_component_ref idref="oc-cc"/>
      </symbol>
      <symbol id="sm-293">
         <name>GPIODirModeSet</name>
         <value>0x2161</value>
         <object_component_ref idref="oc-1be"/>
      </symbol>
      <symbol id="sm-294">
         <name>GPIOPinWrite</name>
         <value>0x22f1</value>
         <object_component_ref idref="oc-132"/>
      </symbol>
      <symbol id="sm-295">
         <name>GPIOPadConfigSet</name>
         <value>0x1a3d</value>
         <object_component_ref idref="oc-1b8"/>
      </symbol>
      <symbol id="sm-296">
         <name>GPIOPinTypeSSI</name>
         <value>0x220d</value>
         <object_component_ref idref="oc-fc"/>
      </symbol>
      <symbol id="sm-2e1">
         <name>IntEnable</name>
         <value>0x1e11</value>
         <object_component_ref idref="oc-f0"/>
      </symbol>
      <symbol id="sm-2e2">
         <name>IntRegister</name>
         <value>0x20c5</value>
         <object_component_ref idref="oc-202"/>
      </symbol>
      <symbol id="sm-2e3">
         <name>IntMasterDisable</name>
         <value>0x2243</value>
         <object_component_ref idref="oc-120"/>
      </symbol>
      <symbol id="sm-2e4">
         <name>g_pfnRAMVectors</name>
         <value>0x20000000</value>
         <object_component_ref idref="oc-2b5"/>
      </symbol>
      <symbol id="sm-2e5">
         <name>IntMasterEnable</name>
         <value>0x2253</value>
         <object_component_ref idref="oc-138"/>
      </symbol>
      <symbol id="sm-31e">
         <name>SSIDataPut</name>
         <value>0x22af</value>
         <object_component_ref idref="oc-223"/>
      </symbol>
      <symbol id="sm-31f">
         <name>SSIDataGet</name>
         <value>0x2297</value>
         <object_component_ref idref="oc-22f"/>
      </symbol>
      <symbol id="sm-320">
         <name>SSIDataGetNonBlocking</name>
         <value>0x2231</value>
         <object_component_ref idref="oc-114"/>
      </symbol>
      <symbol id="sm-321">
         <name>SSIConfigSetExpClk</name>
         <value>0x2051</value>
         <object_component_ref idref="oc-108"/>
      </symbol>
      <symbol id="sm-322">
         <name>SSIEnable</name>
         <value>0x22b9</value>
         <object_component_ref idref="oc-10e"/>
      </symbol>
      <symbol id="sm-323">
         <name>SSIBusy</name>
         <value>0x22e1</value>
         <object_component_ref idref="oc-229"/>
      </symbol>
      <symbol id="sm-380">
         <name>SysCtlPeripheralPresent</name>
         <value>0x208d</value>
         <object_component_ref idref="oc-1c6"/>
      </symbol>
      <symbol id="sm-381">
         <name>SysCtlClockSet</name>
         <value>0x1c81</value>
         <object_component_ref idref="oc-11a"/>
      </symbol>
      <symbol id="sm-382">
         <name>SysCtlDelay</name>
         <value>0x22f7</value>
         <object_component_ref idref="oc-13e"/>
      </symbol>
      <symbol id="sm-383">
         <name>SysCtlPeripheralEnable</name>
         <value>0x20f9</value>
         <object_component_ref idref="oc-c6"/>
      </symbol>
      <symbol id="sm-384">
         <name>SysCtlClockGet</name>
         <value>0x1b71</value>
         <object_component_ref idref="oc-102"/>
      </symbol>
      <symbol id="sm-406">
         <name>UARTConfigSetExpClk</name>
         <value>0x1f89</value>
         <object_component_ref idref="oc-1cc"/>
      </symbol>
      <symbol id="sm-407">
         <name>UARTDisable</name>
         <value>0x218d</value>
         <object_component_ref idref="oc-292"/>
      </symbol>
      <symbol id="sm-408">
         <name>UARTIntEnable</name>
         <value>0x22e9</value>
         <object_component_ref idref="oc-f6"/>
      </symbol>
      <symbol id="sm-409">
         <name>UARTCharsAvail</name>
         <value>0x2263</value>
         <object_component_ref idref="oc-b4"/>
      </symbol>
      <symbol id="sm-40a">
         <name>UARTClockSourceSet</name>
         <value>0x22fd</value>
         <object_component_ref idref="oc-de"/>
      </symbol>
      <symbol id="sm-40b">
         <name>UARTCharPut</name>
         <value>0x22cd</value>
         <object_component_ref idref="oc-1d8"/>
      </symbol>
      <symbol id="sm-40c">
         <name>UARTEnable</name>
         <value>0x21f9</value>
         <object_component_ref idref="oc-1d2"/>
      </symbol>
      <symbol id="sm-40d">
         <name>UARTIntClear</name>
         <value>0x2303</value>
         <object_component_ref idref="oc-c0"/>
      </symbol>
      <symbol id="sm-40e">
         <name>UARTIntStatus</name>
         <value>0x22d7</value>
         <object_component_ref idref="oc-ba"/>
      </symbol>
      <symbol id="sm-40f">
         <name>UARTCharGet</name>
         <value>0x22c3</value>
         <object_component_ref idref="oc-ae"/>
      </symbol>
      <symbol id="sm-410">
         <name>UARTIntRegister</name>
         <value>0x21e1</value>
         <object_component_ref idref="oc-ea"/>
      </symbol>
      <symbol id="sm-422">
         <name>CPUcpsie</name>
         <value>0x228b</value>
         <object_component_ref idref="oc-23e"/>
      </symbol>
      <symbol id="sm-423">
         <name>CPUcpsid</name>
         <value>0x227f</value>
         <object_component_ref idref="oc-219"/>
      </symbol>
      <symbol id="sm-432">
         <name>__aeabi_uidivmod</name>
         <value>0x2011</value>
         <object_component_ref idref="oc-1e7"/>
      </symbol>
      <symbol id="sm-433">
         <name>__aeabi_uidiv</name>
         <value>0x2011</value>
         <object_component_ref idref="oc-1e7"/>
      </symbol>
      <symbol id="sm-44c">
         <name>__TI_zero_init_nomemset</name>
         <value>0x21ad</value>
         <object_component_ref idref="oc-48"/>
      </symbol>
      <symbol id="sm-463">
         <name>__TI_decompress_none</name>
         <value>0x2271</value>
         <object_component_ref idref="oc-1b"/>
      </symbol>
      <symbol id="sm-486">
         <name>__TI_decompress_lzss</name>
         <value>0x1e79</value>
         <object_component_ref idref="oc-15"/>
      </symbol>
      <symbol id="sm-499">
         <name>__stack</name>
         <value>0x20000270</value>
         <object_component_ref idref="oc-25"/>
      </symbol>
      <symbol id="sm-49a">
         <name>_c_int00_noargs</name>
         <value>0x212d</value>
         <object_component_ref idref="oc-5a"/>
      </symbol>
      <symbol id="sm-4a4">
         <name>__aeabi_idiv0</name>
         <value>0x1b6f</value>
         <object_component_ref idref="oc-2a1"/>
      </symbol>
      <symbol id="sm-4a5">
         <name>__aeabi_ldiv0</name>
         <value>0x1b6f</value>
         <object_component_ref idref="oc-2a1"/>
      </symbol>
      <symbol id="sm-4c0">
         <name>memcpy</name>
         <value>0x1d75</value>
         <object_component_ref idref="oc-3c"/>
      </symbol>
      <symbol id="sm-4c1">
         <name>__aeabi_memcpy</name>
         <value>0x1d75</value>
         <object_component_ref idref="oc-3c"/>
      </symbol>
      <symbol id="sm-4c2">
         <name>__aeabi_memcpy8</name>
         <value>0x1d75</value>
         <object_component_ref idref="oc-3c"/>
      </symbol>
      <symbol id="sm-4c3">
         <name>__aeabi_memcpy4</name>
         <value>0x1d75</value>
         <object_component_ref idref="oc-3c"/>
      </symbol>
      <symbol id="sm-4f1">
         <name>__TI_auto_init_nobinit</name>
         <value>0x1ee1</value>
         <object_component_ref idref="oc-180"/>
      </symbol>
      <symbol id="sm-4fb">
         <name>_system_pre_init</name>
         <value>0x2307</value>
         <object_component_ref idref="oc-9c"/>
      </symbol>
      <symbol id="sm-507">
         <name>C$$EXIT</name>
         <value>0x230b</value>
         <object_component_ref idref="oc-16e"/>
      </symbol>
      <symbol id="sm-508">
         <name>abort</name>
         <value>0x230b</value>
         <object_component_ref idref="oc-16e"/>
      </symbol>
      <symbol id="sm-50b">
         <name>__TI_static_base__</name>
         <value>0x0</value>
      </symbol>
      <symbol id="sm-50e">
         <name>__mpu_init</name>
         <value>0x0</value>
      </symbol>
      <symbol id="sm-50f">
         <name>_system_post_cinit</name>
         <value>0x0</value>
      </symbol>
   </symbol_table>
   <title>Link successful</title>
</link_info>
