******************************************************************************
                  TI ARM Linker PC v20.2.4                     
******************************************************************************
>> Linked Sat Oct  2 01:33:56 2021

OUTPUT FILE NAME:   <LedConTrol.out>
ENTRY POINT SYMBOL: "_c_int00_noargs"  address: 00001fe1


MEMORY CONFIGURATION

         name            origin    length      used     unused   attr    fill
----------------------  --------  ---------  --------  --------  ----  --------
  FLASH                 00000000   00040000  0000242a  0003dbd6  R  X
  SRAM                  20000000   00008000  00000504  00007afc  RW X


SEGMENT ALLOCATION MAP

run origin  load origin   length   init length attrs members
----------  ----------- ---------- ----------- ----- -------
00000000    00000000    00002430   00002430    r-x
  00000000    00000000    0000026c   0000026c    r-- .intvecs
  0000026c    0000026c    00001f56   00001f56    r-x .text
  000021c4    000021c4    0000021c   0000021c    r-- .const
  000023e0    000023e0    00000004   00000004    r-- .init_array
  000023e8    000023e8    00000048   00000048    r-- .cinit
20000000    20000000    00000509   00000000    rw-
  20000000    20000000    0000026c   00000000    rw- .vtable
  20000270    20000270    00000200   00000000    rw- .stack
  20000470    20000470    00000087   00000000    rw- .bss
  200004f8    200004f8    00000011   00000000    rw- .data


SECTION ALLOCATION MAP

 output                                  attributes/
section   page    origin      length       input sections
--------  ----  ----------  ----------   ----------------
.intvecs   0    00000000    0000026c     
                  00000000    0000026c     tm4c123gh6pm_startup_ccs.obj (.intvecs)

.text      0    0000026c    00001f56     
                  0000026c    00000804     Mfrc522.obj (.text)
                  00000a70    000004f4     lcd.obj (.text)
                  00000f64    000004f0     main.obj (.text)
                  00001454    0000049c     uartstudio.obj (.text)
                  000018f0    00000132     driverlib.lib : gpio.obj (.text:GPIOPadConfigSet)
                  00001a22    00000002     rtsv7M4_T_le_v4SPD16_eabi.lib : div0.asm.obj (.text)
                  00001a24    00000110     driverlib.lib : sysctl.obj (.text:SysCtlClockGet)
                  00001b34    000000f4                   : sysctl.obj (.text:SysCtlClockSet)
                  00001c28    0000009c     rtsv7M4_T_le_v4SPD16_eabi.lib : memcpy_t2.asm.obj (.text)
                  00001cc4    00000068     driverlib.lib : interrupt.obj (.text:IntEnable)
                  00001d2c    00000068     rtsv7M4_T_le_v4SPD16_eabi.lib : copy_decompress_lzss.c.obj (.text:decompress:lzss:__TI_decompress_lzss)
                  00001d94    00000060                                   : autoinit.c.obj (.text:__TI_auto_init_nobinit:__TI_auto_init_nobinit)
                  00001df4    00000048     driverlib.lib : gpio.obj (.text:GPIOPinConfigure)
                  00001e3c    00000046                   : uart.obj (.text:UARTConfigSetExpClk)
                  00001e82    00000002     --HOLE-- [fill = 0]
                  00001e84    00000040                   : uart.obj (.text:_UARTIntNumberGet)
                  00001ec4    00000040     rtsv7M4_T_le_v4SPD16_eabi.lib : u_divt2.asm.obj (.text)
                  00001f04    0000003c     driverlib.lib : ssi.obj (.text:SSIConfigSetExpClk)
                  00001f40    00000038                   : sysctl.obj (.text:SysCtlPeripheralPresent)
                  00001f78    00000034                   : interrupt.obj (.text:IntRegister)
                  00001fac    00000034                   : sysctl.obj (.text:SysCtlPeripheralEnable)
                  00001fe0    00000034     rtsv7M4_T_le_v4SPD16_eabi.lib : boot_cortex_m.c.obj (.text:_c_int00_noargs:_c_int00_noargs)
                  00002014    0000002a     driverlib.lib : gpio.obj (.text:GPIODirModeSet)
                  0000203e    00000002     --HOLE-- [fill = 0]
                  00002040    00000020                   : uart.obj (.text:UARTDisable)
                  00002060    0000001c     rtsv7M4_T_le_v4SPD16_eabi.lib : copy_zero_init.c.obj (.text:decompress:ZI:__TI_zero_init_nomemset:__TI_zero_init_nomemset)
                  0000207c    00000018     driverlib.lib : gpio.obj (.text:GPIOPinTypeGPIOOutput)
                  00002094    00000018                   : uart.obj (.text:UARTIntRegister)
                  000020ac    00000014                   : uart.obj (.text:UARTEnable)
                  000020c0    00000012                   : gpio.obj (.text:GPIOPinTypeSSI)
                  000020d2    00000012                   : gpio.obj (.text:GPIOPinTypeUART)
                  000020e4    00000012                   : ssi.obj (.text:SSIDataGetNonBlocking)
                  000020f6    00000010                   : interrupt.obj (.text:IntMasterDisable)
                  00002106    00000010                   : interrupt.obj (.text:IntMasterEnable)
                  00002116    0000000e                   : uart.obj (.text:UARTCharsAvail)
                  00002124    0000000e     rtsv7M4_T_le_v4SPD16_eabi.lib : copy_decompress_none.c.obj (.text:decompress:none:__TI_decompress_none)
                  00002132    0000000c     driverlib.lib : cpu.obj (.text:CPUcpsid)
                  0000213e    0000000c                   : cpu.obj (.text:CPUcpsie)
                  0000214a    0000000c                   : ssi.obj (.text:SSIDataGet)
                  00002156    0000000c     tm4c123gh6pm_startup_ccs.obj (.text)
                  00002162    0000000a     driverlib.lib : ssi.obj (.text:SSIDataPut)
                  0000216c    0000000a                   : ssi.obj (.text:SSIEnable)
                  00002176    0000000a                   : uart.obj (.text:UARTCharGet)
                  00002180    0000000a                   : uart.obj (.text:UARTCharPut)
                  0000218a    0000000a                   : uart.obj (.text:UARTIntStatus)
                  00002194    00000008                   : ssi.obj (.text:SSIBusy)
                  0000219c    00000008                   : uart.obj (.text:UARTIntEnable)
                  000021a4    00000006                   : gpio.obj (.text:GPIOPinWrite)
                  000021aa    00000006                   : sysctl.obj (.text:SysCtlDelay)
                  000021b0    00000006                   : uart.obj (.text:UARTClockSourceSet)
                  000021b6    00000004                   : uart.obj (.text:UARTIntClear)
                  000021ba    00000004     rtsv7M4_T_le_v4SPD16_eabi.lib : pre_init.c.obj (.text:_system_pre_init)
                  000021be    00000004                                   : exit.c.obj (.text:abort:abort)

.const     0    000021c4    0000021c     
                  000021c4    00000090     driverlib.lib : gpio.obj (.const:g_pui32GPIOBaseAddrs)
                  00002254    00000070                   : interrupt.obj (.const)
                  000022c4    0000006c                   : sysctl.obj (.const:g_pui32Xtals)
                  00002330    00000040                   : uart.obj (.const:g_ppui32UARTIntMap)
                  00002370    00000040                   : uart.obj (.const:g_ppui32UARTIntMapSnowflake)
                  000023b0    00000012     uartstudio.obj (.const:.string)
                  000023c2    00000002     --HOLE-- [fill = 0]
                  000023c4    0000000c     uartstudio.obj (.const:g_ui32UARTBase)
                  000023d0    0000000c     uartstudio.obj (.const:g_ui32UARTPeriph)
                  000023dc    00000004     uartstudio.obj (.const)

.cinit     0    000023e8    00000048     
                  000023e8    0000000d     (.cinit..data.load) [load image, compression = lzss]
                  000023f5    00000003     --HOLE-- [fill = 0]
                  000023f8    0000000c     (__TI_handler_table)
                  00002404    00000004     --HOLE-- [fill = 0]
                  00002408    00000008     (.cinit..bss.load) [load image, compression = zero_init]
                  00002410    00000008     (.cinit..vtable.load) [load image, compression = zero_init]
                  00002418    00000018     (__TI_cinit_table)

.init_array 
*          0    000023e0    00000004     
                  000023e0    00000004     main.obj (.init_array)

.vtable    0    20000000    0000026c     UNINITIALIZED
                  20000000    0000026c     driverlib.lib : interrupt.obj (.vtable)

.bss       0    20000470    00000087     UNINITIALIZED
                  20000470    00000064     (.common:Buff)
                  200004d4    00000010     (.common:str)
                  200004e4    00000008     main.obj (.bss:Mfrc522)
                  200004ec    00000008     (.common:card_id)
                  200004f4    00000001     (.common:AntennaGain)
                  200004f5    00000001     (.common:Version)
                  200004f6    00000001     (.common:status)

.data      0    200004f8    00000011     UNINITIALIZED
                  200004f8    0000000a     main.obj (.data)
                  20000502    00000002     --HOLE--
                  20000504    00000005     uartstudio.obj (.data)

.stack     0    20000270    00000200     UNINITIALIZED
                  20000270    00000004     rtsv7M4_T_le_v4SPD16_eabi.lib : boot_cortex_m.c.obj (.stack)
                  20000274    000001fc     --HOLE--

__llvm_prf_cnts 
*          0    20000000    00000000     UNINITIALIZED

MODULE SUMMARY

       Module                         code   ro data   rw data
       ------                         ----   -------   -------
    .\
       main.obj                       1264   4         145    
       uartstudio.obj                 1180   46        5      
       tm4c123gh6pm_startup_ccs.obj   12     620       0      
    +--+------------------------------+------+---------+---------+
       Total:                         2456   670       150    
                                                              
    .\Library\
       Mfrc522.obj                    2052   0         0      
       lcd.obj                        1268   0         0      
    +--+------------------------------+------+---------+---------+
       Total:                         3320   0         0      
                                                              
    D:/ti/TivaWare_C_Series-2.1.2.111/driverlib/ccs/Debug/driverlib.lib
       interrupt.obj                  188    112       620    
       sysctl.obj                     630    108       0      
       gpio.obj                       486    144       0      
       uart.obj                       272    128       0      
       ssi.obj                        118    0         0      
       cpu.obj                        24     0         0      
    +--+------------------------------+------+---------+---------+
       Total:                         1718   492       620    
                                                              
    D:\ti\ccs1031\ccs\tools\compiler\ti-cgt-arm_20.2.4.LTS\lib\rtsv7M4_T_le_v4SPD16_eabi.lib
       memcpy_t2.asm.obj              156    0         0      
       copy_decompress_lzss.c.obj     104    0         0      
       autoinit.c.obj                 96     0         0      
       u_divt2.asm.obj                64     0         0      
       boot_cortex_m.c.obj            52     0         0      
       copy_zero_init.c.obj           28     0         0      
       copy_decompress_none.c.obj     14     0         0      
       exit.c.obj                     4      0         0      
       pre_init.c.obj                 4      0         0      
       div0.asm.obj                   2      0         0      
    +--+------------------------------+------+---------+---------+
       Total:                         524    0         0      
                                                              
       Stack:                         0      0         512    
       Linker Generated:              0      65        0      
    +--+------------------------------+------+---------+---------+
       Grand Total:                   8018   1227      1282   


LINKER GENERATED COPY TABLES

__TI_cinit_table @ 00002418 records: 3, size/record: 8, table size: 24
	.data: load addr=000023e8, load size=0000000d bytes, run addr=200004f8, run size=00000011 bytes, compression=lzss
	.bss: load addr=00002408, load size=00000008 bytes, run addr=20000470, run size=00000087 bytes, compression=zero_init
	.vtable: load addr=00002410, load size=00000008 bytes, run addr=20000000, run size=0000026c bytes, compression=zero_init


LINKER GENERATED HANDLER TABLE

__TI_handler_table @ 000023f8 records: 3, size/record: 4, table size: 12
	index: 0, handler: __TI_zero_init
	index: 1, handler: __TI_decompress_lzss
	index: 2, handler: __TI_decompress_none


GLOBAL SYMBOLS: SORTED ALPHABETICALLY BY Name 

address   name                           
-------   ----                           
200004f4  AntennaGain                    
20000470  Buff                           
000021bf  C$$EXIT                        
00002133  CPUcpsid                       
0000213f  CPUcpsie                       
00002015  GPIODirModeSet                 
000018f1  GPIOPadConfigSet               
00001df5  GPIOPinConfigure               
0000207d  GPIOPinTypeGPIOOutput          
000020c1  GPIOPinTypeSSI                 
000020d3  GPIOPinTypeUART                
000021a5  GPIOPinWrite                   
00001cc5  IntEnable                      
000020f7  IntMasterDisable               
00002107  IntMasterEnable                
00001f79  IntRegister                    
200004e4  Mfrc522                        
200004fc  NRSTPD                         
00002157  ResetISR                       
000023e0  SHT$$INIT_ARRAY$$Base          
000023e4  SHT$$INIT_ARRAY$$Limit         
00002195  SSIBusy                        
00001f05  SSIConfigSetExpClk             
0000214b  SSIDataGet                     
000020e5  SSIDataGetNonBlocking          
00002163  SSIDataPut                     
0000216d  SSIEnable                      
00001a25  SysCtlClockGet                 
00001b35  SysCtlClockSet                 
000021ab  SysCtlDelay                    
00001fad  SysCtlPeripheralEnable         
00001f41  SysCtlPeripheralPresent        
00002177  UARTCharGet                    
00002181  UARTCharPut                    
00002117  UARTCharsAvail                 
000021b1  UARTClockSourceSet             
00001e3d  UARTConfigSetExpClk            
00002041  UARTDisable                    
000020ad  UARTEnable                     
000021b7  UARTIntClear                   
0000219d  UARTIntEnable                  
00002095  UARTIntRegister                
0000218b  UARTIntStatus                  
00001455  UARTStdioConfig                
0000159b  UARTgetc                       
000014e1  UARTgets                       
000018bb  UARTprintf                     
000015c1  UARTvprintf                    
0000149b  UARTwrite                      
200004f5  Version                        
00000ce1  _Z10lcd_gotoxyhh               
00001061  _Z11InitConsolev               
000013dd  _Z11lcd_defaultv               
00000db1  _Z11lcd_put_nummch             
0000026d  _Z12SPI_transferh              
00001005  _Z12UARTSendDataPhi            
00000d85  _Z12lcd_clr_putsPKcS0_         
00000bf5  _Z12lcd_delay_msm              
00000bd7  _Z12lcd_delay_usm              
00000a71  _Z12lcd_put_bytehh             
00000f8d  _Z13UARTGetBufferPc            
00001033  _Z16UARTSendData8bitPhi        
00001229  _Z19lcdPrintInformationPhi     
000010b3  _Z7InitSSIv                    
00000c15  _Z8lcd_initv                   
00000d25  _Z8lcd_putcc                   
00000d69  _Z8lcd_putsPKc                 
00000ff3  _Z9init_LEDsv                  
00000ccf  _Z9lcd_clearv                  
000003c1  _ZN7Mfrc52210AntennaOffEv      
0000033b  _ZN7Mfrc52210SetBitMaskEhh     
0000094f  _ZN7Mfrc52210WriteBlockEhPh    
00000701  _ZN7Mfrc52211CalulateCRCEPhhS0_
0000036b  _ZN7Mfrc52212ClearBitMaskEhh   
00000835  _ZN7Mfrc5224AuthEhhPhS0_       
00000a33  _ZN7Mfrc5224HaltEv             
000003e1  _ZN7Mfrc5224InitEv             
000003d1  _ZN7Mfrc5225ResetEv            
00000499  _ZN7Mfrc5226ToCardEhPhhS0_Pj   
000002f5  _ZN7Mfrc5227ReadRegEh          
0000043d  _ZN7Mfrc5227RequestEhPh        
00000667  _ZN7Mfrc5228AnticollEPh        
000002b7  _ZN7Mfrc5228WriteRegEhh        
0000039b  _ZN7Mfrc5229AntennaOnEv        
000008f3  _ZN7Mfrc5229ReadBlockEhPh      
000007a3  _ZN7Mfrc5229SelectTagEPh       
0000029b  _ZN7Mfrc522C1Eii               
0000029b  _ZN7Mfrc522C2Eii               
20000470  __STACK_END                    
00000200  __STACK_SIZE                   
20000470  __STACK_TOP                    
00002418  __TI_CINIT_Base                
00002430  __TI_CINIT_Limit               
000023f8  __TI_Handler_Table_Base        
00002404  __TI_Handler_Table_Limit       
00001d95  __TI_auto_init_nobinit         
00001d2d  __TI_decompress_lzss           
00002125  __TI_decompress_none           
ffffffff  __TI_pprof_out_hndl            
ffffffff  __TI_prof_data_size            
ffffffff  __TI_prof_data_start           
00000000  __TI_static_base__             
00002061  __TI_zero_init_nomemset        
00001a23  __aeabi_idiv0                  
00001a23  __aeabi_ldiv0                  
00001c29  __aeabi_memcpy                 
00001c29  __aeabi_memcpy4                
00001c29  __aeabi_memcpy8                
00001ec5  __aeabi_uidiv                  
00001ec5  __aeabi_uidivmod               
ffffffff  __binit__                      
ffffffff  __c_args__                     
UNDEFED   __mpu_init                     
20000270  __stack                        
20000000  __start___llvm_prf_cnts        
000013fd  __sti___6_main_c_c07e2482      
20000000  __stop___llvm_prf_cnts         
00001fe1  _c_int00_noargs                
UNDEFED   _system_post_cinit             
000021bb  _system_pre_init               
000021bf  abort                          
ffffffff  binit                          
200004ec  card_id                        
200004f8  chipSelectPin                  
20000000  g_pfnRAMVectors                
00000000  g_pfnVectors                   
0000111d  main                           
00001c29  memcpy                         
200004f6  status                         
200004d4  str                            


GLOBAL SYMBOLS: SORTED BY Symbol Address 

address   name                           
-------   ----                           
00000000  __TI_static_base__             
00000000  g_pfnVectors                   
00000200  __STACK_SIZE                   
0000026d  _Z12SPI_transferh              
0000029b  _ZN7Mfrc522C1Eii               
0000029b  _ZN7Mfrc522C2Eii               
000002b7  _ZN7Mfrc5228WriteRegEhh        
000002f5  _ZN7Mfrc5227ReadRegEh          
0000033b  _ZN7Mfrc52210SetBitMaskEhh     
0000036b  _ZN7Mfrc52212ClearBitMaskEhh   
0000039b  _ZN7Mfrc5229AntennaOnEv        
000003c1  _ZN7Mfrc52210AntennaOffEv      
000003d1  _ZN7Mfrc5225ResetEv            
000003e1  _ZN7Mfrc5224InitEv             
0000043d  _ZN7Mfrc5227RequestEhPh        
00000499  _ZN7Mfrc5226ToCardEhPhhS0_Pj   
00000667  _ZN7Mfrc5228AnticollEPh        
00000701  _ZN7Mfrc52211CalulateCRCEPhhS0_
000007a3  _ZN7Mfrc5229SelectTagEPh       
00000835  _ZN7Mfrc5224AuthEhhPhS0_       
000008f3  _ZN7Mfrc5229ReadBlockEhPh      
0000094f  _ZN7Mfrc52210WriteBlockEhPh    
00000a33  _ZN7Mfrc5224HaltEv             
00000a71  _Z12lcd_put_bytehh             
00000bd7  _Z12lcd_delay_usm              
00000bf5  _Z12lcd_delay_msm              
00000c15  _Z8lcd_initv                   
00000ccf  _Z9lcd_clearv                  
00000ce1  _Z10lcd_gotoxyhh               
00000d25  _Z8lcd_putcc                   
00000d69  _Z8lcd_putsPKc                 
00000d85  _Z12lcd_clr_putsPKcS0_         
00000db1  _Z11lcd_put_nummch             
00000f8d  _Z13UARTGetBufferPc            
00000ff3  _Z9init_LEDsv                  
00001005  _Z12UARTSendDataPhi            
00001033  _Z16UARTSendData8bitPhi        
00001061  _Z11InitConsolev               
000010b3  _Z7InitSSIv                    
0000111d  main                           
00001229  _Z19lcdPrintInformationPhi     
000013dd  _Z11lcd_defaultv               
000013fd  __sti___6_main_c_c07e2482      
00001455  UARTStdioConfig                
0000149b  UARTwrite                      
000014e1  UARTgets                       
0000159b  UARTgetc                       
000015c1  UARTvprintf                    
000018bb  UARTprintf                     
000018f1  GPIOPadConfigSet               
00001a23  __aeabi_idiv0                  
00001a23  __aeabi_ldiv0                  
00001a25  SysCtlClockGet                 
00001b35  SysCtlClockSet                 
00001c29  __aeabi_memcpy                 
00001c29  __aeabi_memcpy4                
00001c29  __aeabi_memcpy8                
00001c29  memcpy                         
00001cc5  IntEnable                      
00001d2d  __TI_decompress_lzss           
00001d95  __TI_auto_init_nobinit         
00001df5  GPIOPinConfigure               
00001e3d  UARTConfigSetExpClk            
00001ec5  __aeabi_uidiv                  
00001ec5  __aeabi_uidivmod               
00001f05  SSIConfigSetExpClk             
00001f41  SysCtlPeripheralPresent        
00001f79  IntRegister                    
00001fad  SysCtlPeripheralEnable         
00001fe1  _c_int00_noargs                
00002015  GPIODirModeSet                 
00002041  UARTDisable                    
00002061  __TI_zero_init_nomemset        
0000207d  GPIOPinTypeGPIOOutput          
00002095  UARTIntRegister                
000020ad  UARTEnable                     
000020c1  GPIOPinTypeSSI                 
000020d3  GPIOPinTypeUART                
000020e5  SSIDataGetNonBlocking          
000020f7  IntMasterDisable               
00002107  IntMasterEnable                
00002117  UARTCharsAvail                 
00002125  __TI_decompress_none           
00002133  CPUcpsid                       
0000213f  CPUcpsie                       
0000214b  SSIDataGet                     
00002157  ResetISR                       
00002163  SSIDataPut                     
0000216d  SSIEnable                      
00002177  UARTCharGet                    
00002181  UARTCharPut                    
0000218b  UARTIntStatus                  
00002195  SSIBusy                        
0000219d  UARTIntEnable                  
000021a5  GPIOPinWrite                   
000021ab  SysCtlDelay                    
000021b1  UARTClockSourceSet             
000021b7  UARTIntClear                   
000021bb  _system_pre_init               
000021bf  C$$EXIT                        
000021bf  abort                          
000023e0  SHT$$INIT_ARRAY$$Base          
000023e4  SHT$$INIT_ARRAY$$Limit         
000023f8  __TI_Handler_Table_Base        
00002404  __TI_Handler_Table_Limit       
00002418  __TI_CINIT_Base                
00002430  __TI_CINIT_Limit               
20000000  __start___llvm_prf_cnts        
20000000  __stop___llvm_prf_cnts         
20000000  g_pfnRAMVectors                
20000270  __stack                        
20000470  Buff                           
20000470  __STACK_END                    
20000470  __STACK_TOP                    
200004d4  str                            
200004e4  Mfrc522                        
200004ec  card_id                        
200004f4  AntennaGain                    
200004f5  Version                        
200004f6  status                         
200004f8  chipSelectPin                  
200004fc  NRSTPD                         
ffffffff  __TI_pprof_out_hndl            
ffffffff  __TI_prof_data_size            
ffffffff  __TI_prof_data_start           
ffffffff  __binit__                      
ffffffff  __c_args__                     
ffffffff  binit                          
UNDEFED   __mpu_init                     
UNDEFED   _system_post_cinit             

[130 symbols]
