******************************************************************************
                  TI ARM Linker PC v20.2.6                     
******************************************************************************
>> Linked Sat Dec 31 23:16:14 2022

OUTPUT FILE NAME:   <LedConTrol.out>
ENTRY POINT SYMBOL: "_c_int00_noargs"  address: 0000212d


MEMORY CONFIGURATION

         name            origin    length      used     unused   attr    fill
----------------------  --------  ---------  --------  --------  ----  --------
  FLASH                 00000000   00040000  00002576  0003da8a  R  X
  SRAM                  20000000   00008000  00000504  00007afc  RW X


SEGMENT ALLOCATION MAP

run origin  load origin   length   init length attrs members
----------  ----------- ---------- ----------- ----- -------
00000000    00000000    00002578   00002578    r-x
  00000000    00000000    0000026c   0000026c    r-- .intvecs
  0000026c    0000026c    000020a2   000020a2    r-x .text
  00002310    00002310    0000021c   0000021c    r-- .const
  0000252c    0000252c    00000004   00000004    r-- .init_array
  00002530    00002530    00000048   00000048    r-- .cinit
20000000    20000000    00000509   00000000    rw-
  20000000    20000000    0000026c   00000000    rw- .vtable
  20000270    20000270    00000200   00000000    rw- .stack
  20000470    20000470    00000087   00000000    rw- .bss
  200004f8    200004f8    00000011   00000000    rw- .data


SECTION ALLOCATION MAP

 output                                  attributes/
section   page    origin      length       input sections
--------  ----  ----------  ----------   ----------------
.intvecs   0    00000000    0000026c     
                  00000000    0000026c     tm4c123gh6pm_startup_ccs.obj (.intvecs)

.text      0    0000026c    000020a2     
                  0000026c    00000804     Mfrc522.obj (.text)
                  00000a70    0000063c     main.obj (.text)
                  000010ac    000004f4     lcd.obj (.text)
                  000015a0    0000049c     uartstudio.obj (.text)
                  00001a3c    00000132     driverlib.lib : gpio.obj (.text:GPIOPadConfigSet)
                  00001b6e    00000002     rtsv7M4_T_le_v4SPD16_eabi.lib : div0.asm.obj (.text)
                  00001b70    00000110     driverlib.lib : sysctl.obj (.text:SysCtlClockGet)
                  00001c80    000000f4                   : sysctl.obj (.text:SysCtlClockSet)
                  00001d74    0000009c     rtsv7M4_T_le_v4SPD16_eabi.lib : memcpy_t2.asm.obj (.text)
                  00001e10    00000068     driverlib.lib : interrupt.obj (.text:IntEnable)
                  00001e78    00000068     rtsv7M4_T_le_v4SPD16_eabi.lib : copy_decompress_lzss.c.obj (.text:decompress:lzss:__TI_decompress_lzss)
                  00001ee0    00000060                                   : autoinit.c.obj (.text:__TI_auto_init_nobinit:__TI_auto_init_nobinit)
                  00001f40    00000048     driverlib.lib : gpio.obj (.text:GPIOPinConfigure)
                  00001f88    00000046                   : uart.obj (.text:UARTConfigSetExpClk)
                  00001fce    00000002     --HOLE-- [fill = 0]
                  00001fd0    00000040                   : uart.obj (.text:_UARTIntNumberGet)
                  00002010    00000040     rtsv7M4_T_le_v4SPD16_eabi.lib : u_divt2.asm.obj (.text)
                  00002050    0000003c     driverlib.lib : ssi.obj (.text:SSIConfigSetExpClk)
                  0000208c    00000038                   : sysctl.obj (.text:SysCtlPeripheralPresent)
                  000020c4    00000034                   : interrupt.obj (.text:IntRegister)
                  000020f8    00000034                   : sysctl.obj (.text:SysCtlPeripheralEnable)
                  0000212c    00000034     rtsv7M4_T_le_v4SPD16_eabi.lib : boot_cortex_m.c.obj (.text:_c_int00_noargs:_c_int00_noargs)
                  00002160    0000002a     driverlib.lib : gpio.obj (.text:GPIODirModeSet)
                  0000218a    00000002     --HOLE-- [fill = 0]
                  0000218c    00000020                   : uart.obj (.text:UARTDisable)
                  000021ac    0000001c     rtsv7M4_T_le_v4SPD16_eabi.lib : copy_zero_init.c.obj (.text:decompress:ZI:__TI_zero_init_nomemset:__TI_zero_init_nomemset)
                  000021c8    00000018     driverlib.lib : gpio.obj (.text:GPIOPinTypeGPIOOutput)
                  000021e0    00000018                   : uart.obj (.text:UARTIntRegister)
                  000021f8    00000014                   : uart.obj (.text:UARTEnable)
                  0000220c    00000012                   : gpio.obj (.text:GPIOPinTypeSSI)
                  0000221e    00000012                   : gpio.obj (.text:GPIOPinTypeUART)
                  00002230    00000012                   : ssi.obj (.text:SSIDataGetNonBlocking)
                  00002242    00000010                   : interrupt.obj (.text:IntMasterDisable)
                  00002252    00000010                   : interrupt.obj (.text:IntMasterEnable)
                  00002262    0000000e                   : uart.obj (.text:UARTCharsAvail)
                  00002270    0000000e     rtsv7M4_T_le_v4SPD16_eabi.lib : copy_decompress_none.c.obj (.text:decompress:none:__TI_decompress_none)
                  0000227e    0000000c     driverlib.lib : cpu.obj (.text:CPUcpsid)
                  0000228a    0000000c                   : cpu.obj (.text:CPUcpsie)
                  00002296    0000000c                   : ssi.obj (.text:SSIDataGet)
                  000022a2    0000000c     tm4c123gh6pm_startup_ccs.obj (.text)
                  000022ae    0000000a     driverlib.lib : ssi.obj (.text:SSIDataPut)
                  000022b8    0000000a                   : ssi.obj (.text:SSIEnable)
                  000022c2    0000000a                   : uart.obj (.text:UARTCharGet)
                  000022cc    0000000a                   : uart.obj (.text:UARTCharPut)
                  000022d6    0000000a                   : uart.obj (.text:UARTIntStatus)
                  000022e0    00000008                   : ssi.obj (.text:SSIBusy)
                  000022e8    00000008                   : uart.obj (.text:UARTIntEnable)
                  000022f0    00000006                   : gpio.obj (.text:GPIOPinWrite)
                  000022f6    00000006                   : sysctl.obj (.text:SysCtlDelay)
                  000022fc    00000006                   : uart.obj (.text:UARTClockSourceSet)
                  00002302    00000004                   : uart.obj (.text:UARTIntClear)
                  00002306    00000004     rtsv7M4_T_le_v4SPD16_eabi.lib : pre_init.c.obj (.text:_system_pre_init)
                  0000230a    00000004                                   : exit.c.obj (.text:abort:abort)

.const     0    00002310    0000021c     
                  00002310    00000090     driverlib.lib : gpio.obj (.const:g_pui32GPIOBaseAddrs)
                  000023a0    00000070                   : interrupt.obj (.const)
                  00002410    0000006c                   : sysctl.obj (.const:g_pui32Xtals)
                  0000247c    00000040                   : uart.obj (.const:g_ppui32UARTIntMap)
                  000024bc    00000040                   : uart.obj (.const:g_ppui32UARTIntMapSnowflake)
                  000024fc    00000012     uartstudio.obj (.const:.string)
                  0000250e    00000002     --HOLE-- [fill = 0]
                  00002510    0000000c     uartstudio.obj (.const:g_ui32UARTBase)
                  0000251c    0000000c     uartstudio.obj (.const:g_ui32UARTPeriph)
                  00002528    00000004     uartstudio.obj (.const)

.cinit     0    00002530    00000048     
                  00002530    0000000d     (.cinit..data.load) [load image, compression = lzss]
                  0000253d    00000003     --HOLE-- [fill = 0]
                  00002540    0000000c     (__TI_handler_table)
                  0000254c    00000004     --HOLE-- [fill = 0]
                  00002550    00000008     (.cinit..bss.load) [load image, compression = zero_init]
                  00002558    00000008     (.cinit..vtable.load) [load image, compression = zero_init]
                  00002560    00000018     (__TI_cinit_table)

.init_array 
*          0    0000252c    00000004     
                  0000252c    00000004     main.obj (.init_array)

.vtable    0    20000000    0000026c     UNINITIALIZED
                  20000000    0000026c     driverlib.lib : interrupt.obj (.vtable)

.bss       0    20000470    00000087     UNINITIALIZED
                  20000470    00000064     (.common:Buff)
                  200004d4    00000010     (.common:str)
                  200004e4    00000008     main.obj (.bss:Mfrc522)
                  200004ec    00000008     (.common:card_id)
                  200004f4    00000001     (.common:AntennaGain)
                  200004f5    00000001     (.common:Version)
                  200004f6    00000001     (.common:status)

.data      0    200004f8    00000011     UNINITIALIZED
                  200004f8    0000000a     main.obj (.data)
                  20000502    00000002     --HOLE--
                  20000504    00000005     uartstudio.obj (.data)

.stack     0    20000270    00000200     UNINITIALIZED
                  20000270    00000004     rtsv7M4_T_le_v4SPD16_eabi.lib : boot_cortex_m.c.obj (.stack)
                  20000274    000001fc     --HOLE--

__llvm_prf_cnts 
*          0    20000000    00000000     UNINITIALIZED

MODULE SUMMARY

       Module                         code   ro data   rw data
       ------                         ----   -------   -------
    .\
       main.obj                       1596   4         145    
       uartstudio.obj                 1180   46        5      
       tm4c123gh6pm_startup_ccs.obj   12     620       0      
    +--+------------------------------+------+---------+---------+
       Total:                         2788   670       150    
                                                              
    .\Library\
       Mfrc522.obj                    2052   0         0      
       lcd.obj                        1268   0         0      
    +--+------------------------------+------+---------+---------+
       Total:                         3320   0         0      
                                                              
    C:/ti/TivaWare_C_Series-2.1.2.111/driverlib/ccs/Debug/driverlib.lib
       interrupt.obj                  188    112       620    
       sysctl.obj                     630    108       0      
       gpio.obj                       486    144       0      
       uart.obj                       272    128       0      
       ssi.obj                        118    0         0      
       cpu.obj                        24     0         0      
    +--+------------------------------+------+---------+---------+
       Total:                         1718   492       620    
                                                              
    C:\ti\ccs1200\ccs\tools\compiler\ti-cgt-arm_20.2.6.LTS\lib\rtsv7M4_T_le_v4SPD16_eabi.lib
       memcpy_t2.asm.obj              156    0         0      
       copy_decompress_lzss.c.obj     104    0         0      
       autoinit.c.obj                 96     0         0      
       u_divt2.asm.obj                64     0         0      
       boot_cortex_m.c.obj            52     0         0      
       copy_zero_init.c.obj           28     0         0      
       copy_decompress_none.c.obj     14     0         0      
       exit.c.obj                     4      0         0      
       pre_init.c.obj                 4      0         0      
       div0.asm.obj                   2      0         0      
    +--+------------------------------+------+---------+---------+
       Total:                         524    0         0      
                                                              
       Stack:                         0      0         512    
       Linker Generated:              0      65        0      
    +--+------------------------------+------+---------+---------+
       Grand Total:                   8350   1227      1282   


LINKER GENERATED COPY TABLES

__TI_cinit_table @ 00002560 records: 3, size/record: 8, table size: 24
	.data: load addr=00002530, load size=0000000d bytes, run addr=200004f8, run size=00000011 bytes, compression=lzss
	.bss: load addr=00002550, load size=00000008 bytes, run addr=20000470, run size=00000087 bytes, compression=zero_init
	.vtable: load addr=00002558, load size=00000008 bytes, run addr=20000000, run size=0000026c bytes, compression=zero_init


LINKER GENERATED HANDLER TABLE

__TI_handler_table @ 00002540 records: 3, size/record: 4, table size: 12
	index: 0, handler: __TI_zero_init
	index: 1, handler: __TI_decompress_lzss
	index: 2, handler: __TI_decompress_none


GLOBAL SYMBOLS: SORTED ALPHABETICALLY BY Name 

address   name                           
-------   ----                           
200004f4  AntennaGain                    
20000470  Buff                           
0000230b  C$$EXIT                        
0000227f  CPUcpsid                       
0000228b  CPUcpsie                       
00002161  GPIODirModeSet                 
00001a3d  GPIOPadConfigSet               
00001f41  GPIOPinConfigure               
000021c9  GPIOPinTypeGPIOOutput          
0000220d  GPIOPinTypeSSI                 
0000221f  GPIOPinTypeUART                
000022f1  GPIOPinWrite                   
00001e11  IntEnable                      
00002243  IntMasterDisable               
00002253  IntMasterEnable                
000020c5  IntRegister                    
200004e4  Mfrc522                        
200004fc  NRSTPD                         
000022a3  ResetISR                       
0000252c  SHT$$INIT_ARRAY$$Base          
00002530  SHT$$INIT_ARRAY$$Limit         
000022e1  SSIBusy                        
00002051  SSIConfigSetExpClk             
00002297  SSIDataGet                     
00002231  SSIDataGetNonBlocking          
000022af  SSIDataPut                     
000022b9  SSIEnable                      
00001b71  SysCtlClockGet                 
00001c81  SysCtlClockSet                 
000022f7  SysCtlDelay                    
000020f9  SysCtlPeripheralEnable         
0000208d  SysCtlPeripheralPresent        
000022c3  UARTCharGet                    
000022cd  UARTCharPut                    
00002263  UARTCharsAvail                 
000022fd  UARTClockSourceSet             
00001f89  UARTConfigSetExpClk            
0000218d  UARTDisable                    
000021f9  UARTEnable                     
00002303  UARTIntClear                   
000022e9  UARTIntEnable                  
000021e1  UARTIntRegister                
000022d7  UARTIntStatus                  
000015a1  UARTStdioConfig                
000016e7  UARTgetc                       
0000162d  UARTgets                       
00001a07  UARTprintf                     
0000170d  UARTvprintf                    
000015e7  UARTwrite                      
200004f5  Version                        
0000131d  _Z10lcd_gotoxyhh               
00000b7b  _Z11InitConsolev               
0000101b  _Z11lcd_defaultv               
000013ed  _Z11lcd_put_nummch             
0000026d  _Z12SPI_transferh              
00000b1f  _Z12UARTSendDataPhi            
000013c1  _Z12lcd_clr_putsPKcS0_         
00001231  _Z12lcd_delay_msm              
00001213  _Z12lcd_delay_usm              
000010ad  _Z12lcd_put_bytehh             
00000a99  _Z13UARTGetBufferPc            
00000b4d  _Z16UARTSendData8bitPhi        
00000d85  _Z19lcdPrintInformationPhi     
00000bcd  _Z7InitSSIv                    
00001251  _Z8lcd_initv                   
00001361  _Z8lcd_putcc                   
000013a5  _Z8lcd_putsPKc                 
00000aff  _Z9init_LEDsv                  
0000130b  _Z9lcd_clearv                  
000003c1  _ZN7Mfrc52210AntennaOffEv      
0000033b  _ZN7Mfrc52210SetBitMaskEhh     
0000094f  _ZN7Mfrc52210WriteBlockEhPh    
00000701  _ZN7Mfrc52211CalulateCRCEPhhS0_
0000036b  _ZN7Mfrc52212ClearBitMaskEhh   
00000835  _ZN7Mfrc5224AuthEhhPhS0_       
00000a33  _ZN7Mfrc5224HaltEv             
000003e1  _ZN7Mfrc5224InitEv             
000003d1  _ZN7Mfrc5225ResetEv            
00000499  _ZN7Mfrc5226ToCardEhPhhS0_Pj   
000002f5  _ZN7Mfrc5227ReadRegEh          
0000043d  _ZN7Mfrc5227RequestEhPh        
00000667  _ZN7Mfrc5228AnticollEPh        
000002b7  _ZN7Mfrc5228WriteRegEhh        
0000039b  _ZN7Mfrc5229AntennaOnEv        
000008f3  _ZN7Mfrc5229ReadBlockEhPh      
000007a3  _ZN7Mfrc5229SelectTagEPh       
0000029b  _ZN7Mfrc522C1Eii               
0000029b  _ZN7Mfrc522C2Eii               
20000470  __STACK_END                    
00000200  __STACK_SIZE                   
20000470  __STACK_TOP                    
00002560  __TI_CINIT_Base                
00002578  __TI_CINIT_Limit               
00002540  __TI_Handler_Table_Base        
0000254c  __TI_Handler_Table_Limit       
00001ee1  __TI_auto_init_nobinit         
00001e79  __TI_decompress_lzss           
00002271  __TI_decompress_none           
ffffffff  __TI_pprof_out_hndl            
ffffffff  __TI_prof_data_size            
ffffffff  __TI_prof_data_start           
00000000  __TI_static_base__             
000021ad  __TI_zero_init_nomemset        
00001b6f  __aeabi_idiv0                  
00001b6f  __aeabi_ldiv0                  
00001d75  __aeabi_memcpy                 
00001d75  __aeabi_memcpy4                
00001d75  __aeabi_memcpy8                
00002011  __aeabi_uidiv                  
00002011  __aeabi_uidivmod               
ffffffff  __binit__                      
ffffffff  __c_args__                     
UNDEFED   __mpu_init                     
20000270  __stack                        
20000000  __start___llvm_prf_cnts        
0000103f  __sti___6_main_c_c07e2482      
20000000  __stop___llvm_prf_cnts         
0000212d  _c_int00_noargs                
UNDEFED   _system_post_cinit             
00002307  _system_pre_init               
0000230b  abort                          
ffffffff  binit                          
200004ec  card_id                        
200004f8  chipSelectPin                  
20000000  g_pfnRAMVectors                
00000000  g_pfnVectors                   
00000c37  main                           
00001d75  memcpy                         
200004f6  status                         
200004d4  str                            


GLOBAL SYMBOLS: SORTED BY Symbol Address 

address   name                           
-------   ----                           
00000000  __TI_static_base__             
00000000  g_pfnVectors                   
00000200  __STACK_SIZE                   
0000026d  _Z12SPI_transferh              
0000029b  _ZN7Mfrc522C1Eii               
0000029b  _ZN7Mfrc522C2Eii               
000002b7  _ZN7Mfrc5228WriteRegEhh        
000002f5  _ZN7Mfrc5227ReadRegEh          
0000033b  _ZN7Mfrc52210SetBitMaskEhh     
0000036b  _ZN7Mfrc52212ClearBitMaskEhh   
0000039b  _ZN7Mfrc5229AntennaOnEv        
000003c1  _ZN7Mfrc52210AntennaOffEv      
000003d1  _ZN7Mfrc5225ResetEv            
000003e1  _ZN7Mfrc5224InitEv             
0000043d  _ZN7Mfrc5227RequestEhPh        
00000499  _ZN7Mfrc5226ToCardEhPhhS0_Pj   
00000667  _ZN7Mfrc5228AnticollEPh        
00000701  _ZN7Mfrc52211CalulateCRCEPhhS0_
000007a3  _ZN7Mfrc5229SelectTagEPh       
00000835  _ZN7Mfrc5224AuthEhhPhS0_       
000008f3  _ZN7Mfrc5229ReadBlockEhPh      
0000094f  _ZN7Mfrc52210WriteBlockEhPh    
00000a33  _ZN7Mfrc5224HaltEv             
00000a99  _Z13UARTGetBufferPc            
00000aff  _Z9init_LEDsv                  
00000b1f  _Z12UARTSendDataPhi            
00000b4d  _Z16UARTSendData8bitPhi        
00000b7b  _Z11InitConsolev               
00000bcd  _Z7InitSSIv                    
00000c37  main                           
00000d85  _Z19lcdPrintInformationPhi     
0000101b  _Z11lcd_defaultv               
0000103f  __sti___6_main_c_c07e2482      
000010ad  _Z12lcd_put_bytehh             
00001213  _Z12lcd_delay_usm              
00001231  _Z12lcd_delay_msm              
00001251  _Z8lcd_initv                   
0000130b  _Z9lcd_clearv                  
0000131d  _Z10lcd_gotoxyhh               
00001361  _Z8lcd_putcc                   
000013a5  _Z8lcd_putsPKc                 
000013c1  _Z12lcd_clr_putsPKcS0_         
000013ed  _Z11lcd_put_nummch             
000015a1  UARTStdioConfig                
000015e7  UARTwrite                      
0000162d  UARTgets                       
000016e7  UARTgetc                       
0000170d  UARTvprintf                    
00001a07  UARTprintf                     
00001a3d  GPIOPadConfigSet               
00001b6f  __aeabi_idiv0                  
00001b6f  __aeabi_ldiv0                  
00001b71  SysCtlClockGet                 
00001c81  SysCtlClockSet                 
00001d75  __aeabi_memcpy                 
00001d75  __aeabi_memcpy4                
00001d75  __aeabi_memcpy8                
00001d75  memcpy                         
00001e11  IntEnable                      
00001e79  __TI_decompress_lzss           
00001ee1  __TI_auto_init_nobinit         
00001f41  GPIOPinConfigure               
00001f89  UARTConfigSetExpClk            
00002011  __aeabi_uidiv                  
00002011  __aeabi_uidivmod               
00002051  SSIConfigSetExpClk             
0000208d  SysCtlPeripheralPresent        
000020c5  IntRegister                    
000020f9  SysCtlPeripheralEnable         
0000212d  _c_int00_noargs                
00002161  GPIODirModeSet                 
0000218d  UARTDisable                    
000021ad  __TI_zero_init_nomemset        
000021c9  GPIOPinTypeGPIOOutput          
000021e1  UARTIntRegister                
000021f9  UARTEnable                     
0000220d  GPIOPinTypeSSI                 
0000221f  GPIOPinTypeUART                
00002231  SSIDataGetNonBlocking          
00002243  IntMasterDisable               
00002253  IntMasterEnable                
00002263  UARTCharsAvail                 
00002271  __TI_decompress_none           
0000227f  CPUcpsid                       
0000228b  CPUcpsie                       
00002297  SSIDataGet                     
000022a3  ResetISR                       
000022af  SSIDataPut                     
000022b9  SSIEnable                      
000022c3  UARTCharGet                    
000022cd  UARTCharPut                    
000022d7  UARTIntStatus                  
000022e1  SSIBusy                        
000022e9  UARTIntEnable                  
000022f1  GPIOPinWrite                   
000022f7  SysCtlDelay                    
000022fd  UARTClockSourceSet             
00002303  UARTIntClear                   
00002307  _system_pre_init               
0000230b  C$$EXIT                        
0000230b  abort                          
0000252c  SHT$$INIT_ARRAY$$Base          
00002530  SHT$$INIT_ARRAY$$Limit         
00002540  __TI_Handler_Table_Base        
0000254c  __TI_Handler_Table_Limit       
00002560  __TI_CINIT_Base                
00002578  __TI_CINIT_Limit               
20000000  __start___llvm_prf_cnts        
20000000  __stop___llvm_prf_cnts         
20000000  g_pfnRAMVectors                
20000270  __stack                        
20000470  Buff                           
20000470  __STACK_END                    
20000470  __STACK_TOP                    
200004d4  str                            
200004e4  Mfrc522                        
200004ec  card_id                        
200004f4  AntennaGain                    
200004f5  Version                        
200004f6  status                         
200004f8  chipSelectPin                  
200004fc  NRSTPD                         
ffffffff  __TI_pprof_out_hndl            
ffffffff  __TI_prof_data_size            
ffffffff  __TI_prof_data_start           
ffffffff  __binit__                      
ffffffff  __c_args__                     
ffffffff  binit                          
UNDEFED   __mpu_init                     
UNDEFED   _system_post_cinit             

[130 symbols]
